2026-03-24 20:06:53:INFO:Start running cmcm...
2026-03-24 20:06:53:INFO:<Storage{'is_tune': False, 'train_mode': 'regression', 'modelName': 'cmcm', 'model_type': 'chatglm3', 'datasetName': 'mosei', 'root_dataset_dir': 'D:\\ProjectFiles\\exp_202603\\datasets', 'num_workers': 0, 'model_save_dir': 'D:\\ProjectFiles\\exp_202603\\results\\models', 'res_save_dir': 'D:\\ProjectFiles\\exp_202603\\results\results', 'pretrain_LM': 'D:\\ProjectFiles\\exp_202603\\models\\chatglm3-6b-base\\', 'gpu_ids': ['[', '0', ']'], 'seeds': [1111, 2222, 3333, 4444, 5555], 'dataPath': 'D:\\ProjectFiles\\exp_202603\\datasets\\MOSEI/Processed/unaligned_50.pkl', 'seq_lens': (50, 500, 375), 'feature_dims': (4096, 74, 35), 'train_samples': 16326, 'num_classes': 3, 'language': 'en', 'KeyEval': 'MAE', 'need_data_aligned': False, 'need_model_aligned': False, 'need_label_prefix': True, 'need_normalized': False, 'use_PLM': True, 'save_labels': False, 'task_specific_prompt': 'Please predict sentiment intensity of the above multimodal content in range [-3.0, 3.0]. response: The sentiment is', 'max_new_tokens': 4, 'pseudo_tokens': 4, 'batch_size': 8, 'learning_rate': 5e-05, 'a_lstm_hidden_size': 64, 'v_lstm_hidden_size': 32, 'a_lstm_layers': 1, 'v_lstm_layers': 1, 'a_lstm_dropout': 0.0, 'v_lstm_dropout': 0.0, 'warm_up_epochs': 30, 'gamma': 1, 'update_epochs': 1, 'early_stop': 10, 'H': 3.0, 'seed': 1111}>
2026-03-24 20:06:53:INFO:Let's use the GPU 3 !
2026-03-24 20:07:55:INFO:Start running cmcm...
2026-03-24 20:07:55:INFO:<Storage{'is_tune': False, 'train_mode': 'regression', 'modelName': 'cmcm', 'model_type': 'chatglm3', 'datasetName': 'mosei', 'root_dataset_dir': 'D:\\ProjectFiles\\exp_202603\\datasets', 'num_workers': 0, 'model_save_dir': 'D:\\ProjectFiles\\exp_202603\\results\\models', 'res_save_dir': 'D:\\ProjectFiles\\exp_202603\\results\results', 'pretrain_LM': 'D:\\ProjectFiles\\exp_202603\\models\\chatglm3-6b-base\\', 'gpu_ids': ['[', '0', ']'], 'seeds': [1111, 2222, 3333, 4444, 5555], 'dataPath': 'D:\\ProjectFiles\\exp_202603\\datasets\\MOSEI/Processed/unaligned_50.pkl', 'seq_lens': (50, 500, 375), 'feature_dims': (4096, 74, 35), 'train_samples': 16326, 'num_classes': 3, 'language': 'en', 'KeyEval': 'MAE', 'need_data_aligned': False, 'need_model_aligned': False, 'need_label_prefix': True, 'need_normalized': False, 'use_PLM': True, 'save_labels': False, 'task_specific_prompt': 'Please predict sentiment intensity of the above multimodal content in range [-3.0, 3.0]. response: The sentiment is', 'max_new_tokens': 4, 'pseudo_tokens': 4, 'batch_size': 8, 'learning_rate': 5e-05, 'a_lstm_hidden_size': 64, 'v_lstm_hidden_size': 32, 'a_lstm_layers': 1, 'v_lstm_layers': 1, 'a_lstm_dropout': 0.0, 'v_lstm_dropout': 0.0, 'warm_up_epochs': 30, 'gamma': 1, 'update_epochs': 1, 'early_stop': 10, 'H': 3.0, 'seed': 1111}>
2026-03-24 20:07:55:INFO:Let's use the GPU 3 !
2026-03-24 20:08:13:INFO:Start running cmcm...
2026-03-24 20:08:13:INFO:<Storage{'is_tune': False, 'train_mode': 'regression', 'modelName': 'cmcm', 'model_type': 'chatglm3', 'datasetName': 'mosei', 'root_dataset_dir': 'D:\\ProjectFiles\\exp_202603\\datasets', 'num_workers': 0, 'model_save_dir': 'D:\\ProjectFiles\\exp_202603\\results\\models', 'res_save_dir': 'D:\\ProjectFiles\\exp_202603\\results\results', 'pretrain_LM': 'D:\\ProjectFiles\\exp_202603\\models\\chatglm3-6b-base\\', 'gpu_ids': [], 'seeds': [1111, 2222, 3333, 4444, 5555], 'dataPath': 'D:\\ProjectFiles\\exp_202603\\datasets\\MOSEI/Processed/unaligned_50.pkl', 'seq_lens': (50, 500, 375), 'feature_dims': (4096, 74, 35), 'train_samples': 16326, 'num_classes': 3, 'language': 'en', 'KeyEval': 'MAE', 'need_data_aligned': False, 'need_model_aligned': False, 'need_label_prefix': True, 'need_normalized': False, 'use_PLM': True, 'save_labels': False, 'task_specific_prompt': 'Please predict sentiment intensity of the above multimodal content in range [-3.0, 3.0]. response: The sentiment is', 'max_new_tokens': 4, 'pseudo_tokens': 4, 'batch_size': 8, 'learning_rate': 5e-05, 'a_lstm_hidden_size': 64, 'v_lstm_hidden_size': 32, 'a_lstm_layers': 1, 'v_lstm_layers': 1, 'a_lstm_dropout': 0.0, 'v_lstm_dropout': 0.0, 'warm_up_epochs': 30, 'gamma': 1, 'update_epochs': 1, 'early_stop': 10, 'H': 3.0, 'seed': 1111}>
2026-03-24 20:10:59:INFO:Start running cmcm...
2026-03-24 20:10:59:INFO:<Storage{'is_tune': False, 'train_mode': 'regression', 'modelName': 'cmcm', 'model_type': 'chatglm3', 'datasetName': 'mosei', 'root_dataset_dir': '/root/autodl-tmp/datasets/', 'num_workers': 0, 'model_save_dir': '/root/autodl-tmp/results/models', 'res_save_dir': '/root/autodl-tmp/results/results', 'pretrain_LM': 'D:\\ProjectFiles\\exp_202603\\models\\chatglm3-6b-base\\', 'gpu_ids': [], 'seeds': [1111, 2222, 3333, 4444, 5555], 'dataPath': '/root/autodl-tmp/datasets/MOSEI/Processed/unaligned_50.pkl', 'seq_lens': (50, 500, 375), 'feature_dims': (4096, 74, 35), 'train_samples': 16326, 'num_classes': 3, 'language': 'en', 'KeyEval': 'MAE', 'need_data_aligned': False, 'need_model_aligned': False, 'need_label_prefix': True, 'need_normalized': False, 'use_PLM': True, 'save_labels': False, 'task_specific_prompt': 'Please predict sentiment intensity of the above multimodal content in range [-3.0, 3.0]. response: The sentiment is', 'max_new_tokens': 4, 'pseudo_tokens': 4, 'batch_size': 8, 'learning_rate': 5e-05, 'a_lstm_hidden_size': 64, 'v_lstm_hidden_size': 32, 'a_lstm_layers': 1, 'v_lstm_layers': 1, 'a_lstm_dropout': 0.0, 'v_lstm_dropout': 0.0, 'warm_up_epochs': 30, 'gamma': 1, 'update_epochs': 1, 'early_stop': 10, 'H': 3.0, 'seed': 1111}>
2026-03-24 20:10:59:INFO:Find gpu: 0, with memory: 866123776 left!
2026-03-24 20:10:59:INFO:Let's use the GPU 1 !
2026-03-24 20:12:40:INFO:Start running cmcm...
2026-03-24 20:12:40:INFO:<Storage{'is_tune': False, 'train_mode': 'classification', 'modelName': 'cmcm', 'model_type': 'chatglm3', 'datasetName': 'meld', 'root_dataset_dir': 'D:\\ProjectFiles\\exp_202603\\datasets/', 'num_workers': 0, 'model_save_dir': 'D:\\ProjectFiles\\exp_202603\results/models', 'res_save_dir': 'D:\\ProjectFiles\\exp_202603\results/results', 'pretrain_LM': 'D:\\ProjectFiles\\exp_202603\\models\\chatglm3-6b-base\\', 'gpu_ids': [], 'seeds': [1111, 2222, 3333, 4444, 5555], 'dataPath': 'D:\\ProjectFiles\\exp_202603\\datasets/MELD', 'seq_lens': (65, 157, 32), 'feature_dims': (4096, 64, 64), 'train_samples': 9992, 'num_classes': 3, 'language': 'en', 'KeyEval': 'weight_F1', 'need_data_aligned': False, 'need_model_aligned': False, 'need_label_prefix': True, 'need_normalized': False, 'use_PLM': True, 'save_labels': False, 'task_specific_prompt': 'Please recognize emotion of the above multimodal content from the target                                                 set <neutral:0, surprise:1, fear:2, sadness:3, joy:4, disgust:5, anger:6>. response: The emotion is', 'max_new_tokens': 2, 'pseudo_tokens': 4, 'label_index_mapping': {'neutral': 0, 'surprise': 1, 'fear': 2, 'sadness': 3, 'joy': 4, 'disgust': 5, 'anger': 6}, 'batch_size': 8, 'learning_rate': 5e-05, 'a_lstm_hidden_size': 64, 'v_lstm_hidden_size': 32, 'a_lstm_layers': 1, 'v_lstm_layers': 1, 'a_lstm_dropout': 0.0, 'v_lstm_dropout': 0.0, 'warm_up_epochs': 90, 'gamma': 1, 'update_epochs': 1, 'early_stop': 8, 'H': 3.0, 'seed': 1111}>
2026-03-24 20:13:52:INFO:Start running cmcm...
2026-03-24 20:13:52:INFO:<Storage{'is_tune': False, 'train_mode': 'classification', 'modelName': 'cmcm', 'model_type': 'chatglm3', 'datasetName': 'meld', 'root_dataset_dir': 'D:\\ProjectFiles\\exp_202603\\datasets/', 'num_workers': 0, 'model_save_dir': 'D:\\ProjectFiles\\exp_202603\\results/models', 'res_save_dir': 'D:\\ProjectFiles\\exp_202603\\results/results', 'pretrain_LM': 'D:\\ProjectFiles\\exp_202603\\models\\chatglm3-6b-base\\', 'gpu_ids': [], 'seeds': [1111, 2222, 3333, 4444, 5555], 'dataPath': 'D:\\ProjectFiles\\exp_202603\\datasets/MELD', 'seq_lens': (65, 157, 32), 'feature_dims': (4096, 64, 64), 'train_samples': 9992, 'num_classes': 3, 'language': 'en', 'KeyEval': 'weight_F1', 'need_data_aligned': False, 'need_model_aligned': False, 'need_label_prefix': True, 'need_normalized': False, 'use_PLM': True, 'save_labels': False, 'task_specific_prompt': 'Please recognize emotion of the above multimodal content from the target                                                 set <neutral:0, surprise:1, fear:2, sadness:3, joy:4, disgust:5, anger:6>. response: The emotion is', 'max_new_tokens': 2, 'pseudo_tokens': 4, 'label_index_mapping': {'neutral': 0, 'surprise': 1, 'fear': 2, 'sadness': 3, 'joy': 4, 'disgust': 5, 'anger': 6}, 'batch_size': 8, 'learning_rate': 5e-05, 'a_lstm_hidden_size': 64, 'v_lstm_hidden_size': 32, 'a_lstm_layers': 1, 'v_lstm_layers': 1, 'a_lstm_dropout': 0.0, 'v_lstm_dropout': 0.0, 'warm_up_epochs': 90, 'gamma': 1, 'update_epochs': 1, 'early_stop': 8, 'H': 3.0, 'seed': 1111}>
2026-03-24 20:13:52:INFO:Find gpu: 0, with memory: 830603264 left!
2026-03-24 20:13:52:INFO:Let's use the GPU 1 !
2026-03-30 11:25:34:INFO:========= 准备训练数据集: meld (classification) =========
2026-03-30 11:25:34:INFO:Start running cmcm...
2026-03-30 11:25:34:INFO:<Storage{'is_tune': False, 'train_mode': 'classification', 'modelName': 'cmcm', 'model_type': 'chatglm3', 'datasetName': 'meld', 'root_dataset_dir': '/root/autodl-tmp/datasets/', 'num_workers': 0, 'model_save_dir': '/root/autodl-tmp/results/models', 'res_save_dir': '/root/autodl-tmp/results/results', 'pretrain_LM': '/root/autodl-tmp/models/chatglm3-6b', 'gpu_ids': [], 'seeds': [1111, 2222, 3333], 'use_moe_fusion': True, 'use_gate': True, 'use_moe_lb_loss': True, 'dataPath': '/root/autodl-tmp/datasets/MELD', 'seq_lens': (65, 157, 32), 'feature_dims': (0, 64, 64), 'train_samples': 9992, 'num_classes': 3, 'language': 'en', 'KeyEval': 'weight_F1', 'need_data_aligned': False, 'need_model_aligned': False, 'need_label_prefix': True, 'need_normalized': False, 'use_PLM': True, 'save_labels': False, 'task_specific_prompt': 'Please recognize emotion of the above multimodal content from the target                                                 set <neutral:0, surprise:1, fear:2, sadness:3, joy:4, disgust:5, anger:6>. response: The emotion is', 'max_new_tokens': 1, 'pseudo_tokens': 2, 'label_index_mapping': {'neutral': 0, 'surprise': 1, 'fear': 2, 'sadness': 3, 'joy': 4, 'disgust': 5, 'anger': 6}, 'batch_size': 20, 'learning_rate': 0.0005, 'a_lstm_hidden_size': 32, 'v_lstm_hidden_size': 16, 'a_lstm_layers': 1, 'v_lstm_layers': 1, 'a_lstm_dropout': 0.0, 'v_lstm_dropout': 0.0, 'warm_up_epochs': 50, 'gamma': 1, 'update_epochs': 1, 'early_stop': 8, 'H': 3.0, 'seed': 1111}>
2026-03-30 11:25:34:INFO:Find gpu: 0, with memory: 548732928 left!
2026-03-30 11:25:34:INFO:Let's use the GPU 1 !
2026-03-30 11:25:36:WARNING:Setting eos_token is not supported, use the default one.
2026-03-30 11:25:36:WARNING:Setting pad_token is not supported, use the default one.
2026-03-30 11:25:36:WARNING:Setting unk_token is not supported, use the default one.
2026-03-30 11:25:40:WARNING:Setting eos_token is not supported, use the default one.
2026-03-30 11:25:40:WARNING:Setting pad_token is not supported, use the default one.
2026-03-30 11:25:40:WARNING:Setting unk_token is not supported, use the default one.
2026-03-30 11:25:41:WARNING:Setting eos_token is not supported, use the default one.
2026-03-30 11:25:41:WARNING:Setting pad_token is not supported, use the default one.
2026-03-30 11:25:41:WARNING:Setting unk_token is not supported, use the default one.
2026-03-30 11:25:47:WARNING:Setting eos_token is not supported, use the default one.
2026-03-30 11:25:47:WARNING:Setting pad_token is not supported, use the default one.
2026-03-30 11:25:47:WARNING:Setting unk_token is not supported, use the default one.
2026-03-30 11:25:52:INFO:trainable params: 3711632 || all params: 6247295632 || trainable%: 0.05941181942772514
2026-03-30 11:25:52:INFO:Init labels...
2026-03-30 11:25:52:INFO:Start training...
2026-03-30 11:34:31:INFO:TRAIN-(cmcm) (1/1/1)>> loss: 3.9784
2026-03-30 12:06:34:INFO:========= 准备训练数据集: meld (classification) =========
2026-03-30 12:06:34:INFO:Start running cmcm...
2026-03-30 12:06:34:INFO:<Storage{'is_tune': False, 'train_mode': 'classification', 'modelName': 'cmcm', 'model_type': 'chatglm3', 'datasetName': 'meld', 'root_dataset_dir': '/root/autodl-tmp/datasets/', 'num_workers': 0, 'model_save_dir': '/root/autodl-tmp/results/models', 'res_save_dir': '/root/autodl-tmp/results/results', 'pretrain_LM': '/root/autodl-tmp/models/chatglm3-6b', 'gpu_ids': [], 'seeds': [1111, 2222, 3333], 'use_moe_fusion': True, 'use_gate': True, 'use_moe_lb_loss': True, 'dataPath': '/root/autodl-tmp/datasets/MELD', 'seq_lens': (65, 157, 32), 'feature_dims': (0, 64, 64), 'train_samples': 9992, 'num_classes': 3, 'language': 'en', 'KeyEval': 'weight_F1', 'need_data_aligned': False, 'need_model_aligned': False, 'need_label_prefix': True, 'need_normalized': False, 'use_PLM': True, 'save_labels': False, 'task_specific_prompt': 'Please recognize emotion of the above multimodal content from the target                                                 set <neutral:0, surprise:1, fear:2, sadness:3, joy:4, disgust:5, anger:6>. response: The emotion is', 'max_new_tokens': 1, 'pseudo_tokens': 2, 'label_index_mapping': {'neutral': 0, 'surprise': 1, 'fear': 2, 'sadness': 3, 'joy': 4, 'disgust': 5, 'anger': 6}, 'batch_size': 20, 'learning_rate': 0.0005, 'a_lstm_hidden_size': 32, 'v_lstm_hidden_size': 16, 'a_lstm_layers': 1, 'v_lstm_layers': 1, 'a_lstm_dropout': 0.0, 'v_lstm_dropout': 0.0, 'warm_up_epochs': 50, 'gamma': 1, 'update_epochs': 1, 'early_stop': 8, 'H': 3.0, 'seed': 1111}>
2026-03-30 12:06:34:INFO:Find gpu: 0, with memory: 548732928 left!
2026-03-30 12:06:34:INFO:Let's use the GPU 1 !
2026-03-30 12:06:36:WARNING:Setting eos_token is not supported, use the default one.
2026-03-30 12:06:36:WARNING:Setting pad_token is not supported, use the default one.
2026-03-30 12:06:36:WARNING:Setting unk_token is not supported, use the default one.
2026-03-30 12:06:40:WARNING:Setting eos_token is not supported, use the default one.
2026-03-30 12:06:40:WARNING:Setting pad_token is not supported, use the default one.
2026-03-30 12:06:40:WARNING:Setting unk_token is not supported, use the default one.
2026-03-30 12:06:41:WARNING:Setting eos_token is not supported, use the default one.
2026-03-30 12:06:41:WARNING:Setting pad_token is not supported, use the default one.
2026-03-30 12:06:41:WARNING:Setting unk_token is not supported, use the default one.
2026-03-30 12:06:47:WARNING:Setting eos_token is not supported, use the default one.
2026-03-30 12:06:47:WARNING:Setting pad_token is not supported, use the default one.
2026-03-30 12:06:47:WARNING:Setting unk_token is not supported, use the default one.
2026-03-30 12:06:52:INFO:trainable params: 3711632 || all params: 6247295632 || trainable%: 0.05941181942772514
2026-03-30 12:06:53:INFO:Init labels...
2026-03-30 12:06:53:INFO:Start training...
2026-03-30 12:15:34:INFO:TRAIN-(cmcm) (1/1/1)>> loss: 3.9786
2026-03-30 12:15:58:INFO:VAL-(cmcm) >>
2026-03-30 12:15:58:INFO:M: >>  acc: 0.4238  weight_F1: 0.2523 
2026-03-30 12:16:05:INFO:Saving checkpoint at epoch 1 to /root/autodl-tmp/results/models/cmcm-meld-classification.pth.
2026-03-30 12:21:17:INFO:========= 准备训练数据集: meld (classification) =========
2026-03-30 12:21:17:INFO:Start running cmcm...
2026-03-30 12:21:17:INFO:<Storage{'is_tune': False, 'train_mode': 'classification', 'modelName': 'cmcm', 'model_type': 'chatglm3', 'datasetName': 'meld', 'root_dataset_dir': '/root/autodl-tmp/datasets/', 'num_workers': 0, 'model_save_dir': '/root/autodl-tmp/results/models', 'res_save_dir': '/root/autodl-tmp/results/results', 'pretrain_LM': '/root/autodl-tmp/models/chatglm3-6b', 'gpu_ids': [], 'seeds': [1111, 2222, 3333], 'use_moe_fusion': True, 'use_gate': True, 'use_moe_lb_loss': True, 'dataPath': '/root/autodl-tmp/datasets/MELD', 'seq_lens': (65, 157, 32), 'feature_dims': (0, 64, 64), 'train_samples': 9992, 'num_classes': 3, 'language': 'en', 'KeyEval': 'weight_F1', 'need_data_aligned': False, 'need_model_aligned': False, 'need_label_prefix': True, 'need_normalized': False, 'use_PLM': True, 'save_labels': False, 'task_specific_prompt': 'Please recognize emotion of the above multimodal content from the target                                                 set <neutral:0, surprise:1, fear:2, sadness:3, joy:4, disgust:5, anger:6>. response: The emotion is', 'max_new_tokens': 1, 'pseudo_tokens': 2, 'label_index_mapping': {'neutral': 0, 'surprise': 1, 'fear': 2, 'sadness': 3, 'joy': 4, 'disgust': 5, 'anger': 6}, 'batch_size': 20, 'learning_rate': 0.0005, 'a_lstm_hidden_size': 32, 'v_lstm_hidden_size': 16, 'a_lstm_layers': 1, 'v_lstm_layers': 1, 'a_lstm_dropout': 0.0, 'v_lstm_dropout': 0.0, 'warm_up_epochs': 50, 'gamma': 1, 'update_epochs': 1, 'early_stop': 8, 'H': 3.0, 'seed': 1111}>
2026-03-30 12:21:17:INFO:Find gpu: 0, with memory: 548732928 left!
2026-03-30 12:21:17:INFO:Let's use the GPU 1 !
2026-03-30 12:21:19:WARNING:Setting eos_token is not supported, use the default one.
2026-03-30 12:21:19:WARNING:Setting pad_token is not supported, use the default one.
2026-03-30 12:21:19:WARNING:Setting unk_token is not supported, use the default one.
2026-03-30 12:21:22:WARNING:Setting eos_token is not supported, use the default one.
2026-03-30 12:21:22:WARNING:Setting pad_token is not supported, use the default one.
2026-03-30 12:21:22:WARNING:Setting unk_token is not supported, use the default one.
2026-03-30 12:21:23:WARNING:Setting eos_token is not supported, use the default one.
2026-03-30 12:21:23:WARNING:Setting pad_token is not supported, use the default one.
2026-03-30 12:21:23:WARNING:Setting unk_token is not supported, use the default one.
2026-03-30 12:21:29:WARNING:Setting eos_token is not supported, use the default one.
2026-03-30 12:21:29:WARNING:Setting pad_token is not supported, use the default one.
2026-03-30 12:21:29:WARNING:Setting unk_token is not supported, use the default one.
2026-03-30 12:21:34:INFO:trainable params: 3711632 || all params: 6247295632 || trainable%: 0.05941181942772514
2026-03-30 12:21:35:INFO:Init labels...
2026-03-30 12:21:35:INFO:Start training...
2026-03-30 12:30:14:INFO:TRAIN-(cmcm) (1/1/1)>> loss: 3.9785
2026-03-30 12:30:38:INFO:VAL-(cmcm) >>
2026-03-30 12:30:38:INFO:M: >>  acc: 0.4238  weight_F1: 0.2523 
2026-03-30 12:30:45:INFO:Saving checkpoint at epoch 1 to /root/autodl-tmp/results/models/cmcm-meld-classification.pth.
2026-03-30 12:39:27:INFO:TRAIN-(cmcm) (1/2/1)>> loss: 0.7625
2026-03-30 12:39:51:INFO:VAL-(cmcm) >>
2026-03-30 12:39:51:INFO:M: >>  acc: 0.4238  weight_F1: 0.2523 
2026-03-30 12:41:09:INFO:========= 准备训练数据集: meld (classification) =========
2026-03-30 12:41:09:INFO:Start running cmcm...
2026-03-30 12:41:09:INFO:<Storage{'is_tune': False, 'train_mode': 'classification', 'modelName': 'cmcm', 'model_type': 'chatglm3', 'datasetName': 'meld', 'root_dataset_dir': '/root/autodl-tmp/datasets/', 'num_workers': 0, 'model_save_dir': '/root/autodl-tmp/results/models', 'res_save_dir': '/root/autodl-tmp/results/results', 'pretrain_LM': '/root/autodl-tmp/models/chatglm3-6b', 'gpu_ids': [], 'seeds': [1111, 2222, 3333], 'use_moe_fusion': True, 'use_gate': True, 'use_moe_lb_loss': True, 'dataPath': '/root/autodl-tmp/datasets/MELD', 'seq_lens': (65, 157, 32), 'feature_dims': (0, 64, 64), 'train_samples': 9992, 'num_classes': 3, 'language': 'en', 'KeyEval': 'weight_F1', 'need_data_aligned': False, 'need_model_aligned': False, 'need_label_prefix': True, 'need_normalized': False, 'use_PLM': True, 'save_labels': False, 'task_specific_prompt': 'Please recognize emotion of the above multimodal content from the target                                                 set <neutral:0, surprise:1, fear:2, sadness:3, joy:4, disgust:5, anger:6>. response: The emotion is', 'max_new_tokens': 1, 'pseudo_tokens': 2, 'label_index_mapping': {'neutral': 0, 'surprise': 1, 'fear': 2, 'sadness': 3, 'joy': 4, 'disgust': 5, 'anger': 6}, 'batch_size': 20, 'learning_rate': 0.0005, 'a_lstm_hidden_size': 32, 'v_lstm_hidden_size': 16, 'a_lstm_layers': 1, 'v_lstm_layers': 1, 'a_lstm_dropout': 0.0, 'v_lstm_dropout': 0.0, 'warm_up_epochs': 50, 'gamma': 1, 'update_epochs': 1, 'early_stop': 8, 'H': 3.0, 'seed': 1111}>
2026-03-30 12:41:09:INFO:Find gpu: 0, with memory: 548732928 left!
2026-03-30 12:41:09:INFO:Let's use the GPU 1 !
2026-03-30 12:41:11:WARNING:Setting eos_token is not supported, use the default one.
2026-03-30 12:41:11:WARNING:Setting pad_token is not supported, use the default one.
2026-03-30 12:41:11:WARNING:Setting unk_token is not supported, use the default one.
2026-03-30 12:41:15:WARNING:Setting eos_token is not supported, use the default one.
2026-03-30 12:41:15:WARNING:Setting pad_token is not supported, use the default one.
2026-03-30 12:41:15:WARNING:Setting unk_token is not supported, use the default one.
2026-03-30 12:41:16:WARNING:Setting eos_token is not supported, use the default one.
2026-03-30 12:41:16:WARNING:Setting pad_token is not supported, use the default one.
2026-03-30 12:41:16:WARNING:Setting unk_token is not supported, use the default one.
2026-03-30 12:41:22:WARNING:Setting eos_token is not supported, use the default one.
2026-03-30 12:41:22:WARNING:Setting pad_token is not supported, use the default one.
2026-03-30 12:41:22:WARNING:Setting unk_token is not supported, use the default one.
2026-03-30 12:41:28:INFO:trainable params: 3711632 || all params: 6247295632 || trainable%: 0.05941181942772514
2026-03-30 12:41:29:INFO:Init labels...
2026-03-30 12:41:29:INFO:Start training...
2026-03-30 12:50:10:INFO:TRAIN-(cmcm) (1/1/1)>> loss: 3.9784
2026-03-30 12:50:34:INFO:VAL-(cmcm) >>
2026-03-30 12:50:34:INFO:M: >>  acc: 0.4238  weight_F1: 0.2523 
2026-03-30 12:50:42:INFO:Saving checkpoint at epoch 1 to /root/autodl-tmp/results/models/cmcm-meld-classification.pth.
2026-03-30 19:31:59:INFO:========= 准备训练数据集: meld (classification) =========
2026-03-30 19:31:59:INFO:Start running cmcm...
2026-03-30 19:31:59:INFO:<Storage{'is_tune': False, 'train_mode': 'classification', 'modelName': 'cmcm', 'model_type': 'chatglm3', 'datasetName': 'meld', 'root_dataset_dir': '/root/autodl-tmp/datasets/', 'num_workers': 0, 'model_save_dir': '/root/autodl-tmp/results/models', 'res_save_dir': '/root/autodl-tmp/results/results', 'pretrain_LM': '/root/autodl-tmp/models/chatglm3-6b', 'gpu_ids': [], 'seeds': [1111, 2222, 3333], 'use_moe_fusion': False, 'use_gate': False, 'use_moe_lb_loss': False, 'dataPath': '/root/autodl-tmp/datasets/MELD', 'seq_lens': (65, 157, 32), 'feature_dims': (0, 64, 64), 'train_samples': 9992, 'num_classes': 3, 'language': 'en', 'KeyEval': 'weight_F1', 'need_data_aligned': False, 'need_model_aligned': False, 'need_label_prefix': True, 'need_normalized': False, 'use_PLM': True, 'save_labels': False, 'task_specific_prompt': 'Please recognize emotion of the above multimodal content from the target                                                 set <neutral:0, surprise:1, fear:2, sadness:3, joy:4, disgust:5, anger:6>. response: The emotion is', 'max_new_tokens': 1, 'pseudo_tokens': 2, 'label_index_mapping': {'neutral': 0, 'surprise': 1, 'fear': 2, 'sadness': 3, 'joy': 4, 'disgust': 5, 'anger': 6}, 'batch_size': 20, 'learning_rate': 0.0005, 'a_lstm_hidden_size': 32, 'v_lstm_hidden_size': 16, 'a_lstm_layers': 1, 'v_lstm_layers': 1, 'a_lstm_dropout': 0.0, 'v_lstm_dropout': 0.0, 'warm_up_epochs': 50, 'gamma': 1, 'update_epochs': 1, 'early_stop': 8, 'H': 3.0, 'seed': 1111}>
2026-03-30 19:31:59:INFO:Find gpu: 0, with memory: 548732928 left!
2026-03-30 19:31:59:INFO:Let's use the GPU 1 !
2026-03-30 19:32:01:WARNING:Setting eos_token is not supported, use the default one.
2026-03-30 19:32:01:WARNING:Setting pad_token is not supported, use the default one.
2026-03-30 19:32:01:WARNING:Setting unk_token is not supported, use the default one.
2026-03-30 19:32:05:WARNING:Setting eos_token is not supported, use the default one.
2026-03-30 19:32:05:WARNING:Setting pad_token is not supported, use the default one.
2026-03-30 19:32:05:WARNING:Setting unk_token is not supported, use the default one.
2026-03-30 19:32:06:WARNING:Setting eos_token is not supported, use the default one.
2026-03-30 19:32:06:WARNING:Setting pad_token is not supported, use the default one.
2026-03-30 19:32:06:WARNING:Setting unk_token is not supported, use the default one.
2026-03-30 19:32:14:WARNING:Setting eos_token is not supported, use the default one.
2026-03-30 19:32:14:WARNING:Setting pad_token is not supported, use the default one.
2026-03-30 19:32:14:WARNING:Setting unk_token is not supported, use the default one.
2026-03-30 19:32:19:INFO:trainable params: 2592520 || all params: 6246176520 || trainable%: 0.041505711401188514
2026-03-30 19:32:19:INFO:Init labels...
2026-03-30 19:32:19:INFO:Start training...
2026-03-30 19:40:51:INFO:TRAIN-(cmcm) (1/1/1)>> loss: 3.1358
2026-03-30 19:41:14:INFO:VAL-(cmcm) >>
2026-03-30 19:41:14:INFO:M: >>  acc: 0.4238  weight_F1: 0.2523 
2026-03-30 19:41:21:INFO:Saving checkpoint at epoch 1 to /root/autodl-tmp/results/models/cmcm-meld-classification.pth.
2026-03-30 19:47:22:INFO:========= 准备训练数据集: meld (classification) =========
2026-03-30 19:47:22:INFO:Start running cmcm...
2026-03-30 19:47:22:INFO:<Storage{'is_tune': False, 'train_mode': 'classification', 'modelName': 'cmcm', 'model_type': 'chatglm3', 'datasetName': 'meld', 'root_dataset_dir': '/root/autodl-tmp/datasets/', 'num_workers': 0, 'model_save_dir': '/root/autodl-tmp/results/models', 'res_save_dir': '/root/autodl-tmp/results/results', 'pretrain_LM': '/root/autodl-tmp/models/chatglm3-6b', 'gpu_ids': [], 'seeds': [1111, 2222, 3333], 'use_moe_fusion': True, 'use_gate': True, 'use_moe_lb_loss': True, 'dataPath': '/root/autodl-tmp/datasets/MELD', 'seq_lens': (65, 157, 32), 'feature_dims': (0, 64, 64), 'train_samples': 9992, 'num_classes': 3, 'language': 'en', 'KeyEval': 'weight_F1', 'need_data_aligned': False, 'need_model_aligned': False, 'need_label_prefix': True, 'need_normalized': False, 'use_PLM': True, 'save_labels': False, 'task_specific_prompt': 'Please recognize emotion of the above multimodal content from the target                                                 set <neutral:0, surprise:1, fear:2, sadness:3, joy:4, disgust:5, anger:6>. response: The emotion is', 'max_new_tokens': 1, 'pseudo_tokens': 2, 'label_index_mapping': {'neutral': 0, 'surprise': 1, 'fear': 2, 'sadness': 3, 'joy': 4, 'disgust': 5, 'anger': 6}, 'batch_size': 20, 'learning_rate': 0.0005, 'a_lstm_hidden_size': 32, 'v_lstm_hidden_size': 16, 'a_lstm_layers': 1, 'v_lstm_layers': 1, 'a_lstm_dropout': 0.0, 'v_lstm_dropout': 0.0, 'warm_up_epochs': 50, 'gamma': 1, 'update_epochs': 1, 'early_stop': 8, 'H': 3.0, 'seed': 1111}>
2026-03-30 19:47:22:INFO:Find gpu: 0, with memory: 548732928 left!
2026-03-30 19:47:22:INFO:Let's use the GPU 1 !
2026-03-30 19:47:24:WARNING:Setting eos_token is not supported, use the default one.
2026-03-30 19:47:24:WARNING:Setting pad_token is not supported, use the default one.
2026-03-30 19:47:24:WARNING:Setting unk_token is not supported, use the default one.
2026-03-30 19:47:27:WARNING:Setting eos_token is not supported, use the default one.
2026-03-30 19:47:27:WARNING:Setting pad_token is not supported, use the default one.
2026-03-30 19:47:27:WARNING:Setting unk_token is not supported, use the default one.
2026-03-30 19:47:28:WARNING:Setting eos_token is not supported, use the default one.
2026-03-30 19:47:28:WARNING:Setting pad_token is not supported, use the default one.
2026-03-30 19:47:28:WARNING:Setting unk_token is not supported, use the default one.
2026-03-30 19:47:35:WARNING:Setting eos_token is not supported, use the default one.
2026-03-30 19:47:35:WARNING:Setting pad_token is not supported, use the default one.
2026-03-30 19:47:35:WARNING:Setting unk_token is not supported, use the default one.
2026-03-30 19:47:38:INFO:trainable params: 3711632 || all params: 6247295632 || trainable%: 0.05941181942772514
2026-03-30 19:47:39:INFO:Init labels...
2026-03-30 19:47:39:INFO:Start training...
2026-03-30 19:56:09:INFO:TRAIN-(cmcm) (1/1/1)>> loss: 3.9785
2026-03-30 19:57:00:INFO:VAL-(cmcm) >>
2026-03-30 19:57:00:INFO:M: >>  acc: 0.3886  weight_F1: 0.3557 
2026-03-30 19:57:07:INFO:Saving checkpoint at epoch 1 to /root/autodl-tmp/results/models/cmcm-meld-classification.pth.
2026-03-30 20:01:24:INFO:========= 准备训练数据集: meld (classification) =========
2026-03-30 20:01:24:INFO:Start running cmcm...
2026-03-30 20:01:24:INFO:<Storage{'is_tune': False, 'train_mode': 'classification', 'modelName': 'cmcm', 'model_type': 'chatglm3', 'datasetName': 'meld', 'root_dataset_dir': '/root/autodl-tmp/datasets/', 'num_workers': 0, 'model_save_dir': '/root/autodl-tmp/results/models', 'res_save_dir': '/root/autodl-tmp/results/results', 'pretrain_LM': '/root/autodl-tmp/models/chatglm3-6b', 'gpu_ids': [], 'seeds': [3333], 'use_moe_fusion': True, 'use_gate': True, 'use_moe_lb_loss': True, 'dataPath': '/root/autodl-tmp/datasets/MELD', 'seq_lens': (65, 157, 32), 'feature_dims': (0, 64, 64), 'train_samples': 9992, 'num_classes': 3, 'language': 'en', 'KeyEval': 'weight_F1', 'need_data_aligned': False, 'need_model_aligned': False, 'need_label_prefix': True, 'need_normalized': False, 'use_PLM': True, 'save_labels': False, 'task_specific_prompt': 'Please recognize emotion of the above multimodal content from the target                                                 set <neutral:0, surprise:1, fear:2, sadness:3, joy:4, disgust:5, anger:6>. response: The emotion is', 'max_new_tokens': 1, 'pseudo_tokens': 2, 'label_index_mapping': {'neutral': 0, 'surprise': 1, 'fear': 2, 'sadness': 3, 'joy': 4, 'disgust': 5, 'anger': 6}, 'batch_size': 20, 'learning_rate': 0.0005, 'a_lstm_hidden_size': 32, 'v_lstm_hidden_size': 16, 'a_lstm_layers': 1, 'v_lstm_layers': 1, 'a_lstm_dropout': 0.0, 'v_lstm_dropout': 0.0, 'warm_up_epochs': 50, 'gamma': 1, 'update_epochs': 1, 'early_stop': 8, 'H': 3.0, 'seed': 3333}>
2026-03-30 20:01:24:INFO:Find gpu: 0, with memory: 548732928 left!
2026-03-30 20:01:24:INFO:Let's use the GPU 1 !
2026-03-30 20:01:26:WARNING:Setting eos_token is not supported, use the default one.
2026-03-30 20:01:26:WARNING:Setting pad_token is not supported, use the default one.
2026-03-30 20:01:26:WARNING:Setting unk_token is not supported, use the default one.
2026-03-30 20:01:30:WARNING:Setting eos_token is not supported, use the default one.
2026-03-30 20:01:30:WARNING:Setting pad_token is not supported, use the default one.
2026-03-30 20:01:30:WARNING:Setting unk_token is not supported, use the default one.
2026-03-30 20:01:31:WARNING:Setting eos_token is not supported, use the default one.
2026-03-30 20:01:31:WARNING:Setting pad_token is not supported, use the default one.
2026-03-30 20:01:31:WARNING:Setting unk_token is not supported, use the default one.
2026-03-30 20:01:37:WARNING:Setting eos_token is not supported, use the default one.
2026-03-30 20:01:37:WARNING:Setting pad_token is not supported, use the default one.
2026-03-30 20:01:37:WARNING:Setting unk_token is not supported, use the default one.
2026-03-30 20:01:40:INFO:trainable params: 3711632 || all params: 6247295632 || trainable%: 0.05941181942772514
2026-03-30 20:01:41:INFO:Init labels...
2026-03-30 20:01:41:INFO:Start training...
2026-03-30 20:24:44:INFO:========= 准备训练数据集: meld (classification) =========
2026-03-30 20:24:44:INFO:Start running cmcm...
2026-03-30 20:24:44:INFO:<Storage{'is_tune': False, 'train_mode': 'classification', 'modelName': 'cmcm', 'model_type': 'chatglm3', 'datasetName': 'meld', 'root_dataset_dir': '/root/autodl-tmp/datasets/', 'num_workers': 0, 'model_save_dir': '/root/autodl-tmp/results/models', 'res_save_dir': '/root/autodl-tmp/results/results', 'pretrain_LM': '/root/autodl-tmp/models/chatglm3-6b', 'gpu_ids': [], 'seeds': [3333], 'use_moe_fusion': True, 'use_gate': True, 'use_moe_lb_loss': True, 'dataPath': '/root/autodl-tmp/datasets/MELD', 'seq_lens': (65, 157, 32), 'feature_dims': (0, 64, 64), 'train_samples': 9992, 'num_classes': 3, 'language': 'en', 'KeyEval': 'weight_F1', 'need_data_aligned': False, 'need_model_aligned': False, 'need_label_prefix': True, 'need_normalized': False, 'use_PLM': True, 'save_labels': False, 'task_specific_prompt': 'Please recognize emotion of the above multimodal content from the target                                                 set <neutral:0, surprise:1, fear:2, sadness:3, joy:4, disgust:5, anger:6>. response: The emotion is', 'max_new_tokens': 1, 'pseudo_tokens': 2, 'label_index_mapping': {'neutral': 0, 'surprise': 1, 'fear': 2, 'sadness': 3, 'joy': 4, 'disgust': 5, 'anger': 6}, 'batch_size': 20, 'learning_rate': 0.0005, 'a_lstm_hidden_size': 32, 'v_lstm_hidden_size': 16, 'a_lstm_layers': 1, 'v_lstm_layers': 1, 'a_lstm_dropout': 0.0, 'v_lstm_dropout': 0.0, 'warm_up_epochs': 50, 'gamma': 1, 'update_epochs': 1, 'early_stop': 8, 'H': 3.0, 'seed': 3333}>
2026-03-30 20:24:44:INFO:Find gpu: 0, with memory: 548732928 left!
2026-03-30 20:24:44:INFO:Let's use the GPU 1 !
2026-03-30 20:24:46:WARNING:Setting eos_token is not supported, use the default one.
2026-03-30 20:24:46:WARNING:Setting pad_token is not supported, use the default one.
2026-03-30 20:24:46:WARNING:Setting unk_token is not supported, use the default one.
2026-03-30 20:24:50:WARNING:Setting eos_token is not supported, use the default one.
2026-03-30 20:24:50:WARNING:Setting pad_token is not supported, use the default one.
2026-03-30 20:24:50:WARNING:Setting unk_token is not supported, use the default one.
2026-03-30 20:24:51:WARNING:Setting eos_token is not supported, use the default one.
2026-03-30 20:24:51:WARNING:Setting pad_token is not supported, use the default one.
2026-03-30 20:24:51:WARNING:Setting unk_token is not supported, use the default one.
2026-03-30 20:24:54:WARNING:Setting eos_token is not supported, use the default one.
2026-03-30 20:24:54:WARNING:Setting pad_token is not supported, use the default one.
2026-03-30 20:24:54:WARNING:Setting unk_token is not supported, use the default one.
2026-03-30 20:24:58:INFO:trainable params: 3711632 || all params: 6247295632 || trainable%: 0.05941181942772514
2026-03-30 20:24:58:INFO:Init labels...
2026-03-30 20:24:58:INFO:Start training...
2026-03-30 20:33:34:INFO:TRAIN-(cmcm) (1/1/1)>> loss: 4.8372
2026-03-30 20:34:25:INFO:VAL-(cmcm) >>
2026-03-30 20:34:25:INFO:M: >>  acc: 0.4049  weight_F1: 0.3666 
2026-03-30 20:34:32:INFO:Saving checkpoint at epoch 1 to /root/autodl-tmp/results/models/cmcm-meld-classification.pth.
2026-03-30 20:43:11:INFO:TRAIN-(cmcm) (1/2/1)>> loss: 0.7452
2026-03-30 20:44:01:INFO:VAL-(cmcm) >>
2026-03-30 20:44:01:INFO:M: >>  acc: 0.4265  weight_F1: 0.3884 
2026-03-30 20:44:09:INFO:Saving checkpoint at epoch 2 to /root/autodl-tmp/results/models/cmcm-meld-classification.pth.
2026-03-30 20:52:45:INFO:TRAIN-(cmcm) (1/3/1)>> loss: 0.7284
2026-03-30 20:53:35:INFO:VAL-(cmcm) >>
2026-03-30 20:53:35:INFO:M: >>  acc: 0.4328  weight_F1: 0.3918 
2026-03-30 20:53:43:INFO:Saving checkpoint at epoch 3 to /root/autodl-tmp/results/models/cmcm-meld-classification.pth.
2026-03-30 21:02:20:INFO:TRAIN-(cmcm) (1/4/1)>> loss: 0.7143
2026-03-30 21:03:11:INFO:VAL-(cmcm) >>
2026-03-30 21:03:11:INFO:M: >>  acc: 0.4626  weight_F1: 0.4062 
2026-03-30 21:03:19:INFO:Saving checkpoint at epoch 4 to /root/autodl-tmp/results/models/cmcm-meld-classification.pth.
2026-03-30 21:11:59:INFO:TRAIN-(cmcm) (1/5/1)>> loss: 0.6906
2026-03-30 21:12:50:INFO:VAL-(cmcm) >>
2026-03-30 21:12:50:INFO:M: >>  acc: 0.4815  weight_F1: 0.4345 
2026-03-30 21:12:58:INFO:Saving checkpoint at epoch 5 to /root/autodl-tmp/results/models/cmcm-meld-classification.pth.
2026-03-30 21:21:34:INFO:TRAIN-(cmcm) (1/6/1)>> loss: 0.6483
2026-03-30 21:22:24:INFO:VAL-(cmcm) >>
2026-03-30 21:22:24:INFO:M: >>  acc: 0.5194  weight_F1: 0.4892 
2026-03-30 21:22:32:INFO:Saving checkpoint at epoch 6 to /root/autodl-tmp/results/models/cmcm-meld-classification.pth.
2026-03-30 21:31:06:INFO:TRAIN-(cmcm) (1/7/1)>> loss: 0.5826
2026-03-30 21:31:56:INFO:VAL-(cmcm) >>
2026-03-30 21:31:56:INFO:M: >>  acc: 0.5870  weight_F1: 0.5645 
2026-03-30 21:32:04:INFO:Saving checkpoint at epoch 7 to /root/autodl-tmp/results/models/cmcm-meld-classification.pth.
2026-03-30 21:40:38:INFO:TRAIN-(cmcm) (1/8/1)>> loss: 0.5410
2026-03-30 21:41:28:INFO:VAL-(cmcm) >>
2026-03-30 21:41:28:INFO:M: >>  acc: 0.6159  weight_F1: 0.6025 
2026-03-30 21:41:36:INFO:Saving checkpoint at epoch 8 to /root/autodl-tmp/results/models/cmcm-meld-classification.pth.
2026-03-30 21:50:10:INFO:TRAIN-(cmcm) (1/9/1)>> loss: 0.5222
2026-03-30 21:51:00:INFO:VAL-(cmcm) >>
2026-03-30 21:51:00:INFO:M: >>  acc: 0.5933  weight_F1: 0.5902 
2026-03-30 21:59:31:INFO:TRAIN-(cmcm) (2/10/1)>> loss: 0.5063
2026-03-30 22:00:22:INFO:VAL-(cmcm) >>
2026-03-30 22:00:22:INFO:M: >>  acc: 0.6240  weight_F1: 0.6132 
2026-03-30 22:00:29:INFO:Saving checkpoint at epoch 10 to /root/autodl-tmp/results/models/cmcm-meld-classification.pth.
2026-03-30 22:09:02:INFO:TRAIN-(cmcm) (1/11/1)>> loss: 0.4918
2026-03-30 22:09:53:INFO:VAL-(cmcm) >>
2026-03-30 22:09:53:INFO:M: >>  acc: 0.6348  weight_F1: 0.6222 
2026-03-30 22:10:00:INFO:Saving checkpoint at epoch 11 to /root/autodl-tmp/results/models/cmcm-meld-classification.pth.
2026-03-30 22:18:39:INFO:TRAIN-(cmcm) (1/12/1)>> loss: 0.4755
2026-03-30 22:19:29:INFO:VAL-(cmcm) >>
2026-03-30 22:19:29:INFO:M: >>  acc: 0.6375  weight_F1: 0.6160 
2026-03-30 22:28:01:INFO:TRAIN-(cmcm) (2/13/1)>> loss: 0.4630
2026-03-30 22:28:51:INFO:VAL-(cmcm) >>
2026-03-30 22:28:51:INFO:M: >>  acc: 0.6357  weight_F1: 0.6231 
2026-03-30 22:28:59:INFO:Saving checkpoint at epoch 13 to /root/autodl-tmp/results/models/cmcm-meld-classification.pth.
2026-03-30 22:37:32:INFO:TRAIN-(cmcm) (1/14/1)>> loss: 0.4468
2026-03-30 22:38:22:INFO:VAL-(cmcm) >>
2026-03-30 22:38:22:INFO:M: >>  acc: 0.5888  weight_F1: 0.5865 
2026-03-30 22:46:52:INFO:TRAIN-(cmcm) (2/15/1)>> loss: 0.4301
2026-03-30 22:47:43:INFO:VAL-(cmcm) >>
2026-03-30 22:47:43:INFO:M: >>  acc: 0.6186  weight_F1: 0.6097 
2026-03-30 22:56:13:INFO:TRAIN-(cmcm) (3/16/1)>> loss: 0.4124
2026-03-30 22:57:03:INFO:VAL-(cmcm) >>
2026-03-30 22:57:03:INFO:M: >>  acc: 0.5951  weight_F1: 0.5848 
2026-03-30 23:05:33:INFO:TRAIN-(cmcm) (4/17/1)>> loss: 0.3917
2026-03-30 23:06:24:INFO:VAL-(cmcm) >>
2026-03-30 23:06:24:INFO:M: >>  acc: 0.6005  weight_F1: 0.5904 
2026-03-30 23:14:53:INFO:TRAIN-(cmcm) (5/18/1)>> loss: 0.3697
2026-03-30 23:15:44:INFO:VAL-(cmcm) >>
2026-03-30 23:15:44:INFO:M: >>  acc: 0.6105  weight_F1: 0.6004 
2026-03-30 23:24:14:INFO:TRAIN-(cmcm) (6/19/1)>> loss: 0.3495
2026-03-30 23:25:05:INFO:VAL-(cmcm) >>
2026-03-30 23:25:05:INFO:M: >>  acc: 0.5753  weight_F1: 0.5730 
2026-03-30 23:33:35:INFO:TRAIN-(cmcm) (7/20/1)>> loss: 0.3248
2026-03-30 23:34:26:INFO:VAL-(cmcm) >>
2026-03-30 23:34:26:INFO:M: >>  acc: 0.6069  weight_F1: 0.5971 
2026-03-30 23:42:57:INFO:TRAIN-(cmcm) (8/21/1)>> loss: 0.3030
2026-03-30 23:43:47:INFO:VAL-(cmcm) >>
2026-03-30 23:43:47:INFO:M: >>  acc: 0.5861  weight_F1: 0.5824 
2026-03-30 23:45:46:INFO:TEST-(cmcm) >>
2026-03-30 23:45:46:INFO:M: >>  acc: 0.6356  weight_F1: 0.6293 
2026-03-30 23:45:46:INFO:Results are added to /root/autodl-tmp/results/results/meld-classification-50.csv...
2026-03-31 00:14:11:INFO:========= 准备训练数据集: meld (classification) =========
2026-03-31 00:14:11:INFO:Start running cmcm...
2026-03-31 00:14:11:INFO:<Storage{'is_tune': False, 'train_mode': 'classification', 'modelName': 'cmcm', 'model_type': 'chatglm3', 'datasetName': 'meld', 'root_dataset_dir': '/root/autodl-tmp/datasets/', 'num_workers': 0, 'model_save_dir': '/root/autodl-tmp/results/models', 'res_save_dir': '/root/autodl-tmp/results/results', 'pretrain_LM': '/root/autodl-tmp/models/chatglm3-6b', 'gpu_ids': [], 'seeds': [3333], 'use_moe_fusion': False, 'use_gate': False, 'use_moe_lb_loss': False, 'dataPath': '/root/autodl-tmp/datasets/MELD', 'seq_lens': (65, 157, 32), 'feature_dims': (0, 64, 64), 'train_samples': 9992, 'num_classes': 3, 'language': 'en', 'KeyEval': 'weight_F1', 'need_data_aligned': False, 'need_model_aligned': False, 'need_label_prefix': True, 'need_normalized': False, 'use_PLM': True, 'save_labels': False, 'task_specific_prompt': 'Please recognize emotion of the above multimodal content from the target                                                 set <neutral:0, surprise:1, fear:2, sadness:3, joy:4, disgust:5, anger:6>. response: The emotion is', 'max_new_tokens': 1, 'pseudo_tokens': 2, 'label_index_mapping': {'neutral': 0, 'surprise': 1, 'fear': 2, 'sadness': 3, 'joy': 4, 'disgust': 5, 'anger': 6}, 'batch_size': 20, 'learning_rate': 0.0005, 'a_lstm_hidden_size': 32, 'v_lstm_hidden_size': 16, 'a_lstm_layers': 1, 'v_lstm_layers': 1, 'a_lstm_dropout': 0.0, 'v_lstm_dropout': 0.0, 'warm_up_epochs': 50, 'gamma': 1, 'update_epochs': 1, 'early_stop': 8, 'H': 3.0, 'seed': 3333}>
2026-03-31 00:14:12:INFO:Find gpu: 0, with memory: 548732928 left!
2026-03-31 00:14:12:INFO:Let's use the GPU 1 !
2026-03-31 00:14:13:WARNING:Setting eos_token is not supported, use the default one.
2026-03-31 00:14:13:WARNING:Setting pad_token is not supported, use the default one.
2026-03-31 00:14:13:WARNING:Setting unk_token is not supported, use the default one.
2026-03-31 00:14:17:WARNING:Setting eos_token is not supported, use the default one.
2026-03-31 00:14:17:WARNING:Setting pad_token is not supported, use the default one.
2026-03-31 00:14:17:WARNING:Setting unk_token is not supported, use the default one.
2026-03-31 00:14:18:WARNING:Setting eos_token is not supported, use the default one.
2026-03-31 00:14:18:WARNING:Setting pad_token is not supported, use the default one.
2026-03-31 00:14:18:WARNING:Setting unk_token is not supported, use the default one.
2026-03-31 00:14:21:WARNING:Setting eos_token is not supported, use the default one.
2026-03-31 00:14:21:WARNING:Setting pad_token is not supported, use the default one.
2026-03-31 00:14:21:WARNING:Setting unk_token is not supported, use the default one.
2026-03-31 00:14:25:INFO:trainable params: 2592520 || all params: 6246176520 || trainable%: 0.041505711401188514
2026-03-31 00:14:25:INFO:Init labels...
2026-03-31 00:14:25:INFO:Start training...
2026-03-31 00:22:55:INFO:TRAIN-(cmcm) (1/1/1)>> loss: 3.1538
2026-03-31 00:23:46:INFO:VAL-(cmcm) >>
2026-03-31 00:23:46:INFO:M: >>  acc: 0.3959  weight_F1: 0.3522 
2026-03-31 00:23:53:INFO:Saving checkpoint at epoch 1 to /root/autodl-tmp/results/models/cmcm-meld-classification.pth.
2026-03-31 00:32:26:INFO:TRAIN-(cmcm) (1/2/1)>> loss: 0.7470
2026-03-31 00:33:16:INFO:VAL-(cmcm) >>
2026-03-31 00:33:16:INFO:M: >>  acc: 0.4022  weight_F1: 0.3669 
2026-03-31 00:33:24:INFO:Saving checkpoint at epoch 2 to /root/autodl-tmp/results/models/cmcm-meld-classification.pth.
2026-03-31 00:41:56:INFO:TRAIN-(cmcm) (1/3/1)>> loss: 0.7263
2026-03-31 00:42:46:INFO:VAL-(cmcm) >>
2026-03-31 00:42:46:INFO:M: >>  acc: 0.4193  weight_F1: 0.3637 
2026-03-31 00:51:15:INFO:TRAIN-(cmcm) (2/4/1)>> loss: 0.7213
2026-03-31 00:52:05:INFO:VAL-(cmcm) >>
2026-03-31 00:52:05:INFO:M: >>  acc: 0.4031  weight_F1: 0.3710 
2026-03-31 00:52:13:INFO:Saving checkpoint at epoch 4 to /root/autodl-tmp/results/models/cmcm-meld-classification.pth.
2026-03-31 01:00:45:INFO:TRAIN-(cmcm) (1/5/1)>> loss: 0.7079
2026-03-31 01:01:35:INFO:VAL-(cmcm) >>
2026-03-31 01:01:35:INFO:M: >>  acc: 0.4247  weight_F1: 0.3560 
2026-03-31 01:10:04:INFO:TRAIN-(cmcm) (2/6/1)>> loss: 0.6965
2026-03-31 01:10:54:INFO:VAL-(cmcm) >>
2026-03-31 01:10:54:INFO:M: >>  acc: 0.4184  weight_F1: 0.3718 
2026-03-31 01:11:02:INFO:Saving checkpoint at epoch 6 to /root/autodl-tmp/results/models/cmcm-meld-classification.pth.
2026-03-31 01:19:33:INFO:TRAIN-(cmcm) (1/7/1)>> loss: 0.6907
2026-03-31 01:20:24:INFO:VAL-(cmcm) >>
2026-03-31 01:20:24:INFO:M: >>  acc: 0.4545  weight_F1: 0.3600 
2026-03-31 01:28:53:INFO:TRAIN-(cmcm) (2/8/1)>> loss: 0.6810
2026-03-31 01:29:43:INFO:VAL-(cmcm) >>
2026-03-31 01:29:43:INFO:M: >>  acc: 0.4463  weight_F1: 0.4040 
2026-03-31 01:29:51:INFO:Saving checkpoint at epoch 8 to /root/autodl-tmp/results/models/cmcm-meld-classification.pth.
2026-03-31 01:38:23:INFO:TRAIN-(cmcm) (1/9/1)>> loss: 0.6740
2026-03-31 01:39:13:INFO:VAL-(cmcm) >>
2026-03-31 01:39:13:INFO:M: >>  acc: 0.4599  weight_F1: 0.4195 
2026-03-31 01:39:20:INFO:Saving checkpoint at epoch 9 to /root/autodl-tmp/results/models/cmcm-meld-classification.pth.
2026-03-31 01:47:52:INFO:TRAIN-(cmcm) (1/10/1)>> loss: 0.6651
2026-03-31 01:48:43:INFO:VAL-(cmcm) >>
2026-03-31 01:48:43:INFO:M: >>  acc: 0.4824  weight_F1: 0.4395 
2026-03-31 01:48:50:INFO:Saving checkpoint at epoch 10 to /root/autodl-tmp/results/models/cmcm-meld-classification.pth.
2026-03-31 01:57:21:INFO:TRAIN-(cmcm) (1/11/1)>> loss: 0.6557
2026-03-31 01:58:12:INFO:VAL-(cmcm) >>
2026-03-31 01:58:12:INFO:M: >>  acc: 0.4554  weight_F1: 0.3994 
2026-03-31 02:06:41:INFO:TRAIN-(cmcm) (2/12/1)>> loss: 0.6517
2026-03-31 02:07:31:INFO:VAL-(cmcm) >>
2026-03-31 02:07:31:INFO:M: >>  acc: 0.4905  weight_F1: 0.4327 
2026-03-31 02:16:01:INFO:TRAIN-(cmcm) (3/13/1)>> loss: 0.6398
2026-03-31 02:16:51:INFO:VAL-(cmcm) >>
2026-03-31 02:16:51:INFO:M: >>  acc: 0.4689  weight_F1: 0.4506 
2026-03-31 02:16:58:INFO:Saving checkpoint at epoch 13 to /root/autodl-tmp/results/models/cmcm-meld-classification.pth.
2026-03-31 02:25:30:INFO:TRAIN-(cmcm) (1/14/1)>> loss: 0.6295
2026-03-31 02:26:21:INFO:VAL-(cmcm) >>
2026-03-31 02:26:21:INFO:M: >>  acc: 0.4653  weight_F1: 0.4521 
2026-03-31 02:26:28:INFO:Saving checkpoint at epoch 14 to /root/autodl-tmp/results/models/cmcm-meld-classification.pth.
2026-03-31 02:35:00:INFO:TRAIN-(cmcm) (1/15/1)>> loss: 0.6171
2026-03-31 02:35:50:INFO:VAL-(cmcm) >>
2026-03-31 02:35:50:INFO:M: >>  acc: 0.4797  weight_F1: 0.4596 
2026-03-31 02:35:57:INFO:Saving checkpoint at epoch 15 to /root/autodl-tmp/results/models/cmcm-meld-classification.pth.
2026-03-31 02:44:29:INFO:TRAIN-(cmcm) (1/16/1)>> loss: 0.5970
2026-03-31 02:45:19:INFO:VAL-(cmcm) >>
2026-03-31 02:45:19:INFO:M: >>  acc: 0.4689  weight_F1: 0.4691 
2026-03-31 02:45:27:INFO:Saving checkpoint at epoch 16 to /root/autodl-tmp/results/models/cmcm-meld-classification.pth.
2026-03-31 02:53:59:INFO:TRAIN-(cmcm) (1/17/1)>> loss: 0.5692
2026-03-31 02:54:49:INFO:VAL-(cmcm) >>
2026-03-31 02:54:49:INFO:M: >>  acc: 0.5050  weight_F1: 0.5035 
2026-03-31 02:54:56:INFO:Saving checkpoint at epoch 17 to /root/autodl-tmp/results/models/cmcm-meld-classification.pth.
2026-03-31 03:03:29:INFO:TRAIN-(cmcm) (1/18/1)>> loss: 0.5401
2026-03-31 03:04:19:INFO:VAL-(cmcm) >>
2026-03-31 03:04:19:INFO:M: >>  acc: 0.5564  weight_F1: 0.5451 
2026-03-31 03:04:26:INFO:Saving checkpoint at epoch 18 to /root/autodl-tmp/results/models/cmcm-meld-classification.pth.
2026-03-31 03:12:58:INFO:TRAIN-(cmcm) (1/19/1)>> loss: 0.5182
2026-03-31 03:13:48:INFO:VAL-(cmcm) >>
2026-03-31 03:13:48:INFO:M: >>  acc: 0.5654  weight_F1: 0.5528 
2026-03-31 03:13:56:INFO:Saving checkpoint at epoch 19 to /root/autodl-tmp/results/models/cmcm-meld-classification.pth.
2026-03-31 03:22:28:INFO:TRAIN-(cmcm) (1/20/1)>> loss: 0.4970
2026-03-31 03:23:18:INFO:VAL-(cmcm) >>
2026-03-31 03:23:18:INFO:M: >>  acc: 0.5591  weight_F1: 0.5405 
2026-03-31 03:31:48:INFO:TRAIN-(cmcm) (2/21/1)>> loss: 0.4775
2026-03-31 03:32:38:INFO:VAL-(cmcm) >>
2026-03-31 03:32:38:INFO:M: >>  acc: 0.5690  weight_F1: 0.5582 
2026-03-31 03:32:45:INFO:Saving checkpoint at epoch 21 to /root/autodl-tmp/results/models/cmcm-meld-classification.pth.
2026-03-31 10:01:56:INFO:========= 准备训练数据集: meld (classification) =========
2026-03-31 10:01:56:INFO:Start running cmcm...
2026-03-31 10:01:56:INFO:<Storage{'is_tune': False, 'train_mode': 'classification', 'modelName': 'cmcm', 'model_type': 'chatglm3', 'datasetName': 'meld', 'root_dataset_dir': '/root/autodl-tmp/datasets/', 'num_workers': 0, 'model_save_dir': '/root/autodl-tmp/results/models', 'res_save_dir': '/root/autodl-tmp/results/results', 'pretrain_LM': '/root/autodl-tmp/models/chatglm3-6b-base', 'gpu_ids': [], 'seeds': [3333], 'use_moe_fusion': False, 'use_gate': False, 'use_moe_lb_loss': False, 'dataPath': '/root/autodl-tmp/datasets/MELD', 'seq_lens': (65, 157, 32), 'feature_dims': (0, 64, 64), 'train_samples': 9992, 'num_classes': 3, 'language': 'en', 'KeyEval': 'weight_F1', 'need_data_aligned': False, 'need_model_aligned': False, 'need_label_prefix': True, 'need_normalized': False, 'use_PLM': True, 'save_labels': False, 'task_specific_prompt': 'Please recognize emotion of the above multimodal content from the target                                                 set <neutral:0, surprise:1, fear:2, sadness:3, joy:4, disgust:5, anger:6>. response: The emotion is', 'max_new_tokens': 1, 'pseudo_tokens': 2, 'label_index_mapping': {'neutral': 0, 'surprise': 1, 'fear': 2, 'sadness': 3, 'joy': 4, 'disgust': 5, 'anger': 6}, 'batch_size': 20, 'learning_rate': 0.0005, 'a_lstm_hidden_size': 32, 'v_lstm_hidden_size': 16, 'a_lstm_layers': 1, 'v_lstm_layers': 1, 'a_lstm_dropout': 0.0, 'v_lstm_dropout': 0.0, 'warm_up_epochs': 50, 'gamma': 1, 'update_epochs': 1, 'early_stop': 8, 'H': 3.0, 'seed': 3333}>
2026-03-31 10:01:56:INFO:Find gpu: 0, with memory: 548732928 left!
2026-03-31 10:01:56:INFO:Let's use the GPU 1 !
2026-03-31 10:02:25:INFO:trainable params: 2592520 || all params: 6246176520 || trainable%: 0.041505711401188514
2026-03-31 10:02:26:INFO:Init labels...
2026-03-31 10:02:26:INFO:Start training...
2026-03-31 10:10:58:INFO:TRAIN-(cmcm) (1/1/1)>> loss: 1.9701
2026-03-31 10:11:49:INFO:VAL-(cmcm) >>
2026-03-31 10:11:49:INFO:M: >>  acc: 0.4292  weight_F1: 0.2822 
2026-03-31 10:11:57:INFO:Saving checkpoint at epoch 1 to /root/autodl-tmp/results/models/cmcm-meld-classification.pth.
2026-03-31 10:20:31:INFO:TRAIN-(cmcm) (1/2/1)>> loss: 0.7384
2026-03-31 10:21:22:INFO:VAL-(cmcm) >>
2026-03-31 10:21:22:INFO:M: >>  acc: 0.4364  weight_F1: 0.3198 
2026-03-31 10:21:29:INFO:Saving checkpoint at epoch 2 to /root/autodl-tmp/results/models/cmcm-meld-classification.pth.
2026-03-31 10:30:04:INFO:TRAIN-(cmcm) (1/3/1)>> loss: 0.7037
2026-03-31 10:30:54:INFO:VAL-(cmcm) >>
2026-03-31 10:30:54:INFO:M: >>  acc: 0.4815  weight_F1: 0.4225 
2026-03-31 10:31:02:INFO:Saving checkpoint at epoch 3 to /root/autodl-tmp/results/models/cmcm-meld-classification.pth.
2026-03-31 10:39:36:INFO:TRAIN-(cmcm) (1/4/1)>> loss: 0.6374
2026-03-31 10:40:26:INFO:VAL-(cmcm) >>
2026-03-31 10:40:26:INFO:M: >>  acc: 0.5888  weight_F1: 0.5776 
2026-03-31 10:40:34:INFO:Saving checkpoint at epoch 4 to /root/autodl-tmp/results/models/cmcm-meld-classification.pth.
2026-03-31 10:49:08:INFO:TRAIN-(cmcm) (1/5/1)>> loss: 0.5537
2026-03-31 10:49:59:INFO:VAL-(cmcm) >>
2026-03-31 10:49:59:INFO:M: >>  acc: 0.6168  weight_F1: 0.6027 
2026-03-31 10:50:06:INFO:Saving checkpoint at epoch 5 to /root/autodl-tmp/results/models/cmcm-meld-classification.pth.
2026-03-31 10:58:40:INFO:TRAIN-(cmcm) (1/6/1)>> loss: 0.5230
2026-03-31 10:59:31:INFO:VAL-(cmcm) >>
2026-03-31 10:59:31:INFO:M: >>  acc: 0.6420  weight_F1: 0.6226 
2026-03-31 10:59:38:INFO:Saving checkpoint at epoch 6 to /root/autodl-tmp/results/models/cmcm-meld-classification.pth.
2026-03-31 11:08:12:INFO:TRAIN-(cmcm) (1/7/1)>> loss: 0.5068
2026-03-31 11:09:03:INFO:VAL-(cmcm) >>
2026-03-31 11:09:03:INFO:M: >>  acc: 0.6546  weight_F1: 0.6294 
2026-03-31 11:09:11:INFO:Saving checkpoint at epoch 7 to /root/autodl-tmp/results/models/cmcm-meld-classification.pth.
2026-03-31 11:17:44:INFO:TRAIN-(cmcm) (1/8/1)>> loss: 0.4984
2026-03-31 11:18:35:INFO:VAL-(cmcm) >>
2026-03-31 11:18:35:INFO:M: >>  acc: 0.6546  weight_F1: 0.6406 
2026-03-31 11:18:42:INFO:Saving checkpoint at epoch 8 to /root/autodl-tmp/results/models/cmcm-meld-classification.pth.
2026-03-31 11:27:17:INFO:TRAIN-(cmcm) (1/9/1)>> loss: 0.4910
2026-03-31 11:28:08:INFO:VAL-(cmcm) >>
2026-03-31 11:28:08:INFO:M: >>  acc: 0.6610  weight_F1: 0.6502 
2026-03-31 11:28:15:INFO:Saving checkpoint at epoch 9 to /root/autodl-tmp/results/models/cmcm-meld-classification.pth.
2026-03-31 11:36:49:INFO:TRAIN-(cmcm) (1/10/1)>> loss: 0.4818
2026-03-31 11:37:39:INFO:VAL-(cmcm) >>
2026-03-31 11:37:39:INFO:M: >>  acc: 0.6592  weight_F1: 0.6426 
2026-03-31 11:46:11:INFO:TRAIN-(cmcm) (2/11/1)>> loss: 0.4774
2026-03-31 11:47:02:INFO:VAL-(cmcm) >>
2026-03-31 11:47:02:INFO:M: >>  acc: 0.6483  weight_F1: 0.6389 
2026-03-31 11:55:33:INFO:TRAIN-(cmcm) (3/12/1)>> loss: 0.4738
2026-03-31 11:56:23:INFO:VAL-(cmcm) >>
2026-03-31 11:56:23:INFO:M: >>  acc: 0.6438  weight_F1: 0.6207 
2026-03-31 12:04:55:INFO:TRAIN-(cmcm) (4/13/1)>> loss: 0.4681
2026-03-31 12:05:46:INFO:VAL-(cmcm) >>
2026-03-31 12:05:46:INFO:M: >>  acc: 0.6601  weight_F1: 0.6425 
2026-03-31 12:14:17:INFO:TRAIN-(cmcm) (5/14/1)>> loss: 0.4633
2026-03-31 12:15:08:INFO:VAL-(cmcm) >>
2026-03-31 12:15:08:INFO:M: >>  acc: 0.6528  weight_F1: 0.6335 
2026-03-31 12:23:39:INFO:TRAIN-(cmcm) (6/15/1)>> loss: 0.4586
2026-03-31 12:24:30:INFO:VAL-(cmcm) >>
2026-03-31 12:24:30:INFO:M: >>  acc: 0.6637  weight_F1: 0.6543 
2026-03-31 12:24:37:INFO:Saving checkpoint at epoch 15 to /root/autodl-tmp/results/models/cmcm-meld-classification.pth.
2026-03-31 12:33:12:INFO:TRAIN-(cmcm) (1/16/1)>> loss: 0.4541
2026-03-31 12:34:02:INFO:VAL-(cmcm) >>
2026-03-31 12:34:02:INFO:M: >>  acc: 0.6583  weight_F1: 0.6419 
2026-03-31 12:42:34:INFO:TRAIN-(cmcm) (2/17/1)>> loss: 0.4508
2026-03-31 12:43:24:INFO:VAL-(cmcm) >>
2026-03-31 12:43:24:INFO:M: >>  acc: 0.6700  weight_F1: 0.6569 
2026-03-31 12:43:32:INFO:Saving checkpoint at epoch 17 to /root/autodl-tmp/results/models/cmcm-meld-classification.pth.
2026-03-31 12:52:06:INFO:TRAIN-(cmcm) (1/18/1)>> loss: 0.4451
2026-03-31 12:52:57:INFO:VAL-(cmcm) >>
2026-03-31 12:52:57:INFO:M: >>  acc: 0.6727  weight_F1: 0.6521 
2026-03-31 13:01:29:INFO:TRAIN-(cmcm) (2/19/1)>> loss: 0.4407
2026-03-31 13:02:20:INFO:VAL-(cmcm) >>
2026-03-31 13:02:20:INFO:M: >>  acc: 0.6628  weight_F1: 0.6463 
2026-03-31 13:10:52:INFO:TRAIN-(cmcm) (3/20/1)>> loss: 0.4366
2026-03-31 13:11:42:INFO:VAL-(cmcm) >>
2026-03-31 13:11:42:INFO:M: >>  acc: 0.6691  weight_F1: 0.6533 
2026-03-31 13:20:14:INFO:TRAIN-(cmcm) (4/21/1)>> loss: 0.4306
2026-03-31 13:21:05:INFO:VAL-(cmcm) >>
2026-03-31 13:21:05:INFO:M: >>  acc: 0.6619  weight_F1: 0.6477 
2026-03-31 13:29:37:INFO:TRAIN-(cmcm) (5/22/1)>> loss: 0.4240
2026-03-31 13:30:28:INFO:VAL-(cmcm) >>
2026-03-31 13:30:28:INFO:M: >>  acc: 0.6546  weight_F1: 0.6368 
2026-03-31 13:39:00:INFO:TRAIN-(cmcm) (6/23/1)>> loss: 0.4194
2026-03-31 13:39:51:INFO:VAL-(cmcm) >>
2026-03-31 13:39:51:INFO:M: >>  acc: 0.6754  weight_F1: 0.6627 
2026-03-31 13:39:58:INFO:Saving checkpoint at epoch 23 to /root/autodl-tmp/results/models/cmcm-meld-classification.pth.
2026-03-31 13:48:39:INFO:TRAIN-(cmcm) (1/24/1)>> loss: 0.4109
2026-03-31 13:49:30:INFO:VAL-(cmcm) >>
2026-03-31 13:49:30:INFO:M: >>  acc: 0.6528  weight_F1: 0.6345 
2026-03-31 13:58:04:INFO:TRAIN-(cmcm) (2/25/1)>> loss: 0.4048
2026-03-31 13:58:55:INFO:VAL-(cmcm) >>
2026-03-31 13:58:55:INFO:M: >>  acc: 0.6546  weight_F1: 0.6425 
2026-03-31 14:07:31:INFO:TRAIN-(cmcm) (3/26/1)>> loss: 0.3986
2026-03-31 14:08:22:INFO:VAL-(cmcm) >>
2026-03-31 14:08:22:INFO:M: >>  acc: 0.6583  weight_F1: 0.6485 
2026-03-31 14:16:57:INFO:TRAIN-(cmcm) (4/27/1)>> loss: 0.3911
2026-03-31 14:17:48:INFO:VAL-(cmcm) >>
2026-03-31 14:17:48:INFO:M: >>  acc: 0.6537  weight_F1: 0.6417 
2026-03-31 14:26:22:INFO:TRAIN-(cmcm) (5/28/1)>> loss: 0.3850
2026-03-31 14:27:13:INFO:VAL-(cmcm) >>
2026-03-31 14:27:13:INFO:M: >>  acc: 0.6429  weight_F1: 0.6364 
2026-03-31 14:35:47:INFO:TRAIN-(cmcm) (6/29/1)>> loss: 0.3771
2026-03-31 14:36:37:INFO:VAL-(cmcm) >>
2026-03-31 14:36:37:INFO:M: >>  acc: 0.6402  weight_F1: 0.6265 
2026-03-31 14:45:10:INFO:TRAIN-(cmcm) (7/30/1)>> loss: 0.3679
2026-03-31 14:46:01:INFO:VAL-(cmcm) >>
2026-03-31 14:46:01:INFO:M: >>  acc: 0.6447  weight_F1: 0.6330 
2026-03-31 14:54:39:INFO:TRAIN-(cmcm) (8/31/1)>> loss: 0.3592
2026-03-31 14:55:30:INFO:VAL-(cmcm) >>
2026-03-31 14:55:30:INFO:M: >>  acc: 0.6402  weight_F1: 0.6270 
2026-03-31 14:57:29:INFO:TEST-(cmcm) >>
2026-03-31 14:57:29:INFO:M: >>  acc: 0.6648  weight_F1: 0.6529 
2026-03-31 14:57:29:INFO:Results are added to /root/autodl-tmp/results/results/meld-classification-50.csv...
2026-03-31 10:28:22:INFO:========= 准备训练数据集: meld (classification) =========
2026-03-31 10:28:22:INFO:Start running cmcm...
2026-03-31 10:28:22:INFO:<Storage{'is_tune': False, 'train_mode': 'classification', 'modelName': 'cmcm', 'model_type': 'chatglm3', 'datasetName': 'meld', 'root_dataset_dir': '/root/autodl-tmp/datasets/', 'num_workers': 0, 'model_save_dir': '/root/autodl-tmp/results/models', 'res_save_dir': '/root/autodl-tmp/results/results', 'pretrain_LM': '/root/autodl-tmp/models/chatglm3-6b-base', 'gpu_ids': [], 'seeds': [3333], 'use_moe_fusion': True, 'use_gate': True, 'use_moe_lb_loss': True, 'dataPath': '/root/autodl-tmp/datasets/MELD', 'seq_lens': (65, 157, 32), 'feature_dims': (0, 64, 64), 'train_samples': 9992, 'num_classes': 3, 'language': 'en', 'KeyEval': 'weight_F1', 'need_data_aligned': False, 'need_model_aligned': False, 'need_label_prefix': True, 'need_normalized': False, 'use_PLM': True, 'save_labels': False, 'task_specific_prompt': 'Please recognize emotion of the above multimodal content from the target                                                 set <neutral:0, surprise:1, fear:2, sadness:3, joy:4, disgust:5, anger:6>. response: The emotion is', 'max_new_tokens': 1, 'pseudo_tokens': 2, 'label_index_mapping': {'neutral': 0, 'surprise': 1, 'fear': 2, 'sadness': 3, 'joy': 4, 'disgust': 5, 'anger': 6}, 'batch_size': 12, 'learning_rate': 0.0005, 'a_lstm_hidden_size': 32, 'v_lstm_hidden_size': 16, 'a_lstm_layers': 1, 'v_lstm_layers': 1, 'a_lstm_dropout': 0.0, 'v_lstm_dropout': 0.0, 'warm_up_epochs': 50, 'gamma': 1, 'update_epochs': 1, 'early_stop': 8, 'H': 3.0, 'seed': 3333}>
2026-03-31 10:28:22:INFO:Find gpu: 0, with memory: 509607936 left!
2026-03-31 10:28:22:INFO:Let's use the GPU 1 !
2026-03-31 10:30:09:INFO:========= 准备训练数据集: meld (classification) =========
2026-03-31 10:30:09:INFO:Start running cmcm...
2026-03-31 10:30:09:INFO:<Storage{'is_tune': False, 'train_mode': 'classification', 'modelName': 'cmcm', 'model_type': 'chatglm3', 'datasetName': 'meld', 'root_dataset_dir': '/root/autodl-tmp/datasets/', 'num_workers': 0, 'model_save_dir': '/root/autodl-tmp/results/models', 'res_save_dir': '/root/autodl-tmp/results/results', 'pretrain_LM': '/root/autodl-tmp/models/chatglm3-6b-base', 'gpu_ids': [], 'seeds': [3333], 'use_moe_fusion': True, 'use_gate': True, 'use_moe_lb_loss': True, 'dataPath': '/root/autodl-tmp/datasets/MELD', 'seq_lens': (65, 157, 32), 'feature_dims': (0, 64, 64), 'train_samples': 9992, 'num_classes': 3, 'language': 'en', 'KeyEval': 'weight_F1', 'need_data_aligned': False, 'need_model_aligned': False, 'need_label_prefix': True, 'need_normalized': False, 'use_PLM': True, 'save_labels': False, 'task_specific_prompt': 'Please recognize emotion of the above multimodal content from the target                                                 set <neutral:0, surprise:1, fear:2, sadness:3, joy:4, disgust:5, anger:6>. response: The emotion is', 'max_new_tokens': 1, 'pseudo_tokens': 2, 'label_index_mapping': {'neutral': 0, 'surprise': 1, 'fear': 2, 'sadness': 3, 'joy': 4, 'disgust': 5, 'anger': 6}, 'batch_size': 12, 'learning_rate': 0.0005, 'a_lstm_hidden_size': 32, 'v_lstm_hidden_size': 16, 'a_lstm_layers': 1, 'v_lstm_layers': 1, 'a_lstm_dropout': 0.0, 'v_lstm_dropout': 0.0, 'warm_up_epochs': 50, 'gamma': 1, 'update_epochs': 1, 'early_stop': 8, 'H': 3.0, 'seed': 3333}>
2026-03-31 10:30:09:INFO:Find gpu: 0, with memory: 509607936 left!
2026-03-31 10:30:09:INFO:Let's use the GPU 1 !
2026-03-31 10:30:39:INFO:trainable params: 3711632 || all params: 6247295632 || trainable%: 0.05941181942772514
2026-03-31 10:30:40:INFO:Init labels...
2026-03-31 10:30:40:INFO:Start training...
2026-03-31 10:37:12:INFO:TRAIN-(cmcm) (1/1/1)>> loss: 2.1974
2026-03-31 10:37:51:INFO:VAL-(cmcm) >>
2026-03-31 10:37:51:INFO:M: >>  acc: 0.4229  weight_F1: 0.2601 
2026-03-31 10:37:58:INFO:Saving checkpoint at epoch 1 to /root/autodl-tmp/results/models/cmcm-meld-classification.pth.
2026-03-31 10:44:33:INFO:TRAIN-(cmcm) (1/2/1)>> loss: 0.7366
2026-03-31 10:45:12:INFO:VAL-(cmcm) >>
2026-03-31 10:45:12:INFO:M: >>  acc: 0.4590  weight_F1: 0.3838 
2026-03-31 10:45:19:INFO:Saving checkpoint at epoch 2 to /root/autodl-tmp/results/models/cmcm-meld-classification.pth.
2026-03-31 10:51:55:INFO:TRAIN-(cmcm) (1/3/1)>> loss: 0.6387
2026-03-31 10:52:34:INFO:VAL-(cmcm) >>
2026-03-31 10:52:34:INFO:M: >>  acc: 0.5915  weight_F1: 0.5615 
2026-03-31 10:52:41:INFO:Saving checkpoint at epoch 3 to /root/autodl-tmp/results/models/cmcm-meld-classification.pth.
2026-03-31 10:59:15:INFO:TRAIN-(cmcm) (1/4/1)>> loss: 0.5388
2026-03-31 10:59:54:INFO:VAL-(cmcm) >>
2026-03-31 10:59:54:INFO:M: >>  acc: 0.6303  weight_F1: 0.6164 
2026-03-31 11:00:01:INFO:Saving checkpoint at epoch 4 to /root/autodl-tmp/results/models/cmcm-meld-classification.pth.
2026-03-31 11:06:34:INFO:TRAIN-(cmcm) (1/5/1)>> loss: 0.5118
2026-03-31 11:07:13:INFO:VAL-(cmcm) >>
2026-03-31 11:07:13:INFO:M: >>  acc: 0.6447  weight_F1: 0.6280 
2026-03-31 11:07:20:INFO:Saving checkpoint at epoch 5 to /root/autodl-tmp/results/models/cmcm-meld-classification.pth.
2026-03-31 11:13:57:INFO:TRAIN-(cmcm) (1/6/1)>> loss: 0.4937
2026-03-31 11:14:36:INFO:VAL-(cmcm) >>
2026-03-31 11:14:36:INFO:M: >>  acc: 0.6564  weight_F1: 0.6502 
2026-03-31 11:14:43:INFO:Saving checkpoint at epoch 6 to /root/autodl-tmp/results/models/cmcm-meld-classification.pth.
2026-03-31 11:21:18:INFO:TRAIN-(cmcm) (1/7/1)>> loss: 0.4825
2026-03-31 11:21:57:INFO:VAL-(cmcm) >>
2026-03-31 11:21:57:INFO:M: >>  acc: 0.6546  weight_F1: 0.6489 
2026-03-31 11:28:30:INFO:TRAIN-(cmcm) (2/8/1)>> loss: 0.4718
2026-03-31 11:29:09:INFO:VAL-(cmcm) >>
2026-03-31 11:29:09:INFO:M: >>  acc: 0.6601  weight_F1: 0.6565 
2026-03-31 11:29:16:INFO:Saving checkpoint at epoch 8 to /root/autodl-tmp/results/models/cmcm-meld-classification.pth.
2026-03-31 11:35:51:INFO:TRAIN-(cmcm) (1/9/1)>> loss: 0.4620
2026-03-31 11:36:30:INFO:VAL-(cmcm) >>
2026-03-31 11:36:30:INFO:M: >>  acc: 0.6555  weight_F1: 0.6552 
2026-03-31 11:43:05:INFO:TRAIN-(cmcm) (2/10/1)>> loss: 0.4509
2026-03-31 11:43:44:INFO:VAL-(cmcm) >>
2026-03-31 11:43:44:INFO:M: >>  acc: 0.6601  weight_F1: 0.6567 
2026-03-31 11:43:51:INFO:Saving checkpoint at epoch 10 to /root/autodl-tmp/results/models/cmcm-meld-classification.pth.
2026-03-31 11:50:32:INFO:TRAIN-(cmcm) (1/11/1)>> loss: 0.4405
2026-03-31 11:51:11:INFO:VAL-(cmcm) >>
2026-03-31 11:51:11:INFO:M: >>  acc: 0.6637  weight_F1: 0.6551 
2026-03-31 11:58:05:INFO:TRAIN-(cmcm) (2/12/1)>> loss: 0.4264
2026-03-31 11:58:45:INFO:VAL-(cmcm) >>
2026-03-31 11:58:45:INFO:M: >>  acc: 0.6619  weight_F1: 0.6484 
2026-03-31 12:05:22:INFO:TRAIN-(cmcm) (3/13/1)>> loss: 0.4164
2026-03-31 12:06:01:INFO:VAL-(cmcm) >>
2026-03-31 12:06:01:INFO:M: >>  acc: 0.6628  weight_F1: 0.6552 
2026-03-31 12:12:45:INFO:TRAIN-(cmcm) (4/14/1)>> loss: 0.4031
2026-03-31 12:13:24:INFO:VAL-(cmcm) >>
2026-03-31 12:13:24:INFO:M: >>  acc: 0.6267  weight_F1: 0.6277 
2026-03-31 12:20:06:INFO:TRAIN-(cmcm) (5/15/1)>> loss: 0.3857
2026-03-31 12:20:45:INFO:VAL-(cmcm) >>
2026-03-31 12:20:45:INFO:M: >>  acc: 0.6438  weight_F1: 0.6388 
2026-03-31 12:27:34:INFO:TRAIN-(cmcm) (6/16/1)>> loss: 0.3695
2026-03-31 12:28:13:INFO:VAL-(cmcm) >>
2026-03-31 12:28:13:INFO:M: >>  acc: 0.6501  weight_F1: 0.6459 
2026-03-31 12:34:51:INFO:TRAIN-(cmcm) (7/17/1)>> loss: 0.3521
2026-03-31 12:35:30:INFO:VAL-(cmcm) >>
2026-03-31 12:35:30:INFO:M: >>  acc: 0.6150  weight_F1: 0.6133 
2026-03-31 12:42:02:INFO:TRAIN-(cmcm) (8/18/1)>> loss: 0.3350
2026-03-31 12:42:41:INFO:VAL-(cmcm) >>
2026-03-31 12:42:41:INFO:M: >>  acc: 0.6357  weight_F1: 0.6352 
2026-03-31 12:44:14:INFO:TEST-(cmcm) >>
2026-03-31 12:44:14:INFO:M: >>  acc: 0.6548  weight_F1: 0.6493 
2026-03-31 12:44:14:INFO:Results are added to /root/autodl-tmp/results/results/meld-classification-50.csv...
2026-04-01 19:29:09:INFO:========= 准备训练数据集: meld (classification) =========
2026-04-01 19:29:09:INFO:Start running cmcm...
2026-04-01 19:29:09:INFO:<Storage{'is_tune': False, 'train_mode': 'classification', 'modelName': 'cmcm', 'model_type': 'chatglm3', 'datasetName': 'meld', 'root_dataset_dir': '/root/autodl-tmp/datasets/', 'num_workers': 0, 'model_save_dir': '/root/autodl-tmp/results/models', 'res_save_dir': '/root/autodl-tmp/results/results', 'pretrain_LM': '/root/autodl-tmp/models/chatglm3-6b-base', 'gpu_ids': [], 'seeds': [3333], 'use_moe_fusion': True, 'use_gate': True, 'use_moe_lb_loss': False, 'timestamp': '20260401_192909', 'dataPath': '/root/autodl-tmp/datasets/MELD', 'seq_lens': (65, 157, 32), 'feature_dims': (0, 64, 64), 'train_samples': 9992, 'num_classes': 3, 'language': 'en', 'KeyEval': 'weight_F1', 'need_data_aligned': False, 'need_model_aligned': False, 'need_label_prefix': True, 'need_normalized': False, 'use_PLM': True, 'save_labels': False, 'task_specific_prompt': 'Please recognize emotion of the above multimodal content from the target                                                 set <neutral:0, surprise:1, fear:2, sadness:3, joy:4, disgust:5, anger:6>. response: The emotion is', 'max_new_tokens': 1, 'pseudo_tokens': 2, 'label_index_mapping': {'neutral': 0, 'surprise': 1, 'fear': 2, 'sadness': 3, 'joy': 4, 'disgust': 5, 'anger': 6}, 'batch_size': 12, 'learning_rate': 0.0005, 'a_lstm_hidden_size': 32, 'v_lstm_hidden_size': 16, 'a_lstm_layers': 1, 'v_lstm_layers': 1, 'a_lstm_dropout': 0.0, 'v_lstm_dropout': 0.0, 'warm_up_epochs': 50, 'gamma': 1, 'update_epochs': 1, 'early_stop': 8, 'H': 3.0, 'seed': 3333}>
2026-04-01 19:29:10:INFO:Find gpu: 0, with memory: 509607936 left!
2026-04-01 19:29:10:INFO:Let's use the GPU 1 !
2026-04-01 19:29:35:INFO:trainable params: 3711632 || all params: 6247295632 || trainable%: 0.05941181942772514
2026-04-01 19:29:35:INFO:Init labels...
2026-04-01 19:29:35:INFO:Start training...
2026-04-01 19:36:07:INFO:TRAIN-(cmcm) (1/1/1)>> loss: 2.1904
2026-04-01 19:36:47:INFO:VAL-(cmcm) >>
2026-04-01 19:36:47:INFO:M: >>  acc: 0.4229  weight_F1: 0.2601 
2026-04-01 19:36:54:INFO:Saving checkpoint at epoch 1 to /root/autodl-tmp/results/models/cmcm-meld-classification-20260401_192909.pth.
2026-04-01 19:43:29:INFO:TRAIN-(cmcm) (1/2/1)>> loss: 0.7296
2026-04-01 19:44:08:INFO:VAL-(cmcm) >>
2026-04-01 19:44:08:INFO:M: >>  acc: 0.4581  weight_F1: 0.3829 
2026-04-01 19:44:15:INFO:Saving checkpoint at epoch 2 to /root/autodl-tmp/results/models/cmcm-meld-classification-20260401_192909.pth.
2026-04-01 19:50:48:INFO:TRAIN-(cmcm) (1/3/1)>> loss: 0.6318
2026-04-01 19:51:27:INFO:VAL-(cmcm) >>
2026-04-01 19:51:27:INFO:M: >>  acc: 0.5951  weight_F1: 0.5661 
2026-04-01 19:51:34:INFO:Saving checkpoint at epoch 3 to /root/autodl-tmp/results/models/cmcm-meld-classification-20260401_192909.pth.
2026-04-01 19:58:11:INFO:TRAIN-(cmcm) (1/4/1)>> loss: 0.5322
2026-04-01 19:58:51:INFO:VAL-(cmcm) >>
2026-04-01 19:58:51:INFO:M: >>  acc: 0.6294  weight_F1: 0.6171 
2026-04-01 19:58:58:INFO:Saving checkpoint at epoch 4 to /root/autodl-tmp/results/models/cmcm-meld-classification-20260401_192909.pth.
2026-04-01 20:05:33:INFO:TRAIN-(cmcm) (1/5/1)>> loss: 0.5045
2026-04-01 20:06:12:INFO:VAL-(cmcm) >>
2026-04-01 20:06:12:INFO:M: >>  acc: 0.6393  weight_F1: 0.6216 
2026-04-01 20:06:19:INFO:Saving checkpoint at epoch 5 to /root/autodl-tmp/results/models/cmcm-meld-classification-20260401_192909.pth.
2026-04-01 20:12:52:INFO:TRAIN-(cmcm) (1/6/1)>> loss: 0.4872
2026-04-01 20:13:31:INFO:VAL-(cmcm) >>
2026-04-01 20:13:31:INFO:M: >>  acc: 0.6510  weight_F1: 0.6455 
2026-04-01 20:13:38:INFO:Saving checkpoint at epoch 6 to /root/autodl-tmp/results/models/cmcm-meld-classification-20260401_192909.pth.
2026-04-01 20:20:14:INFO:TRAIN-(cmcm) (1/7/1)>> loss: 0.4755
2026-04-01 20:20:53:INFO:VAL-(cmcm) >>
2026-04-01 20:20:53:INFO:M: >>  acc: 0.6583  weight_F1: 0.6528 
2026-04-01 20:21:00:INFO:Saving checkpoint at epoch 7 to /root/autodl-tmp/results/models/cmcm-meld-classification-20260401_192909.pth.
2026-04-01 20:27:36:INFO:TRAIN-(cmcm) (1/8/1)>> loss: 0.4649
2026-04-01 20:28:15:INFO:VAL-(cmcm) >>
2026-04-01 20:28:15:INFO:M: >>  acc: 0.6682  weight_F1: 0.6618 
2026-04-01 20:28:22:INFO:Saving checkpoint at epoch 8 to /root/autodl-tmp/results/models/cmcm-meld-classification-20260401_192909.pth.
2026-04-01 20:34:56:INFO:TRAIN-(cmcm) (1/9/1)>> loss: 0.4546
2026-04-01 20:35:35:INFO:VAL-(cmcm) >>
2026-04-01 20:35:35:INFO:M: >>  acc: 0.6537  weight_F1: 0.6521 
2026-04-01 20:42:08:INFO:TRAIN-(cmcm) (2/10/1)>> loss: 0.4443
2026-04-01 20:42:47:INFO:VAL-(cmcm) >>
2026-04-01 20:42:47:INFO:M: >>  acc: 0.6673  weight_F1: 0.6597 
2026-04-01 20:49:20:INFO:TRAIN-(cmcm) (3/11/1)>> loss: 0.4330
2026-04-01 20:49:59:INFO:VAL-(cmcm) >>
2026-04-01 20:49:59:INFO:M: >>  acc: 0.6727  weight_F1: 0.6657 
2026-04-01 20:50:06:INFO:Saving checkpoint at epoch 11 to /root/autodl-tmp/results/models/cmcm-meld-classification-20260401_192909.pth.
2026-04-01 20:56:42:INFO:TRAIN-(cmcm) (1/12/1)>> loss: 0.4177
2026-04-01 20:57:21:INFO:VAL-(cmcm) >>
2026-04-01 20:57:21:INFO:M: >>  acc: 0.6727  weight_F1: 0.6577 
2026-04-01 21:03:57:INFO:TRAIN-(cmcm) (2/13/1)>> loss: 0.4077
2026-04-01 21:04:36:INFO:VAL-(cmcm) >>
2026-04-01 21:04:36:INFO:M: >>  acc: 0.6646  weight_F1: 0.6578 
2026-04-01 21:11:11:INFO:TRAIN-(cmcm) (3/14/1)>> loss: 0.3968
2026-04-01 21:11:50:INFO:VAL-(cmcm) >>
2026-04-01 21:11:50:INFO:M: >>  acc: 0.6393  weight_F1: 0.6415 
2026-04-01 21:18:24:INFO:TRAIN-(cmcm) (4/15/1)>> loss: 0.3803
2026-04-01 21:19:03:INFO:VAL-(cmcm) >>
2026-04-01 21:19:03:INFO:M: >>  acc: 0.6483  weight_F1: 0.6451 
2026-04-01 21:25:37:INFO:TRAIN-(cmcm) (5/16/1)>> loss: 0.3624
2026-04-01 21:26:16:INFO:VAL-(cmcm) >>
2026-04-01 21:26:16:INFO:M: >>  acc: 0.6483  weight_F1: 0.6461 
2026-04-01 21:32:48:INFO:TRAIN-(cmcm) (6/17/1)>> loss: 0.3462
2026-04-01 21:33:27:INFO:VAL-(cmcm) >>
2026-04-01 21:33:27:INFO:M: >>  acc: 0.6474  weight_F1: 0.6435 
2026-04-01 21:39:56:INFO:TRAIN-(cmcm) (7/18/1)>> loss: 0.3266
2026-04-01 21:40:35:INFO:VAL-(cmcm) >>
2026-04-01 21:40:35:INFO:M: >>  acc: 0.6366  weight_F1: 0.6369 
2026-04-01 21:47:07:INFO:TRAIN-(cmcm) (8/19/1)>> loss: 0.3050
2026-04-01 21:47:47:INFO:VAL-(cmcm) >>
2026-04-01 21:47:47:INFO:M: >>  acc: 0.6393  weight_F1: 0.6378 
2026-04-01 21:49:20:INFO:TEST-(cmcm) >>
2026-04-01 21:49:20:INFO:M: >>  acc: 0.6667  weight_F1: 0.6576 
2026-04-01 21:49:20:INFO:Results are added to /root/autodl-tmp/results/results/meld-classification-50-20260401_192909.csv...
2026-04-02 15:15:36:INFO:========= 准备训练数据集: meld (classification) =========
2026-04-02 15:15:36:INFO:Start running cmcm...
2026-04-02 15:15:36:INFO:<Storage{'is_tune': False, 'train_mode': 'classification', 'modelName': 'cmcm', 'model_type': 'chatglm3', 'datasetName': 'meld', 'root_dataset_dir': '/root/autodl-tmp/datasets/', 'num_workers': 0, 'model_save_dir': '/root/autodl-tmp/results/models', 'res_save_dir': '/root/autodl-tmp/results/results', 'pretrain_LM': '/root/autodl-tmp/models/chatglm3-6b', 'gpu_ids': [], 'seeds': [1111, 2222, 3333], 'use_moe_fusion': True, 'use_gate': True, 'use_moe_lb_loss': True, 'num_global_experts': 3, 'num_local_experts': 3, 'expert_bottleneck': 64, 'use_diff_loss': True, 'use_expert_diff_loss': True, 'diff_loss_weight': 0.01, 'use_nce_loss': True, 'nce_hidden_dim': 32, 'nce_pred_steps': 2, 'nce_weight': 0.05, 'timestamp': '20260402_151536', 'dataPath': '/root/autodl-tmp/datasets/MELD', 'seq_lens': (65, 157, 32), 'feature_dims': (0, 64, 64), 'train_samples': 9992, 'num_classes': 3, 'language': 'en', 'KeyEval': 'weight_F1', 'need_data_aligned': False, 'need_model_aligned': False, 'need_label_prefix': True, 'need_normalized': False, 'use_PLM': True, 'save_labels': False, 'task_specific_prompt': 'Please recognize emotion of the above multimodal content from the target                                                 set <neutral:0, surprise:1, fear:2, sadness:3, joy:4, disgust:5, anger:6>. response: The emotion is', 'max_new_tokens': 1, 'pseudo_tokens': 2, 'label_index_mapping': {'neutral': 0, 'surprise': 1, 'fear': 2, 'sadness': 3, 'joy': 4, 'disgust': 5, 'anger': 6}, 'batch_size': 12, 'learning_rate': 0.0005, 'a_lstm_hidden_size': 32, 'v_lstm_hidden_size': 16, 'a_lstm_layers': 1, 'v_lstm_layers': 1, 'a_lstm_dropout': 0.0, 'v_lstm_dropout': 0.0, 'warm_up_epochs': 50, 'gamma': 1, 'update_epochs': 1, 'early_stop': 8, 'H': 3.0, 'seed': 1111}>
2026-04-02 15:15:36:INFO:Find gpu: 0, with memory: 509607936 left!
2026-04-02 15:15:36:INFO:Let's use the GPU 1 !
2026-04-02 15:15:55:INFO:========= 准备训练数据集: meld (classification) =========
2026-04-02 15:15:55:INFO:Start running cmcm...
2026-04-02 15:15:55:INFO:<Storage{'is_tune': False, 'train_mode': 'classification', 'modelName': 'cmcm', 'model_type': 'chatglm3', 'datasetName': 'meld', 'root_dataset_dir': '/root/autodl-tmp/datasets/', 'num_workers': 0, 'model_save_dir': '/root/autodl-tmp/results/models', 'res_save_dir': '/root/autodl-tmp/results/results', 'pretrain_LM': '/root/autodl-tmp/models/chatglm3-6b-base', 'gpu_ids': [], 'seeds': [1111, 2222, 3333], 'use_moe_fusion': True, 'use_gate': True, 'use_moe_lb_loss': True, 'num_global_experts': 3, 'num_local_experts': 3, 'expert_bottleneck': 64, 'use_diff_loss': True, 'use_expert_diff_loss': True, 'diff_loss_weight': 0.01, 'use_nce_loss': True, 'nce_hidden_dim': 32, 'nce_pred_steps': 2, 'nce_weight': 0.05, 'timestamp': '20260402_151555', 'dataPath': '/root/autodl-tmp/datasets/MELD', 'seq_lens': (65, 157, 32), 'feature_dims': (0, 64, 64), 'train_samples': 9992, 'num_classes': 3, 'language': 'en', 'KeyEval': 'weight_F1', 'need_data_aligned': False, 'need_model_aligned': False, 'need_label_prefix': True, 'need_normalized': False, 'use_PLM': True, 'save_labels': False, 'task_specific_prompt': 'Please recognize emotion of the above multimodal content from the target                                                 set <neutral:0, surprise:1, fear:2, sadness:3, joy:4, disgust:5, anger:6>. response: The emotion is', 'max_new_tokens': 1, 'pseudo_tokens': 2, 'label_index_mapping': {'neutral': 0, 'surprise': 1, 'fear': 2, 'sadness': 3, 'joy': 4, 'disgust': 5, 'anger': 6}, 'batch_size': 12, 'learning_rate': 0.0005, 'a_lstm_hidden_size': 32, 'v_lstm_hidden_size': 16, 'a_lstm_layers': 1, 'v_lstm_layers': 1, 'a_lstm_dropout': 0.0, 'v_lstm_dropout': 0.0, 'warm_up_epochs': 50, 'gamma': 1, 'update_epochs': 1, 'early_stop': 8, 'H': 3.0, 'seed': 1111}>
2026-04-02 15:15:55:INFO:Find gpu: 0, with memory: 509607936 left!
2026-04-02 15:15:55:INFO:Let's use the GPU 1 !
2026-04-02 15:16:24:INFO:trainable params: 2999886 || all params: 6246583886 || trainable%: 0.04802442510575131
2026-04-02 15:16:24:INFO:Init labels...
2026-04-02 15:16:24:INFO:Start training...
2026-04-02 15:23:02:INFO:TRAIN-(cmcm) (1/1/1)>> loss: 3.4293
2026-04-02 15:23:41:INFO:VAL-(cmcm) >>
2026-04-02 15:23:41:INFO:M: >>  acc: 0.4346  weight_F1: 0.2900 
2026-04-02 15:23:48:INFO:Saving checkpoint at epoch 1 to /root/autodl-tmp/results/models/cmcm-meld-classification-20260402_151555.pth.
2026-04-02 15:30:28:INFO:TRAIN-(cmcm) (1/2/1)>> loss: 0.7529
2026-04-02 15:31:07:INFO:VAL-(cmcm) >>
2026-04-02 15:31:07:INFO:M: >>  acc: 0.5311  weight_F1: 0.4939 
2026-04-02 15:31:14:INFO:Saving checkpoint at epoch 2 to /root/autodl-tmp/results/models/cmcm-meld-classification-20260402_151555.pth.
2026-04-02 15:37:53:INFO:TRAIN-(cmcm) (1/3/1)>> loss: 0.6464
2026-04-02 15:38:32:INFO:VAL-(cmcm) >>
2026-04-02 15:38:32:INFO:M: >>  acc: 0.6087  weight_F1: 0.5842 
2026-04-02 15:38:38:INFO:Saving checkpoint at epoch 3 to /root/autodl-tmp/results/models/cmcm-meld-classification-20260402_151555.pth.
2026-04-02 15:45:18:INFO:TRAIN-(cmcm) (1/4/1)>> loss: 0.6015
2026-04-02 15:45:57:INFO:VAL-(cmcm) >>
2026-04-02 15:45:57:INFO:M: >>  acc: 0.6258  weight_F1: 0.5945 
2026-04-02 15:46:04:INFO:Saving checkpoint at epoch 4 to /root/autodl-tmp/results/models/cmcm-meld-classification-20260402_151555.pth.
2026-04-02 15:52:45:INFO:TRAIN-(cmcm) (1/5/1)>> loss: 0.5778
2026-04-02 15:53:25:INFO:VAL-(cmcm) >>
2026-04-02 15:53:25:INFO:M: >>  acc: 0.6330  weight_F1: 0.6123 
2026-04-02 15:53:32:INFO:Saving checkpoint at epoch 5 to /root/autodl-tmp/results/models/cmcm-meld-classification-20260402_151555.pth.
2026-04-02 16:00:11:INFO:TRAIN-(cmcm) (1/6/1)>> loss: 0.5608
2026-04-02 16:00:50:INFO:VAL-(cmcm) >>
2026-04-02 16:00:50:INFO:M: >>  acc: 0.6438  weight_F1: 0.6239 
2026-04-02 16:00:58:INFO:Saving checkpoint at epoch 6 to /root/autodl-tmp/results/models/cmcm-meld-classification-20260402_151555.pth.
2026-04-02 16:07:41:INFO:TRAIN-(cmcm) (1/7/1)>> loss: 0.5403
2026-04-02 16:08:20:INFO:VAL-(cmcm) >>
2026-04-02 16:08:20:INFO:M: >>  acc: 0.6501  weight_F1: 0.6406 
2026-04-02 16:08:27:INFO:Saving checkpoint at epoch 7 to /root/autodl-tmp/results/models/cmcm-meld-classification-20260402_151555.pth.
2026-04-02 16:15:10:INFO:TRAIN-(cmcm) (1/8/1)>> loss: 0.5289
2026-04-02 16:15:49:INFO:VAL-(cmcm) >>
2026-04-02 16:15:49:INFO:M: >>  acc: 0.6492  weight_F1: 0.6345 
2026-04-02 16:22:30:INFO:TRAIN-(cmcm) (2/9/1)>> loss: 0.5195
2026-04-02 16:23:09:INFO:VAL-(cmcm) >>
2026-04-02 16:23:09:INFO:M: >>  acc: 0.6420  weight_F1: 0.6224 
2026-04-02 16:29:50:INFO:TRAIN-(cmcm) (3/10/1)>> loss: 0.5144
2026-04-02 16:30:29:INFO:VAL-(cmcm) >>
2026-04-02 16:30:29:INFO:M: >>  acc: 0.6483  weight_F1: 0.6295 
2026-04-02 16:37:12:INFO:TRAIN-(cmcm) (4/11/1)>> loss: 0.5058
2026-04-02 16:37:51:INFO:VAL-(cmcm) >>
2026-04-02 16:37:51:INFO:M: >>  acc: 0.6628  weight_F1: 0.6475 
2026-04-02 16:37:58:INFO:Saving checkpoint at epoch 11 to /root/autodl-tmp/results/models/cmcm-meld-classification-20260402_151555.pth.
2026-04-02 16:44:43:INFO:TRAIN-(cmcm) (1/12/1)>> loss: 0.5004
2026-04-02 16:45:22:INFO:VAL-(cmcm) >>
2026-04-02 16:45:22:INFO:M: >>  acc: 0.6619  weight_F1: 0.6480 
2026-04-02 16:45:29:INFO:Saving checkpoint at epoch 12 to /root/autodl-tmp/results/models/cmcm-meld-classification-20260402_151555.pth.
2026-04-02 16:52:15:INFO:TRAIN-(cmcm) (1/13/1)>> loss: 0.4959
2026-04-02 16:52:54:INFO:VAL-(cmcm) >>
2026-04-02 16:52:54:INFO:M: >>  acc: 0.6655  weight_F1: 0.6475 
2026-04-02 16:59:38:INFO:TRAIN-(cmcm) (2/14/1)>> loss: 0.4883
2026-04-02 17:00:17:INFO:VAL-(cmcm) >>
2026-04-02 17:00:17:INFO:M: >>  acc: 0.6501  weight_F1: 0.6392 
2026-04-02 17:07:01:INFO:TRAIN-(cmcm) (3/15/1)>> loss: 0.4815
2026-04-02 17:07:40:INFO:VAL-(cmcm) >>
2026-04-02 17:07:40:INFO:M: >>  acc: 0.6537  weight_F1: 0.6456 
2026-04-02 17:14:21:INFO:TRAIN-(cmcm) (4/16/1)>> loss: 0.4745
2026-04-02 17:15:00:INFO:VAL-(cmcm) >>
2026-04-02 17:15:00:INFO:M: >>  acc: 0.6736  weight_F1: 0.6597 
2026-04-02 17:15:08:INFO:Saving checkpoint at epoch 16 to /root/autodl-tmp/results/models/cmcm-meld-classification-20260402_151555.pth.
2026-04-02 17:21:50:INFO:TRAIN-(cmcm) (1/17/1)>> loss: 0.4689
2026-04-02 17:22:29:INFO:VAL-(cmcm) >>
2026-04-02 17:22:29:INFO:M: >>  acc: 0.6628  weight_F1: 0.6565 
2026-04-02 17:29:10:INFO:TRAIN-(cmcm) (2/18/1)>> loss: 0.4629
2026-04-02 17:29:50:INFO:VAL-(cmcm) >>
2026-04-02 17:29:50:INFO:M: >>  acc: 0.6447  weight_F1: 0.6384 
2026-04-02 17:36:30:INFO:TRAIN-(cmcm) (3/19/1)>> loss: 0.4544
2026-04-02 17:37:10:INFO:VAL-(cmcm) >>
2026-04-02 17:37:10:INFO:M: >>  acc: 0.6483  weight_F1: 0.6434 
2026-04-02 17:43:49:INFO:TRAIN-(cmcm) (4/20/1)>> loss: 0.4457
2026-04-02 17:44:29:INFO:VAL-(cmcm) >>
2026-04-02 17:44:29:INFO:M: >>  acc: 0.6402  weight_F1: 0.6314 
2026-04-02 17:51:09:INFO:TRAIN-(cmcm) (5/21/1)>> loss: 0.4417
2026-04-02 17:51:48:INFO:VAL-(cmcm) >>
2026-04-02 17:51:48:INFO:M: >>  acc: 0.6528  weight_F1: 0.6392 
2026-04-02 17:58:28:INFO:TRAIN-(cmcm) (6/22/1)>> loss: 0.4306
2026-04-02 17:59:07:INFO:VAL-(cmcm) >>
2026-04-02 17:59:07:INFO:M: >>  acc: 0.6546  weight_F1: 0.6401 
2026-04-02 18:05:47:INFO:TRAIN-(cmcm) (7/23/1)>> loss: 0.4232
2026-04-02 18:06:26:INFO:VAL-(cmcm) >>
2026-04-02 18:06:26:INFO:M: >>  acc: 0.6402  weight_F1: 0.6344 
2026-04-02 18:13:10:INFO:TRAIN-(cmcm) (8/24/1)>> loss: 0.4153
2026-04-02 18:13:49:INFO:VAL-(cmcm) >>
2026-04-02 18:13:49:INFO:M: >>  acc: 0.6564  weight_F1: 0.6463 
2026-04-02 18:15:22:INFO:TEST-(cmcm) >>
2026-04-02 18:15:22:INFO:M: >>  acc: 0.6563  weight_F1: 0.6443 
2026-04-02 18:15:22:INFO:Results are added to /root/autodl-tmp/results/results/meld-classification-50-20260402_151555.csv...
2026-04-02 18:15:22:INFO:Start running cmcm...
2026-04-02 18:15:22:INFO:<Storage{'is_tune': False, 'train_mode': 'classification', 'modelName': 'cmcm', 'model_type': 'chatglm3', 'datasetName': 'meld', 'root_dataset_dir': '/root/autodl-tmp/datasets/', 'num_workers': 0, 'model_save_dir': '/root/autodl-tmp/results/models', 'res_save_dir': '/root/autodl-tmp/results/results', 'pretrain_LM': '/root/autodl-tmp/models/chatglm3-6b-base', 'gpu_ids': [0], 'seeds': [1111, 2222, 3333], 'use_moe_fusion': True, 'use_gate': True, 'use_moe_lb_loss': True, 'num_global_experts': 3, 'num_local_experts': 3, 'expert_bottleneck': 64, 'use_diff_loss': True, 'use_expert_diff_loss': True, 'diff_loss_weight': 0.01, 'use_nce_loss': True, 'nce_hidden_dim': 32, 'nce_pred_steps': 2, 'nce_weight': 0.05, 'timestamp': '20260402_151555', 'dataPath': '/root/autodl-tmp/datasets/MELD', 'seq_lens': (65, 157, 32), 'feature_dims': (0, 64, 64), 'train_samples': 9992, 'num_classes': 3, 'language': 'en', 'KeyEval': 'weight_F1', 'need_data_aligned': False, 'need_model_aligned': False, 'need_label_prefix': True, 'need_normalized': False, 'use_PLM': True, 'save_labels': False, 'task_specific_prompt': 'Please recognize emotion of the above multimodal content from the target                                                 set <neutral:0, surprise:1, fear:2, sadness:3, joy:4, disgust:5, anger:6>. response: The emotion is', 'max_new_tokens': 1, 'pseudo_tokens': 2, 'label_index_mapping': {'neutral': 0, 'surprise': 1, 'fear': 2, 'sadness': 3, 'joy': 4, 'disgust': 5, 'anger': 6}, 'batch_size': 12, 'learning_rate': 0.0005, 'a_lstm_hidden_size': 32, 'v_lstm_hidden_size': 16, 'a_lstm_layers': 1, 'v_lstm_layers': 1, 'a_lstm_dropout': 0.0, 'v_lstm_dropout': 0.0, 'warm_up_epochs': 50, 'gamma': 1, 'update_epochs': 1, 'early_stop': 8, 'H': 3.0, 'seed': 2222}>
2026-04-02 18:15:22:INFO:Let's use the GPU 1 !
2026-04-02 18:15:49:INFO:trainable params: 2999886 || all params: 6246583886 || trainable%: 0.04802442510575131
2026-04-02 18:15:49:INFO:Init labels...
2026-04-02 18:15:49:INFO:Start training...
2026-04-02 18:22:32:INFO:TRAIN-(cmcm) (1/1/2)>> loss: 1.8364
2026-04-02 18:23:12:INFO:VAL-(cmcm) >>
2026-04-02 18:23:12:INFO:M: >>  acc: 0.4554  weight_F1: 0.4064 
2026-04-02 18:23:19:INFO:Saving checkpoint at epoch 1 to /root/autodl-tmp/results/models/cmcm-meld-classification-20260402_151555.pth.
2026-04-02 18:30:06:INFO:TRAIN-(cmcm) (1/2/2)>> loss: 0.7405
2026-04-02 18:30:46:INFO:VAL-(cmcm) >>
2026-04-02 18:30:46:INFO:M: >>  acc: 0.4409  weight_F1: 0.4455 
2026-04-02 18:30:53:INFO:Saving checkpoint at epoch 2 to /root/autodl-tmp/results/models/cmcm-meld-classification-20260402_151555.pth.
2026-04-02 18:37:42:INFO:TRAIN-(cmcm) (1/3/2)>> loss: 0.6829
2026-04-02 18:38:21:INFO:VAL-(cmcm) >>
2026-04-02 18:38:21:INFO:M: >>  acc: 0.5600  weight_F1: 0.5288 
2026-04-02 18:38:29:INFO:Saving checkpoint at epoch 3 to /root/autodl-tmp/results/models/cmcm-meld-classification-20260402_151555.pth.
2026-04-02 18:45:21:INFO:TRAIN-(cmcm) (1/4/2)>> loss: 0.6463
2026-04-02 18:46:01:INFO:VAL-(cmcm) >>
2026-04-02 18:46:01:INFO:M: >>  acc: 0.5564  weight_F1: 0.4900 
2026-04-02 18:52:52:INFO:TRAIN-(cmcm) (2/5/2)>> loss: 0.6227
2026-04-02 18:53:31:INFO:VAL-(cmcm) >>
2026-04-02 18:53:31:INFO:M: >>  acc: 0.6069  weight_F1: 0.5684 
2026-04-02 18:53:39:INFO:Saving checkpoint at epoch 5 to /root/autodl-tmp/results/models/cmcm-meld-classification-20260402_151555.pth.
2026-04-02 19:00:32:INFO:TRAIN-(cmcm) (1/6/2)>> loss: 0.6033
2026-04-02 19:01:12:INFO:VAL-(cmcm) >>
2026-04-02 19:01:12:INFO:M: >>  acc: 0.5942  weight_F1: 0.5763 
2026-04-02 19:01:19:INFO:Saving checkpoint at epoch 6 to /root/autodl-tmp/results/models/cmcm-meld-classification-20260402_151555.pth.
2026-04-02 19:08:15:INFO:TRAIN-(cmcm) (1/7/2)>> loss: 0.5897
2026-04-02 19:08:54:INFO:VAL-(cmcm) >>
2026-04-02 19:08:54:INFO:M: >>  acc: 0.6429  weight_F1: 0.6221 
2026-04-02 19:09:02:INFO:Saving checkpoint at epoch 7 to /root/autodl-tmp/results/models/cmcm-meld-classification-20260402_151555.pth.
2026-04-02 19:16:00:INFO:TRAIN-(cmcm) (1/8/2)>> loss: 0.5748
2026-04-02 19:16:39:INFO:VAL-(cmcm) >>
2026-04-02 19:16:39:INFO:M: >>  acc: 0.6438  weight_F1: 0.6220 
2026-04-02 19:23:31:INFO:TRAIN-(cmcm) (2/9/2)>> loss: 0.5521
2026-04-02 19:24:11:INFO:VAL-(cmcm) >>
2026-04-02 19:24:11:INFO:M: >>  acc: 0.6465  weight_F1: 0.6165 
2026-04-02 19:31:02:INFO:TRAIN-(cmcm) (3/10/2)>> loss: 0.5453
2026-04-02 19:31:41:INFO:VAL-(cmcm) >>
2026-04-02 19:31:41:INFO:M: >>  acc: 0.6447  weight_F1: 0.6239 
2026-04-02 19:31:49:INFO:Saving checkpoint at epoch 10 to /root/autodl-tmp/results/models/cmcm-meld-classification-20260402_151555.pth.
2026-04-02 19:38:37:INFO:TRAIN-(cmcm) (1/11/2)>> loss: 0.5358
2026-04-02 19:39:16:INFO:VAL-(cmcm) >>
2026-04-02 19:39:16:INFO:M: >>  acc: 0.6303  weight_F1: 0.6149 
2026-04-02 19:46:04:INFO:TRAIN-(cmcm) (2/12/2)>> loss: 0.5301
2026-04-02 19:46:43:INFO:VAL-(cmcm) >>
2026-04-02 19:46:43:INFO:M: >>  acc: 0.6510  weight_F1: 0.6337 
2026-04-02 19:46:51:INFO:Saving checkpoint at epoch 12 to /root/autodl-tmp/results/models/cmcm-meld-classification-20260402_151555.pth.
2026-04-02 19:53:43:INFO:TRAIN-(cmcm) (1/13/2)>> loss: 0.5233
2026-04-02 19:54:22:INFO:VAL-(cmcm) >>
2026-04-02 19:54:22:INFO:M: >>  acc: 0.6501  weight_F1: 0.6404 
2026-04-02 19:54:30:INFO:Saving checkpoint at epoch 13 to /root/autodl-tmp/results/models/cmcm-meld-classification-20260402_151555.pth.
2026-04-02 20:01:28:INFO:TRAIN-(cmcm) (1/14/2)>> loss: 0.5182
2026-04-02 20:02:08:INFO:VAL-(cmcm) >>
2026-04-02 20:02:08:INFO:M: >>  acc: 0.6393  weight_F1: 0.6291 
2026-04-02 20:09:02:INFO:TRAIN-(cmcm) (2/15/2)>> loss: 0.5104
2026-04-02 20:09:42:INFO:VAL-(cmcm) >>
2026-04-02 20:09:42:INFO:M: >>  acc: 0.6492  weight_F1: 0.6408 
2026-04-02 20:09:50:INFO:Saving checkpoint at epoch 15 to /root/autodl-tmp/results/models/cmcm-meld-classification-20260402_151555.pth.
2026-04-02 20:16:47:INFO:TRAIN-(cmcm) (1/16/2)>> loss: 0.5042
2026-04-02 20:17:27:INFO:VAL-(cmcm) >>
2026-04-02 20:17:27:INFO:M: >>  acc: 0.6501  weight_F1: 0.6368 
2026-04-02 20:24:15:INFO:TRAIN-(cmcm) (2/17/2)>> loss: 0.4978
2026-04-02 20:24:54:INFO:VAL-(cmcm) >>
2026-04-02 20:24:54:INFO:M: >>  acc: 0.6420  weight_F1: 0.6322 
2026-04-02 20:31:55:INFO:TRAIN-(cmcm) (3/18/2)>> loss: 0.4926
2026-04-02 20:32:35:INFO:VAL-(cmcm) >>
2026-04-02 20:32:35:INFO:M: >>  acc: 0.6312  weight_F1: 0.6186 
2026-04-02 20:39:42:INFO:TRAIN-(cmcm) (4/19/2)>> loss: 0.4869
2026-04-02 20:40:22:INFO:VAL-(cmcm) >>
2026-04-02 20:40:22:INFO:M: >>  acc: 0.6537  weight_F1: 0.6368 
2026-04-02 20:47:10:INFO:TRAIN-(cmcm) (5/20/2)>> loss: 0.4791
2026-04-02 20:47:50:INFO:VAL-(cmcm) >>
2026-04-02 20:47:50:INFO:M: >>  acc: 0.6411  weight_F1: 0.6272 
2026-04-02 20:54:38:INFO:TRAIN-(cmcm) (6/21/2)>> loss: 0.4702
2026-04-02 20:55:18:INFO:VAL-(cmcm) >>
2026-04-02 20:55:18:INFO:M: >>  acc: 0.6375  weight_F1: 0.6263 
2026-04-02 21:02:03:INFO:TRAIN-(cmcm) (7/22/2)>> loss: 0.4626
2026-04-02 21:02:43:INFO:VAL-(cmcm) >>
2026-04-02 21:02:43:INFO:M: >>  acc: 0.6375  weight_F1: 0.6285 
2026-04-02 21:09:28:INFO:TRAIN-(cmcm) (8/23/2)>> loss: 0.4514
2026-04-02 21:10:08:INFO:VAL-(cmcm) >>
2026-04-02 21:10:08:INFO:M: >>  acc: 0.6294  weight_F1: 0.6206 
2026-04-02 21:11:40:INFO:TEST-(cmcm) >>
2026-04-02 21:11:40:INFO:M: >>  acc: 0.6544  weight_F1: 0.6472 
2026-04-02 21:11:40:INFO:Results are added to /root/autodl-tmp/results/results/meld-classification-50-20260402_151555.csv...
2026-04-02 21:11:40:INFO:Start running cmcm...
2026-04-02 21:11:40:INFO:<Storage{'is_tune': False, 'train_mode': 'classification', 'modelName': 'cmcm', 'model_type': 'chatglm3', 'datasetName': 'meld', 'root_dataset_dir': '/root/autodl-tmp/datasets/', 'num_workers': 0, 'model_save_dir': '/root/autodl-tmp/results/models', 'res_save_dir': '/root/autodl-tmp/results/results', 'pretrain_LM': '/root/autodl-tmp/models/chatglm3-6b-base', 'gpu_ids': [0], 'seeds': [1111, 2222, 3333], 'use_moe_fusion': True, 'use_gate': True, 'use_moe_lb_loss': True, 'num_global_experts': 3, 'num_local_experts': 3, 'expert_bottleneck': 64, 'use_diff_loss': True, 'use_expert_diff_loss': True, 'diff_loss_weight': 0.01, 'use_nce_loss': True, 'nce_hidden_dim': 32, 'nce_pred_steps': 2, 'nce_weight': 0.05, 'timestamp': '20260402_151555', 'dataPath': '/root/autodl-tmp/datasets/MELD', 'seq_lens': (65, 157, 32), 'feature_dims': (0, 64, 64), 'train_samples': 9992, 'num_classes': 3, 'language': 'en', 'KeyEval': 'weight_F1', 'need_data_aligned': False, 'need_model_aligned': False, 'need_label_prefix': True, 'need_normalized': False, 'use_PLM': True, 'save_labels': False, 'task_specific_prompt': 'Please recognize emotion of the above multimodal content from the target                                                 set <neutral:0, surprise:1, fear:2, sadness:3, joy:4, disgust:5, anger:6>. response: The emotion is', 'max_new_tokens': 1, 'pseudo_tokens': 2, 'label_index_mapping': {'neutral': 0, 'surprise': 1, 'fear': 2, 'sadness': 3, 'joy': 4, 'disgust': 5, 'anger': 6}, 'batch_size': 12, 'learning_rate': 0.0005, 'a_lstm_hidden_size': 32, 'v_lstm_hidden_size': 16, 'a_lstm_layers': 1, 'v_lstm_layers': 1, 'a_lstm_dropout': 0.0, 'v_lstm_dropout': 0.0, 'warm_up_epochs': 50, 'gamma': 1, 'update_epochs': 1, 'early_stop': 8, 'H': 3.0, 'seed': 3333}>
2026-04-02 21:11:40:INFO:Let's use the GPU 1 !
2026-04-02 21:12:07:INFO:trainable params: 2999886 || all params: 6246583886 || trainable%: 0.04802442510575131
2026-04-02 21:12:07:INFO:Init labels...
2026-04-02 21:12:07:INFO:Start training...
2026-04-02 21:18:50:INFO:TRAIN-(cmcm) (1/1/3)>> loss: 1.8549
2026-04-02 21:19:29:INFO:VAL-(cmcm) >>
2026-04-02 21:19:29:INFO:M: >>  acc: 0.4491  weight_F1: 0.3926 
2026-04-02 21:19:37:INFO:Saving checkpoint at epoch 1 to /root/autodl-tmp/results/models/cmcm-meld-classification-20260402_151555.pth.
2026-04-02 21:26:23:INFO:TRAIN-(cmcm) (1/2/3)>> loss: 0.7560
2026-04-02 21:27:02:INFO:VAL-(cmcm) >>
2026-04-02 21:27:02:INFO:M: >>  acc: 0.5023  weight_F1: 0.4810 
2026-04-02 21:27:10:INFO:Saving checkpoint at epoch 2 to /root/autodl-tmp/results/models/cmcm-meld-classification-20260402_151555.pth.
2026-04-02 21:33:55:INFO:TRAIN-(cmcm) (1/3/3)>> loss: 0.6980
2026-04-02 21:34:34:INFO:VAL-(cmcm) >>
2026-04-02 21:34:34:INFO:M: >>  acc: 0.5356  weight_F1: 0.5252 
2026-04-02 21:34:41:INFO:Saving checkpoint at epoch 3 to /root/autodl-tmp/results/models/cmcm-meld-classification-20260402_151555.pth.
2026-04-02 21:41:27:INFO:TRAIN-(cmcm) (1/4/3)>> loss: 0.6651
2026-04-02 21:42:07:INFO:VAL-(cmcm) >>
2026-04-02 21:42:07:INFO:M: >>  acc: 0.5446  weight_F1: 0.4736 
2026-04-02 21:48:49:INFO:TRAIN-(cmcm) (2/5/3)>> loss: 0.6454
2026-04-02 21:49:29:INFO:VAL-(cmcm) >>
2026-04-02 21:49:29:INFO:M: >>  acc: 0.5609  weight_F1: 0.5541 
2026-04-02 21:49:36:INFO:Saving checkpoint at epoch 5 to /root/autodl-tmp/results/models/cmcm-meld-classification-20260402_151555.pth.
2026-04-02 21:56:20:INFO:TRAIN-(cmcm) (1/6/3)>> loss: 0.6332
2026-04-02 21:57:00:INFO:VAL-(cmcm) >>
2026-04-02 21:57:00:INFO:M: >>  acc: 0.5780  weight_F1: 0.5527 
2026-04-02 22:03:45:INFO:TRAIN-(cmcm) (2/7/3)>> loss: 0.6163
2026-04-02 22:04:24:INFO:VAL-(cmcm) >>
2026-04-02 22:04:24:INFO:M: >>  acc: 0.5807  weight_F1: 0.5454 
2026-04-02 22:11:07:INFO:TRAIN-(cmcm) (3/8/3)>> loss: 0.6025
2026-04-02 22:11:46:INFO:VAL-(cmcm) >>
2026-04-02 22:11:46:INFO:M: >>  acc: 0.5915  weight_F1: 0.5559 
2026-04-02 22:11:54:INFO:Saving checkpoint at epoch 8 to /root/autodl-tmp/results/models/cmcm-meld-classification-20260402_151555.pth.
2026-04-02 22:18:39:INFO:TRAIN-(cmcm) (1/9/3)>> loss: 0.5797
2026-04-02 22:19:18:INFO:VAL-(cmcm) >>
2026-04-02 22:19:18:INFO:M: >>  acc: 0.5951  weight_F1: 0.5657 
2026-04-02 22:19:26:INFO:Saving checkpoint at epoch 9 to /root/autodl-tmp/results/models/cmcm-meld-classification-20260402_151555.pth.
2026-04-02 22:26:11:INFO:TRAIN-(cmcm) (1/10/3)>> loss: 0.5625
2026-04-02 22:26:51:INFO:VAL-(cmcm) >>
2026-04-02 22:26:51:INFO:M: >>  acc: 0.5996  weight_F1: 0.5892 
2026-04-02 22:26:59:INFO:Saving checkpoint at epoch 10 to /root/autodl-tmp/results/models/cmcm-meld-classification-20260402_151555.pth.
2026-04-02 22:33:48:INFO:TRAIN-(cmcm) (1/11/3)>> loss: 0.5515
2026-04-02 22:34:28:INFO:VAL-(cmcm) >>
2026-04-02 22:34:28:INFO:M: >>  acc: 0.6240  weight_F1: 0.6101 
2026-04-02 22:34:36:INFO:Saving checkpoint at epoch 11 to /root/autodl-tmp/results/models/cmcm-meld-classification-20260402_151555.pth.
2026-04-02 22:41:23:INFO:TRAIN-(cmcm) (1/12/3)>> loss: 0.5438
2026-04-02 22:42:02:INFO:VAL-(cmcm) >>
2026-04-02 22:42:02:INFO:M: >>  acc: 0.6050  weight_F1: 0.5875 
2026-04-02 22:48:45:INFO:TRAIN-(cmcm) (2/13/3)>> loss: 0.5378
2026-04-02 22:49:24:INFO:VAL-(cmcm) >>
2026-04-02 22:49:24:INFO:M: >>  acc: 0.6204  weight_F1: 0.6064 
2026-04-02 22:56:06:INFO:TRAIN-(cmcm) (3/14/3)>> loss: 0.5298
2026-04-02 22:56:45:INFO:VAL-(cmcm) >>
2026-04-02 22:56:45:INFO:M: >>  acc: 0.6393  weight_F1: 0.6192 
2026-04-02 22:56:53:INFO:Saving checkpoint at epoch 14 to /root/autodl-tmp/results/models/cmcm-meld-classification-20260402_151555.pth.
2026-04-02 23:03:40:INFO:TRAIN-(cmcm) (1/15/3)>> loss: 0.5221
2026-04-02 23:04:19:INFO:VAL-(cmcm) >>
2026-04-02 23:04:19:INFO:M: >>  acc: 0.6249  weight_F1: 0.6097 
2026-04-02 23:11:05:INFO:TRAIN-(cmcm) (2/16/3)>> loss: 0.5175
2026-04-02 23:11:45:INFO:VAL-(cmcm) >>
2026-04-02 23:11:45:INFO:M: >>  acc: 0.6258  weight_F1: 0.6103 
2026-04-02 23:18:31:INFO:TRAIN-(cmcm) (3/17/3)>> loss: 0.5097
2026-04-02 23:19:10:INFO:VAL-(cmcm) >>
2026-04-02 23:19:10:INFO:M: >>  acc: 0.6285  weight_F1: 0.6112 
2026-04-02 23:25:55:INFO:TRAIN-(cmcm) (4/18/3)>> loss: 0.4991
2026-04-02 23:26:35:INFO:VAL-(cmcm) >>
2026-04-02 23:26:35:INFO:M: >>  acc: 0.6375  weight_F1: 0.6181 
2026-04-02 23:33:22:INFO:TRAIN-(cmcm) (5/19/3)>> loss: 0.4928
2026-04-02 23:34:01:INFO:VAL-(cmcm) >>
2026-04-02 23:34:01:INFO:M: >>  acc: 0.6312  weight_F1: 0.6217 
2026-04-02 23:34:09:INFO:Saving checkpoint at epoch 19 to /root/autodl-tmp/results/models/cmcm-meld-classification-20260402_151555.pth.
2026-04-02 23:41:00:INFO:TRAIN-(cmcm) (1/20/3)>> loss: 0.4839
2026-04-02 23:41:40:INFO:VAL-(cmcm) >>
2026-04-02 23:41:40:INFO:M: >>  acc: 0.6321  weight_F1: 0.6110 
2026-04-02 23:48:27:INFO:TRAIN-(cmcm) (2/21/3)>> loss: 0.4726
2026-04-02 23:49:06:INFO:VAL-(cmcm) >>
2026-04-02 23:49:06:INFO:M: >>  acc: 0.6429  weight_F1: 0.6253 
2026-04-02 23:49:14:INFO:Saving checkpoint at epoch 21 to /root/autodl-tmp/results/models/cmcm-meld-classification-20260402_151555.pth.
2026-04-02 23:56:03:INFO:TRAIN-(cmcm) (1/22/3)>> loss: 0.4610
2026-04-02 23:56:42:INFO:VAL-(cmcm) >>
2026-04-02 23:56:42:INFO:M: >>  acc: 0.6285  weight_F1: 0.6186 
2026-04-03 00:03:30:INFO:TRAIN-(cmcm) (2/23/3)>> loss: 0.4506
2026-04-03 00:04:09:INFO:VAL-(cmcm) >>
2026-04-03 00:04:09:INFO:M: >>  acc: 0.6240  weight_F1: 0.6106 
2026-04-03 00:10:58:INFO:TRAIN-(cmcm) (3/24/3)>> loss: 0.4380
2026-04-03 00:11:38:INFO:VAL-(cmcm) >>
2026-04-03 00:11:38:INFO:M: >>  acc: 0.6276  weight_F1: 0.6137 
2026-04-03 00:18:25:INFO:TRAIN-(cmcm) (4/25/3)>> loss: 0.4232
2026-04-03 00:19:04:INFO:VAL-(cmcm) >>
2026-04-03 00:19:04:INFO:M: >>  acc: 0.6150  weight_F1: 0.6115 
2026-04-03 00:25:52:INFO:TRAIN-(cmcm) (5/26/3)>> loss: 0.4088
2026-04-03 00:26:31:INFO:VAL-(cmcm) >>
2026-04-03 00:26:31:INFO:M: >>  acc: 0.6177  weight_F1: 0.6135 
2026-04-03 00:33:17:INFO:TRAIN-(cmcm) (6/27/3)>> loss: 0.3911
2026-04-03 00:33:56:INFO:VAL-(cmcm) >>
2026-04-03 00:33:56:INFO:M: >>  acc: 0.6014  weight_F1: 0.5953 
2026-04-03 00:40:42:INFO:TRAIN-(cmcm) (7/28/3)>> loss: 0.3734
2026-04-03 00:41:21:INFO:VAL-(cmcm) >>
2026-04-03 00:41:21:INFO:M: >>  acc: 0.6032  weight_F1: 0.5971 
2026-04-03 00:48:14:INFO:TRAIN-(cmcm) (8/29/3)>> loss: 0.3509
2026-04-03 00:48:54:INFO:VAL-(cmcm) >>
2026-04-03 00:48:54:INFO:M: >>  acc: 0.6096  weight_F1: 0.5995 
2026-04-03 00:50:27:INFO:TEST-(cmcm) >>
2026-04-03 00:50:27:INFO:M: >>  acc: 0.6602  weight_F1: 0.6432 
2026-04-03 00:50:27:INFO:Results are added to /root/autodl-tmp/results/results/meld-classification-50-20260402_151555.csv...
