2026-03-24 20:06:53:INFO:Start running cmcm...
2026-03-24 20:06:53:INFO:<Storage{'is_tune': False, 'train_mode': 'regression', 'modelName': 'cmcm', 'model_type': 'chatglm3', 'datasetName': 'mosei', 'root_dataset_dir': 'D:\\ProjectFiles\\exp_202603\\datasets', 'num_workers': 0, 'model_save_dir': 'D:\\ProjectFiles\\exp_202603\\results\\models', 'res_save_dir': 'D:\\ProjectFiles\\exp_202603\\results\results', 'pretrain_LM': 'D:\\ProjectFiles\\exp_202603\\models\\chatglm3-6b-base\\', 'gpu_ids': ['[', '0', ']'], 'seeds': [1111, 2222, 3333, 4444, 5555], 'dataPath': 'D:\\ProjectFiles\\exp_202603\\datasets\\MOSEI/Processed/unaligned_50.pkl', 'seq_lens': (50, 500, 375), 'feature_dims': (4096, 74, 35), 'train_samples': 16326, 'num_classes': 3, 'language': 'en', 'KeyEval': 'MAE', 'need_data_aligned': False, 'need_model_aligned': False, 'need_label_prefix': True, 'need_normalized': False, 'use_PLM': True, 'save_labels': False, 'task_specific_prompt': 'Please predict sentiment intensity of the above multimodal content in range [-3.0, 3.0]. response: The sentiment is', 'max_new_tokens': 4, 'pseudo_tokens': 4, 'batch_size': 8, 'learning_rate': 5e-05, 'a_lstm_hidden_size': 64, 'v_lstm_hidden_size': 32, 'a_lstm_layers': 1, 'v_lstm_layers': 1, 'a_lstm_dropout': 0.0, 'v_lstm_dropout': 0.0, 'warm_up_epochs': 30, 'gamma': 1, 'update_epochs': 1, 'early_stop': 10, 'H': 3.0, 'seed': 1111}>
2026-03-24 20:06:53:INFO:Let's use the GPU 3 !
2026-03-24 20:07:55:INFO:Start running cmcm...
2026-03-24 20:07:55:INFO:<Storage{'is_tune': False, 'train_mode': 'regression', 'modelName': 'cmcm', 'model_type': 'chatglm3', 'datasetName': 'mosei', 'root_dataset_dir': 'D:\\ProjectFiles\\exp_202603\\datasets', 'num_workers': 0, 'model_save_dir': 'D:\\ProjectFiles\\exp_202603\\results\\models', 'res_save_dir': 'D:\\ProjectFiles\\exp_202603\\results\results', 'pretrain_LM': 'D:\\ProjectFiles\\exp_202603\\models\\chatglm3-6b-base\\', 'gpu_ids': ['[', '0', ']'], 'seeds': [1111, 2222, 3333, 4444, 5555], 'dataPath': 'D:\\ProjectFiles\\exp_202603\\datasets\\MOSEI/Processed/unaligned_50.pkl', 'seq_lens': (50, 500, 375), 'feature_dims': (4096, 74, 35), 'train_samples': 16326, 'num_classes': 3, 'language': 'en', 'KeyEval': 'MAE', 'need_data_aligned': False, 'need_model_aligned': False, 'need_label_prefix': True, 'need_normalized': False, 'use_PLM': True, 'save_labels': False, 'task_specific_prompt': 'Please predict sentiment intensity of the above multimodal content in range [-3.0, 3.0]. response: The sentiment is', 'max_new_tokens': 4, 'pseudo_tokens': 4, 'batch_size': 8, 'learning_rate': 5e-05, 'a_lstm_hidden_size': 64, 'v_lstm_hidden_size': 32, 'a_lstm_layers': 1, 'v_lstm_layers': 1, 'a_lstm_dropout': 0.0, 'v_lstm_dropout': 0.0, 'warm_up_epochs': 30, 'gamma': 1, 'update_epochs': 1, 'early_stop': 10, 'H': 3.0, 'seed': 1111}>
2026-03-24 20:07:55:INFO:Let's use the GPU 3 !
2026-03-24 20:08:13:INFO:Start running cmcm...
2026-03-24 20:08:13:INFO:<Storage{'is_tune': False, 'train_mode': 'regression', 'modelName': 'cmcm', 'model_type': 'chatglm3', 'datasetName': 'mosei', 'root_dataset_dir': 'D:\\ProjectFiles\\exp_202603\\datasets', 'num_workers': 0, 'model_save_dir': 'D:\\ProjectFiles\\exp_202603\\results\\models', 'res_save_dir': 'D:\\ProjectFiles\\exp_202603\\results\results', 'pretrain_LM': 'D:\\ProjectFiles\\exp_202603\\models\\chatglm3-6b-base\\', 'gpu_ids': [], 'seeds': [1111, 2222, 3333, 4444, 5555], 'dataPath': 'D:\\ProjectFiles\\exp_202603\\datasets\\MOSEI/Processed/unaligned_50.pkl', 'seq_lens': (50, 500, 375), 'feature_dims': (4096, 74, 35), 'train_samples': 16326, 'num_classes': 3, 'language': 'en', 'KeyEval': 'MAE', 'need_data_aligned': False, 'need_model_aligned': False, 'need_label_prefix': True, 'need_normalized': False, 'use_PLM': True, 'save_labels': False, 'task_specific_prompt': 'Please predict sentiment intensity of the above multimodal content in range [-3.0, 3.0]. response: The sentiment is', 'max_new_tokens': 4, 'pseudo_tokens': 4, 'batch_size': 8, 'learning_rate': 5e-05, 'a_lstm_hidden_size': 64, 'v_lstm_hidden_size': 32, 'a_lstm_layers': 1, 'v_lstm_layers': 1, 'a_lstm_dropout': 0.0, 'v_lstm_dropout': 0.0, 'warm_up_epochs': 30, 'gamma': 1, 'update_epochs': 1, 'early_stop': 10, 'H': 3.0, 'seed': 1111}>
2026-03-24 20:10:59:INFO:Start running cmcm...
2026-03-24 20:10:59:INFO:<Storage{'is_tune': False, 'train_mode': 'regression', 'modelName': 'cmcm', 'model_type': 'chatglm3', 'datasetName': 'mosei', 'root_dataset_dir': '/root/autodl-tmp/datasets/', 'num_workers': 0, 'model_save_dir': '/root/autodl-tmp/results/models', 'res_save_dir': '/root/autodl-tmp/results/results', 'pretrain_LM': 'D:\\ProjectFiles\\exp_202603\\models\\chatglm3-6b-base\\', 'gpu_ids': [], 'seeds': [1111, 2222, 3333, 4444, 5555], 'dataPath': '/root/autodl-tmp/datasets/MOSEI/Processed/unaligned_50.pkl', 'seq_lens': (50, 500, 375), 'feature_dims': (4096, 74, 35), 'train_samples': 16326, 'num_classes': 3, 'language': 'en', 'KeyEval': 'MAE', 'need_data_aligned': False, 'need_model_aligned': False, 'need_label_prefix': True, 'need_normalized': False, 'use_PLM': True, 'save_labels': False, 'task_specific_prompt': 'Please predict sentiment intensity of the above multimodal content in range [-3.0, 3.0]. response: The sentiment is', 'max_new_tokens': 4, 'pseudo_tokens': 4, 'batch_size': 8, 'learning_rate': 5e-05, 'a_lstm_hidden_size': 64, 'v_lstm_hidden_size': 32, 'a_lstm_layers': 1, 'v_lstm_layers': 1, 'a_lstm_dropout': 0.0, 'v_lstm_dropout': 0.0, 'warm_up_epochs': 30, 'gamma': 1, 'update_epochs': 1, 'early_stop': 10, 'H': 3.0, 'seed': 1111}>
2026-03-24 20:10:59:INFO:Find gpu: 0, with memory: 866123776 left!
2026-03-24 20:10:59:INFO:Let's use the GPU 1 !
2026-03-24 20:12:40:INFO:Start running cmcm...
2026-03-24 20:12:40:INFO:<Storage{'is_tune': False, 'train_mode': 'classification', 'modelName': 'cmcm', 'model_type': 'chatglm3', 'datasetName': 'meld', 'root_dataset_dir': 'D:\\ProjectFiles\\exp_202603\\datasets/', 'num_workers': 0, 'model_save_dir': 'D:\\ProjectFiles\\exp_202603\results/models', 'res_save_dir': 'D:\\ProjectFiles\\exp_202603\results/results', 'pretrain_LM': 'D:\\ProjectFiles\\exp_202603\\models\\chatglm3-6b-base\\', 'gpu_ids': [], 'seeds': [1111, 2222, 3333, 4444, 5555], 'dataPath': 'D:\\ProjectFiles\\exp_202603\\datasets/MELD', 'seq_lens': (65, 157, 32), 'feature_dims': (4096, 64, 64), 'train_samples': 9992, 'num_classes': 3, 'language': 'en', 'KeyEval': 'weight_F1', 'need_data_aligned': False, 'need_model_aligned': False, 'need_label_prefix': True, 'need_normalized': False, 'use_PLM': True, 'save_labels': False, 'task_specific_prompt': 'Please recognize emotion of the above multimodal content from the target                                                 set <neutral:0, surprise:1, fear:2, sadness:3, joy:4, disgust:5, anger:6>. response: The emotion is', 'max_new_tokens': 2, 'pseudo_tokens': 4, 'label_index_mapping': {'neutral': 0, 'surprise': 1, 'fear': 2, 'sadness': 3, 'joy': 4, 'disgust': 5, 'anger': 6}, 'batch_size': 8, 'learning_rate': 5e-05, 'a_lstm_hidden_size': 64, 'v_lstm_hidden_size': 32, 'a_lstm_layers': 1, 'v_lstm_layers': 1, 'a_lstm_dropout': 0.0, 'v_lstm_dropout': 0.0, 'warm_up_epochs': 90, 'gamma': 1, 'update_epochs': 1, 'early_stop': 8, 'H': 3.0, 'seed': 1111}>
2026-03-24 20:13:52:INFO:Start running cmcm...
2026-03-24 20:13:52:INFO:<Storage{'is_tune': False, 'train_mode': 'classification', 'modelName': 'cmcm', 'model_type': 'chatglm3', 'datasetName': 'meld', 'root_dataset_dir': 'D:\\ProjectFiles\\exp_202603\\datasets/', 'num_workers': 0, 'model_save_dir': 'D:\\ProjectFiles\\exp_202603\\results/models', 'res_save_dir': 'D:\\ProjectFiles\\exp_202603\\results/results', 'pretrain_LM': 'D:\\ProjectFiles\\exp_202603\\models\\chatglm3-6b-base\\', 'gpu_ids': [], 'seeds': [1111, 2222, 3333, 4444, 5555], 'dataPath': 'D:\\ProjectFiles\\exp_202603\\datasets/MELD', 'seq_lens': (65, 157, 32), 'feature_dims': (4096, 64, 64), 'train_samples': 9992, 'num_classes': 3, 'language': 'en', 'KeyEval': 'weight_F1', 'need_data_aligned': False, 'need_model_aligned': False, 'need_label_prefix': True, 'need_normalized': False, 'use_PLM': True, 'save_labels': False, 'task_specific_prompt': 'Please recognize emotion of the above multimodal content from the target                                                 set <neutral:0, surprise:1, fear:2, sadness:3, joy:4, disgust:5, anger:6>. response: The emotion is', 'max_new_tokens': 2, 'pseudo_tokens': 4, 'label_index_mapping': {'neutral': 0, 'surprise': 1, 'fear': 2, 'sadness': 3, 'joy': 4, 'disgust': 5, 'anger': 6}, 'batch_size': 8, 'learning_rate': 5e-05, 'a_lstm_hidden_size': 64, 'v_lstm_hidden_size': 32, 'a_lstm_layers': 1, 'v_lstm_layers': 1, 'a_lstm_dropout': 0.0, 'v_lstm_dropout': 0.0, 'warm_up_epochs': 90, 'gamma': 1, 'update_epochs': 1, 'early_stop': 8, 'H': 3.0, 'seed': 1111}>
2026-03-24 20:13:52:INFO:Find gpu: 0, with memory: 830603264 left!
2026-03-24 20:13:52:INFO:Let's use the GPU 1 !
2026-03-30 11:25:34:INFO:========= 准备训练数据集: meld (classification) =========
2026-03-30 11:25:34:INFO:Start running cmcm...
2026-03-30 11:25:34:INFO:<Storage{'is_tune': False, 'train_mode': 'classification', 'modelName': 'cmcm', 'model_type': 'chatglm3', 'datasetName': 'meld', 'root_dataset_dir': '/root/autodl-tmp/datasets/', 'num_workers': 0, 'model_save_dir': '/root/autodl-tmp/results/models', 'res_save_dir': '/root/autodl-tmp/results/results', 'pretrain_LM': '/root/autodl-tmp/models/chatglm3-6b', 'gpu_ids': [], 'seeds': [1111, 2222, 3333], 'use_moe_fusion': True, 'use_gate': True, 'use_moe_lb_loss': True, 'dataPath': '/root/autodl-tmp/datasets/MELD', 'seq_lens': (65, 157, 32), 'feature_dims': (0, 64, 64), 'train_samples': 9992, 'num_classes': 3, 'language': 'en', 'KeyEval': 'weight_F1', 'need_data_aligned': False, 'need_model_aligned': False, 'need_label_prefix': True, 'need_normalized': False, 'use_PLM': True, 'save_labels': False, 'task_specific_prompt': 'Please recognize emotion of the above multimodal content from the target                                                 set <neutral:0, surprise:1, fear:2, sadness:3, joy:4, disgust:5, anger:6>. response: The emotion is', 'max_new_tokens': 1, 'pseudo_tokens': 2, 'label_index_mapping': {'neutral': 0, 'surprise': 1, 'fear': 2, 'sadness': 3, 'joy': 4, 'disgust': 5, 'anger': 6}, 'batch_size': 20, 'learning_rate': 0.0005, 'a_lstm_hidden_size': 32, 'v_lstm_hidden_size': 16, 'a_lstm_layers': 1, 'v_lstm_layers': 1, 'a_lstm_dropout': 0.0, 'v_lstm_dropout': 0.0, 'warm_up_epochs': 50, 'gamma': 1, 'update_epochs': 1, 'early_stop': 8, 'H': 3.0, 'seed': 1111}>
2026-03-30 11:25:34:INFO:Find gpu: 0, with memory: 548732928 left!
2026-03-30 11:25:34:INFO:Let's use the GPU 1 !
2026-03-30 11:25:36:WARNING:Setting eos_token is not supported, use the default one.
2026-03-30 11:25:36:WARNING:Setting pad_token is not supported, use the default one.
2026-03-30 11:25:36:WARNING:Setting unk_token is not supported, use the default one.
2026-03-30 11:25:40:WARNING:Setting eos_token is not supported, use the default one.
2026-03-30 11:25:40:WARNING:Setting pad_token is not supported, use the default one.
2026-03-30 11:25:40:WARNING:Setting unk_token is not supported, use the default one.
2026-03-30 11:25:41:WARNING:Setting eos_token is not supported, use the default one.
2026-03-30 11:25:41:WARNING:Setting pad_token is not supported, use the default one.
2026-03-30 11:25:41:WARNING:Setting unk_token is not supported, use the default one.
2026-03-30 11:25:47:WARNING:Setting eos_token is not supported, use the default one.
2026-03-30 11:25:47:WARNING:Setting pad_token is not supported, use the default one.
2026-03-30 11:25:47:WARNING:Setting unk_token is not supported, use the default one.
2026-03-30 11:25:52:INFO:trainable params: 3711632 || all params: 6247295632 || trainable%: 0.05941181942772514
2026-03-30 11:25:52:INFO:Init labels...
2026-03-30 11:25:52:INFO:Start training...
2026-03-30 11:34:31:INFO:TRAIN-(cmcm) (1/1/1)>> loss: 3.9784
2026-03-30 12:06:34:INFO:========= 准备训练数据集: meld (classification) =========
2026-03-30 12:06:34:INFO:Start running cmcm...
2026-03-30 12:06:34:INFO:<Storage{'is_tune': False, 'train_mode': 'classification', 'modelName': 'cmcm', 'model_type': 'chatglm3', 'datasetName': 'meld', 'root_dataset_dir': '/root/autodl-tmp/datasets/', 'num_workers': 0, 'model_save_dir': '/root/autodl-tmp/results/models', 'res_save_dir': '/root/autodl-tmp/results/results', 'pretrain_LM': '/root/autodl-tmp/models/chatglm3-6b', 'gpu_ids': [], 'seeds': [1111, 2222, 3333], 'use_moe_fusion': True, 'use_gate': True, 'use_moe_lb_loss': True, 'dataPath': '/root/autodl-tmp/datasets/MELD', 'seq_lens': (65, 157, 32), 'feature_dims': (0, 64, 64), 'train_samples': 9992, 'num_classes': 3, 'language': 'en', 'KeyEval': 'weight_F1', 'need_data_aligned': False, 'need_model_aligned': False, 'need_label_prefix': True, 'need_normalized': False, 'use_PLM': True, 'save_labels': False, 'task_specific_prompt': 'Please recognize emotion of the above multimodal content from the target                                                 set <neutral:0, surprise:1, fear:2, sadness:3, joy:4, disgust:5, anger:6>. response: The emotion is', 'max_new_tokens': 1, 'pseudo_tokens': 2, 'label_index_mapping': {'neutral': 0, 'surprise': 1, 'fear': 2, 'sadness': 3, 'joy': 4, 'disgust': 5, 'anger': 6}, 'batch_size': 20, 'learning_rate': 0.0005, 'a_lstm_hidden_size': 32, 'v_lstm_hidden_size': 16, 'a_lstm_layers': 1, 'v_lstm_layers': 1, 'a_lstm_dropout': 0.0, 'v_lstm_dropout': 0.0, 'warm_up_epochs': 50, 'gamma': 1, 'update_epochs': 1, 'early_stop': 8, 'H': 3.0, 'seed': 1111}>
2026-03-30 12:06:34:INFO:Find gpu: 0, with memory: 548732928 left!
2026-03-30 12:06:34:INFO:Let's use the GPU 1 !
2026-03-30 12:06:36:WARNING:Setting eos_token is not supported, use the default one.
2026-03-30 12:06:36:WARNING:Setting pad_token is not supported, use the default one.
2026-03-30 12:06:36:WARNING:Setting unk_token is not supported, use the default one.
2026-03-30 12:06:40:WARNING:Setting eos_token is not supported, use the default one.
2026-03-30 12:06:40:WARNING:Setting pad_token is not supported, use the default one.
2026-03-30 12:06:40:WARNING:Setting unk_token is not supported, use the default one.
2026-03-30 12:06:41:WARNING:Setting eos_token is not supported, use the default one.
2026-03-30 12:06:41:WARNING:Setting pad_token is not supported, use the default one.
2026-03-30 12:06:41:WARNING:Setting unk_token is not supported, use the default one.
2026-03-30 12:06:47:WARNING:Setting eos_token is not supported, use the default one.
2026-03-30 12:06:47:WARNING:Setting pad_token is not supported, use the default one.
2026-03-30 12:06:47:WARNING:Setting unk_token is not supported, use the default one.
2026-03-30 12:06:52:INFO:trainable params: 3711632 || all params: 6247295632 || trainable%: 0.05941181942772514
2026-03-30 12:06:53:INFO:Init labels...
2026-03-30 12:06:53:INFO:Start training...
2026-03-30 12:15:34:INFO:TRAIN-(cmcm) (1/1/1)>> loss: 3.9786
2026-03-30 12:15:58:INFO:VAL-(cmcm) >>
2026-03-30 12:15:58:INFO:M: >>  acc: 0.4238  weight_F1: 0.2523 
2026-03-30 12:16:05:INFO:Saving checkpoint at epoch 1 to /root/autodl-tmp/results/models/cmcm-meld-classification.pth.
2026-03-30 12:21:17:INFO:========= 准备训练数据集: meld (classification) =========
2026-03-30 12:21:17:INFO:Start running cmcm...
2026-03-30 12:21:17:INFO:<Storage{'is_tune': False, 'train_mode': 'classification', 'modelName': 'cmcm', 'model_type': 'chatglm3', 'datasetName': 'meld', 'root_dataset_dir': '/root/autodl-tmp/datasets/', 'num_workers': 0, 'model_save_dir': '/root/autodl-tmp/results/models', 'res_save_dir': '/root/autodl-tmp/results/results', 'pretrain_LM': '/root/autodl-tmp/models/chatglm3-6b', 'gpu_ids': [], 'seeds': [1111, 2222, 3333], 'use_moe_fusion': True, 'use_gate': True, 'use_moe_lb_loss': True, 'dataPath': '/root/autodl-tmp/datasets/MELD', 'seq_lens': (65, 157, 32), 'feature_dims': (0, 64, 64), 'train_samples': 9992, 'num_classes': 3, 'language': 'en', 'KeyEval': 'weight_F1', 'need_data_aligned': False, 'need_model_aligned': False, 'need_label_prefix': True, 'need_normalized': False, 'use_PLM': True, 'save_labels': False, 'task_specific_prompt': 'Please recognize emotion of the above multimodal content from the target                                                 set <neutral:0, surprise:1, fear:2, sadness:3, joy:4, disgust:5, anger:6>. response: The emotion is', 'max_new_tokens': 1, 'pseudo_tokens': 2, 'label_index_mapping': {'neutral': 0, 'surprise': 1, 'fear': 2, 'sadness': 3, 'joy': 4, 'disgust': 5, 'anger': 6}, 'batch_size': 20, 'learning_rate': 0.0005, 'a_lstm_hidden_size': 32, 'v_lstm_hidden_size': 16, 'a_lstm_layers': 1, 'v_lstm_layers': 1, 'a_lstm_dropout': 0.0, 'v_lstm_dropout': 0.0, 'warm_up_epochs': 50, 'gamma': 1, 'update_epochs': 1, 'early_stop': 8, 'H': 3.0, 'seed': 1111}>
2026-03-30 12:21:17:INFO:Find gpu: 0, with memory: 548732928 left!
2026-03-30 12:21:17:INFO:Let's use the GPU 1 !
2026-03-30 12:21:19:WARNING:Setting eos_token is not supported, use the default one.
2026-03-30 12:21:19:WARNING:Setting pad_token is not supported, use the default one.
2026-03-30 12:21:19:WARNING:Setting unk_token is not supported, use the default one.
2026-03-30 12:21:22:WARNING:Setting eos_token is not supported, use the default one.
2026-03-30 12:21:22:WARNING:Setting pad_token is not supported, use the default one.
2026-03-30 12:21:22:WARNING:Setting unk_token is not supported, use the default one.
2026-03-30 12:21:23:WARNING:Setting eos_token is not supported, use the default one.
2026-03-30 12:21:23:WARNING:Setting pad_token is not supported, use the default one.
2026-03-30 12:21:23:WARNING:Setting unk_token is not supported, use the default one.
2026-03-30 12:21:29:WARNING:Setting eos_token is not supported, use the default one.
2026-03-30 12:21:29:WARNING:Setting pad_token is not supported, use the default one.
2026-03-30 12:21:29:WARNING:Setting unk_token is not supported, use the default one.
2026-03-30 12:21:34:INFO:trainable params: 3711632 || all params: 6247295632 || trainable%: 0.05941181942772514
2026-03-30 12:21:35:INFO:Init labels...
2026-03-30 12:21:35:INFO:Start training...
2026-03-30 12:30:14:INFO:TRAIN-(cmcm) (1/1/1)>> loss: 3.9785
2026-03-30 12:30:38:INFO:VAL-(cmcm) >>
2026-03-30 12:30:38:INFO:M: >>  acc: 0.4238  weight_F1: 0.2523 
2026-03-30 12:30:45:INFO:Saving checkpoint at epoch 1 to /root/autodl-tmp/results/models/cmcm-meld-classification.pth.
2026-03-30 12:39:27:INFO:TRAIN-(cmcm) (1/2/1)>> loss: 0.7625
2026-03-30 12:39:51:INFO:VAL-(cmcm) >>
2026-03-30 12:39:51:INFO:M: >>  acc: 0.4238  weight_F1: 0.2523 
2026-03-30 12:41:09:INFO:========= 准备训练数据集: meld (classification) =========
2026-03-30 12:41:09:INFO:Start running cmcm...
2026-03-30 12:41:09:INFO:<Storage{'is_tune': False, 'train_mode': 'classification', 'modelName': 'cmcm', 'model_type': 'chatglm3', 'datasetName': 'meld', 'root_dataset_dir': '/root/autodl-tmp/datasets/', 'num_workers': 0, 'model_save_dir': '/root/autodl-tmp/results/models', 'res_save_dir': '/root/autodl-tmp/results/results', 'pretrain_LM': '/root/autodl-tmp/models/chatglm3-6b', 'gpu_ids': [], 'seeds': [1111, 2222, 3333], 'use_moe_fusion': True, 'use_gate': True, 'use_moe_lb_loss': True, 'dataPath': '/root/autodl-tmp/datasets/MELD', 'seq_lens': (65, 157, 32), 'feature_dims': (0, 64, 64), 'train_samples': 9992, 'num_classes': 3, 'language': 'en', 'KeyEval': 'weight_F1', 'need_data_aligned': False, 'need_model_aligned': False, 'need_label_prefix': True, 'need_normalized': False, 'use_PLM': True, 'save_labels': False, 'task_specific_prompt': 'Please recognize emotion of the above multimodal content from the target                                                 set <neutral:0, surprise:1, fear:2, sadness:3, joy:4, disgust:5, anger:6>. response: The emotion is', 'max_new_tokens': 1, 'pseudo_tokens': 2, 'label_index_mapping': {'neutral': 0, 'surprise': 1, 'fear': 2, 'sadness': 3, 'joy': 4, 'disgust': 5, 'anger': 6}, 'batch_size': 20, 'learning_rate': 0.0005, 'a_lstm_hidden_size': 32, 'v_lstm_hidden_size': 16, 'a_lstm_layers': 1, 'v_lstm_layers': 1, 'a_lstm_dropout': 0.0, 'v_lstm_dropout': 0.0, 'warm_up_epochs': 50, 'gamma': 1, 'update_epochs': 1, 'early_stop': 8, 'H': 3.0, 'seed': 1111}>
2026-03-30 12:41:09:INFO:Find gpu: 0, with memory: 548732928 left!
2026-03-30 12:41:09:INFO:Let's use the GPU 1 !
2026-03-30 12:41:11:WARNING:Setting eos_token is not supported, use the default one.
2026-03-30 12:41:11:WARNING:Setting pad_token is not supported, use the default one.
2026-03-30 12:41:11:WARNING:Setting unk_token is not supported, use the default one.
2026-03-30 12:41:15:WARNING:Setting eos_token is not supported, use the default one.
2026-03-30 12:41:15:WARNING:Setting pad_token is not supported, use the default one.
2026-03-30 12:41:15:WARNING:Setting unk_token is not supported, use the default one.
2026-03-30 12:41:16:WARNING:Setting eos_token is not supported, use the default one.
2026-03-30 12:41:16:WARNING:Setting pad_token is not supported, use the default one.
2026-03-30 12:41:16:WARNING:Setting unk_token is not supported, use the default one.
2026-03-30 12:41:22:WARNING:Setting eos_token is not supported, use the default one.
2026-03-30 12:41:22:WARNING:Setting pad_token is not supported, use the default one.
2026-03-30 12:41:22:WARNING:Setting unk_token is not supported, use the default one.
2026-03-30 12:41:28:INFO:trainable params: 3711632 || all params: 6247295632 || trainable%: 0.05941181942772514
2026-03-30 12:41:29:INFO:Init labels...
2026-03-30 12:41:29:INFO:Start training...
2026-03-30 12:50:10:INFO:TRAIN-(cmcm) (1/1/1)>> loss: 3.9784
2026-03-30 12:50:34:INFO:VAL-(cmcm) >>
2026-03-30 12:50:34:INFO:M: >>  acc: 0.4238  weight_F1: 0.2523 
2026-03-30 12:50:42:INFO:Saving checkpoint at epoch 1 to /root/autodl-tmp/results/models/cmcm-meld-classification.pth.
2026-03-30 19:31:59:INFO:========= 准备训练数据集: meld (classification) =========
2026-03-30 19:31:59:INFO:Start running cmcm...
2026-03-30 19:31:59:INFO:<Storage{'is_tune': False, 'train_mode': 'classification', 'modelName': 'cmcm', 'model_type': 'chatglm3', 'datasetName': 'meld', 'root_dataset_dir': '/root/autodl-tmp/datasets/', 'num_workers': 0, 'model_save_dir': '/root/autodl-tmp/results/models', 'res_save_dir': '/root/autodl-tmp/results/results', 'pretrain_LM': '/root/autodl-tmp/models/chatglm3-6b', 'gpu_ids': [], 'seeds': [1111, 2222, 3333], 'use_moe_fusion': False, 'use_gate': False, 'use_moe_lb_loss': False, 'dataPath': '/root/autodl-tmp/datasets/MELD', 'seq_lens': (65, 157, 32), 'feature_dims': (0, 64, 64), 'train_samples': 9992, 'num_classes': 3, 'language': 'en', 'KeyEval': 'weight_F1', 'need_data_aligned': False, 'need_model_aligned': False, 'need_label_prefix': True, 'need_normalized': False, 'use_PLM': True, 'save_labels': False, 'task_specific_prompt': 'Please recognize emotion of the above multimodal content from the target                                                 set <neutral:0, surprise:1, fear:2, sadness:3, joy:4, disgust:5, anger:6>. response: The emotion is', 'max_new_tokens': 1, 'pseudo_tokens': 2, 'label_index_mapping': {'neutral': 0, 'surprise': 1, 'fear': 2, 'sadness': 3, 'joy': 4, 'disgust': 5, 'anger': 6}, 'batch_size': 20, 'learning_rate': 0.0005, 'a_lstm_hidden_size': 32, 'v_lstm_hidden_size': 16, 'a_lstm_layers': 1, 'v_lstm_layers': 1, 'a_lstm_dropout': 0.0, 'v_lstm_dropout': 0.0, 'warm_up_epochs': 50, 'gamma': 1, 'update_epochs': 1, 'early_stop': 8, 'H': 3.0, 'seed': 1111}>
2026-03-30 19:31:59:INFO:Find gpu: 0, with memory: 548732928 left!
2026-03-30 19:31:59:INFO:Let's use the GPU 1 !
2026-03-30 19:32:01:WARNING:Setting eos_token is not supported, use the default one.
2026-03-30 19:32:01:WARNING:Setting pad_token is not supported, use the default one.
2026-03-30 19:32:01:WARNING:Setting unk_token is not supported, use the default one.
2026-03-30 19:32:05:WARNING:Setting eos_token is not supported, use the default one.
2026-03-30 19:32:05:WARNING:Setting pad_token is not supported, use the default one.
2026-03-30 19:32:05:WARNING:Setting unk_token is not supported, use the default one.
2026-03-30 19:32:06:WARNING:Setting eos_token is not supported, use the default one.
2026-03-30 19:32:06:WARNING:Setting pad_token is not supported, use the default one.
2026-03-30 19:32:06:WARNING:Setting unk_token is not supported, use the default one.
2026-03-30 19:32:14:WARNING:Setting eos_token is not supported, use the default one.
2026-03-30 19:32:14:WARNING:Setting pad_token is not supported, use the default one.
2026-03-30 19:32:14:WARNING:Setting unk_token is not supported, use the default one.
2026-03-30 19:32:19:INFO:trainable params: 2592520 || all params: 6246176520 || trainable%: 0.041505711401188514
2026-03-30 19:32:19:INFO:Init labels...
2026-03-30 19:32:19:INFO:Start training...
2026-03-30 19:40:51:INFO:TRAIN-(cmcm) (1/1/1)>> loss: 3.1358
2026-03-30 19:41:14:INFO:VAL-(cmcm) >>
2026-03-30 19:41:14:INFO:M: >>  acc: 0.4238  weight_F1: 0.2523 
2026-03-30 19:41:21:INFO:Saving checkpoint at epoch 1 to /root/autodl-tmp/results/models/cmcm-meld-classification.pth.
2026-03-30 19:47:22:INFO:========= 准备训练数据集: meld (classification) =========
2026-03-30 19:47:22:INFO:Start running cmcm...
2026-03-30 19:47:22:INFO:<Storage{'is_tune': False, 'train_mode': 'classification', 'modelName': 'cmcm', 'model_type': 'chatglm3', 'datasetName': 'meld', 'root_dataset_dir': '/root/autodl-tmp/datasets/', 'num_workers': 0, 'model_save_dir': '/root/autodl-tmp/results/models', 'res_save_dir': '/root/autodl-tmp/results/results', 'pretrain_LM': '/root/autodl-tmp/models/chatglm3-6b', 'gpu_ids': [], 'seeds': [1111, 2222, 3333], 'use_moe_fusion': True, 'use_gate': True, 'use_moe_lb_loss': True, 'dataPath': '/root/autodl-tmp/datasets/MELD', 'seq_lens': (65, 157, 32), 'feature_dims': (0, 64, 64), 'train_samples': 9992, 'num_classes': 3, 'language': 'en', 'KeyEval': 'weight_F1', 'need_data_aligned': False, 'need_model_aligned': False, 'need_label_prefix': True, 'need_normalized': False, 'use_PLM': True, 'save_labels': False, 'task_specific_prompt': 'Please recognize emotion of the above multimodal content from the target                                                 set <neutral:0, surprise:1, fear:2, sadness:3, joy:4, disgust:5, anger:6>. response: The emotion is', 'max_new_tokens': 1, 'pseudo_tokens': 2, 'label_index_mapping': {'neutral': 0, 'surprise': 1, 'fear': 2, 'sadness': 3, 'joy': 4, 'disgust': 5, 'anger': 6}, 'batch_size': 20, 'learning_rate': 0.0005, 'a_lstm_hidden_size': 32, 'v_lstm_hidden_size': 16, 'a_lstm_layers': 1, 'v_lstm_layers': 1, 'a_lstm_dropout': 0.0, 'v_lstm_dropout': 0.0, 'warm_up_epochs': 50, 'gamma': 1, 'update_epochs': 1, 'early_stop': 8, 'H': 3.0, 'seed': 1111}>
2026-03-30 19:47:22:INFO:Find gpu: 0, with memory: 548732928 left!
2026-03-30 19:47:22:INFO:Let's use the GPU 1 !
2026-03-30 19:47:24:WARNING:Setting eos_token is not supported, use the default one.
2026-03-30 19:47:24:WARNING:Setting pad_token is not supported, use the default one.
2026-03-30 19:47:24:WARNING:Setting unk_token is not supported, use the default one.
2026-03-30 19:47:27:WARNING:Setting eos_token is not supported, use the default one.
2026-03-30 19:47:27:WARNING:Setting pad_token is not supported, use the default one.
2026-03-30 19:47:27:WARNING:Setting unk_token is not supported, use the default one.
2026-03-30 19:47:28:WARNING:Setting eos_token is not supported, use the default one.
2026-03-30 19:47:28:WARNING:Setting pad_token is not supported, use the default one.
2026-03-30 19:47:28:WARNING:Setting unk_token is not supported, use the default one.
2026-03-30 19:47:35:WARNING:Setting eos_token is not supported, use the default one.
2026-03-30 19:47:35:WARNING:Setting pad_token is not supported, use the default one.
2026-03-30 19:47:35:WARNING:Setting unk_token is not supported, use the default one.
2026-03-30 19:47:38:INFO:trainable params: 3711632 || all params: 6247295632 || trainable%: 0.05941181942772514
2026-03-30 19:47:39:INFO:Init labels...
2026-03-30 19:47:39:INFO:Start training...
2026-03-30 19:56:09:INFO:TRAIN-(cmcm) (1/1/1)>> loss: 3.9785
2026-03-30 19:57:00:INFO:VAL-(cmcm) >>
2026-03-30 19:57:00:INFO:M: >>  acc: 0.3886  weight_F1: 0.3557 
2026-03-30 19:57:07:INFO:Saving checkpoint at epoch 1 to /root/autodl-tmp/results/models/cmcm-meld-classification.pth.
