2026-05-14 09:54:45:INFO:========= 准备训练数据集: iemocap6 (classification) =========
2026-05-14 09:54:45:INFO:Start running hmmem...
2026-05-14 09:54:45:INFO:<Storage{'is_tune': False, 'train_mode': 'classification', 'modelName': 'hmmem', 'model_type': 'chatglm3', 'datasetName': 'iemocap6', 'root_dataset_dir': '/root/autodl-tmp/datasets/', 'data_dir': None, 'num_workers': 4, 'model_save_dir': '/root/autodl-tmp/results/models', 'res_save_dir': '/root/autodl-tmp/results/results', 'pretrain_LM': '/root/autodl-tmp/models/chatglm3-6b-base', 'gpu_ids': [], 'seeds': [1234, 2314, 4321], 'use_tgm': False, 'use_origin_amm': False, 'use_amm': True, 'amm_mode': 'hierarchical', 'num_emotion_prototypes': 4, 'use_atgfbff': False, 'use_atgfbff_loss': True, 'use_shared_offset': False, 'use_shared_offset_loss': True, 'shared_offset_mode': 'gate', 'alpha_align': 0.6, 'beta_fiber': 0.1, 'beta_offset': 0.1, 'num_latents': 4, 'use_mslaf': False, 'use_tcap': True, 'use_amm_align_loss': True, 'alpha_amm': 0.5, 'bypass_scale_init': 0.3, 'use_msf': False, 'use_moe_fusion': False, 'use_sd_moe': True, 'use_gate': False, 'use_moe_lb_loss': False, 'num_local_experts': 3, 'expert_bottleneck': 64, 'use_diff_loss': False, 'use_expert_diff_loss': False, 'diff_loss_weight': 0.01, 'use_nce_loss': False, 'nce_hidden_dim': 32, 'nce_pred_steps': 2, 'nce_weight': 0.05, 'adapter_dim': 128, 'audio_adapter_dim': None, 'video_adapter_dim': None, 'iemocap_feature_mode': 'raw', 'meld_feature_mode': 'raw', 'use_lora': False, 'lora_r': 16, 'lora_alpha': 32, 'lora_dropout': 0.05, 'lora_target_modules': 'q_proj,v_proj', 'modalities': 'tav', 'use_context': False, 'text_seq_len': None, 'prompt_context': False, 'context_max_tokens': 64, 'raw_av_mode': 'none', 'av_pseudo_tokens': 4, 'prompt_style': 'default', 'resume_checkpoint': None, 'ckpt_save_interval': 5, 'eval_only': False, 'eval_model_path': None, 'timestamp': '20260514_095445', 'dataPath': '/root/autodl-tmp/datasets/IEMOCAP/iemocap_data_0610.pkl', 'seq_lens': (84, 64, 64), 'feature_dims': (0, 1280, 1408), 'train_samples': 4290, 'num_classes': 6, 'language': 'en', 'KeyEval': 'weight_F1', 'need_data_aligned': False, 'need_model_aligned': False, 'need_label_prefix': True, 'need_normalized': False, 'use_PLM': True, 'save_labels': False, 'task_specific_prompt': 'Please recognize the emotion of the above multimodal content from the target                                                 set <angry:0, happy:1, excited:2, sad:3, neutral:4, frustrated:5>. response: The emotion is', 'max_new_tokens': 2, 'pseudo_tokens': 4, 'label_index_mapping': {'angry': 0, 'happy': 1, 'excited': 2, 'sad': 3, 'neutral': 4, 'frustrated': 5}, 'batch_size': 24, 'gradient_accumulation_steps': 2, 'learning_rate': 5e-05, 'a_lstm_hidden_size': 64, 'v_lstm_hidden_size': 32, 'a_lstm_layers': 1, 'v_lstm_layers': 1, 'a_lstm_dropout': 0.0, 'v_lstm_dropout': 0.0, 'warm_up_epochs': 90, 'gamma': 1, 'update_epochs': 1, 'early_stop': 6, 'H': 3.0, 'seed': 1234}>
2026-05-14 09:54:45:INFO:Find gpu: 0, with memory: 509607936 left!
2026-05-14 09:54:45:INFO:Let's use the GPU 1 !
2026-05-14 09:54:52:INFO:Using pre-parsed CSV files from: /root/autodl-tmp/datasets/IEMOCAP/iemocap_text
2026-05-14 09:54:52:INFO:IEMOCAP train split loaded 5247/5247 samples (drop: missing_meta=0, unknown_emo=0, mapping_missing=0, missing_modal=0)
2026-05-14 09:54:59:INFO:Using pre-parsed CSV files from: /root/autodl-tmp/datasets/IEMOCAP/iemocap_text
2026-05-14 09:54:59:INFO:IEMOCAP valid split loaded 511/511 samples (drop: missing_meta=0, unknown_emo=0, mapping_missing=0, missing_modal=0)
2026-05-14 09:55:01:INFO:Using pre-parsed CSV files from: /root/autodl-tmp/datasets/IEMOCAP/iemocap_text
2026-05-14 09:55:01:INFO:IEMOCAP test split loaded 1622/1622 samples (drop: missing_meta=0, unknown_emo=0, mapping_missing=0, missing_modal=0)
2026-05-14 09:55:23:INFO:torch.compile enabled for: audio_LSTM, video_LSTM, mixer, audio_adapter, video_adapter, shared_proj, global_moe, local_moe, moe_msf
2026-05-14 09:55:23:INFO:trainable params: 4467215 || all params: 6248051215 || trainable%: 0.07149773339365945
2026-05-14 09:55:23:INFO:Init labels...
2026-05-14 09:55:23:INFO:Start training...
2026-05-14 09:55:23:INFO:  Batch size = 24
2026-05-14 09:55:23:INFO:  Gradient Accumulation steps = 2
2026-05-14 09:55:23:INFO:  Effective batch size = 48
2026-05-14 09:55:23:INFO:  AMP dtype = torch.bfloat16
2026-05-14 10:00:16:INFO:TRAIN-(hmmem) (1/1/1)>> loss: 5.0748
2026-05-14 10:00:53:INFO:VAL-(hmmem) >>
2026-05-14 10:00:53:INFO:M: >>  acc: 0.1585  UA: 0.1667  weight_F1: 0.0434  Macro_F1: 0.0456 
2026-05-14 10:01:01:INFO:Saving best model at epoch 1 to /root/autodl-tmp/results/models/hmmem-chatglm3-iemocap6-classification-20260514_095445.pth.
2026-05-14 10:05:42:INFO:TRAIN-(hmmem) (1/2/1)>> loss: 4.3123
2026-05-14 10:06:11:INFO:VAL-(hmmem) >>
2026-05-14 10:06:11:INFO:M: >>  acc: 0.1585  UA: 0.1667  weight_F1: 0.0434  Macro_F1: 0.0456 
2026-05-14 10:10:49:INFO:TRAIN-(hmmem) (2/3/1)>> loss: 2.1451
2026-05-14 10:11:18:INFO:VAL-(hmmem) >>
2026-05-14 10:11:18:INFO:M: >>  acc: 0.2485  UA: 0.2082  weight_F1: 0.2030  Macro_F1: 0.1774 
2026-05-14 10:11:24:INFO:Saving best model at epoch 3 to /root/autodl-tmp/results/models/hmmem-chatglm3-iemocap6-classification-20260514_095445.pth.
2026-05-14 10:16:05:INFO:TRAIN-(hmmem) (1/4/1)>> loss: 0.9157
2026-05-14 10:16:34:INFO:VAL-(hmmem) >>
2026-05-14 10:16:34:INFO:M: >>  acc: 0.3170  UA: 0.2594  weight_F1: 0.2827  Macro_F1: 0.2493 
2026-05-14 10:16:40:INFO:Saving best model at epoch 4 to /root/autodl-tmp/results/models/hmmem-chatglm3-iemocap6-classification-20260514_095445.pth.
2026-05-14 10:21:21:INFO:TRAIN-(hmmem) (1/5/1)>> loss: 0.8296
2026-05-14 10:21:50:INFO:VAL-(hmmem) >>
2026-05-14 10:21:50:INFO:M: >>  acc: 0.3777  UA: 0.3338  weight_F1: 0.3640  Macro_F1: 0.3344 
2026-05-14 10:21:56:INFO:Saving best model at epoch 5 to /root/autodl-tmp/results/models/hmmem-chatglm3-iemocap6-classification-20260514_095445.pth.
2026-05-14 10:22:05:INFO:Checkpoint saved at epoch 5 -> /root/autodl-tmp/results/models/checkpoints/hmmem-chatglm3-iemocap6-classification-20260514_095445-epoch5.ckpt
2026-05-14 10:26:44:INFO:TRAIN-(hmmem) (1/6/1)>> loss: 0.7719
2026-05-14 10:27:12:INFO:VAL-(hmmem) >>
2026-05-14 10:27:12:INFO:M: >>  acc: 0.4090  UA: 0.3781  weight_F1: 0.4041  Macro_F1: 0.3863 
2026-05-14 10:27:18:INFO:Saving best model at epoch 6 to /root/autodl-tmp/results/models/hmmem-chatglm3-iemocap6-classification-20260514_095445.pth.
2026-05-14 10:31:58:INFO:TRAIN-(hmmem) (1/7/1)>> loss: 0.7502
2026-05-14 10:32:27:INFO:VAL-(hmmem) >>
2026-05-14 10:32:27:INFO:M: >>  acc: 0.4110  UA: 0.3747  weight_F1: 0.4058  Macro_F1: 0.3803 
2026-05-14 10:32:33:INFO:Saving best model at epoch 7 to /root/autodl-tmp/results/models/hmmem-chatglm3-iemocap6-classification-20260514_095445.pth.
2026-05-14 10:37:13:INFO:TRAIN-(hmmem) (1/8/1)>> loss: 0.7312
2026-05-14 10:37:42:INFO:VAL-(hmmem) >>
2026-05-14 10:37:42:INFO:M: >>  acc: 0.4247  UA: 0.4075  weight_F1: 0.4243  Macro_F1: 0.4069 
2026-05-14 10:37:48:INFO:Saving best model at epoch 8 to /root/autodl-tmp/results/models/hmmem-chatglm3-iemocap6-classification-20260514_095445.pth.
2026-05-14 10:42:29:INFO:TRAIN-(hmmem) (1/9/1)>> loss: 0.7140
2026-05-14 10:42:58:INFO:VAL-(hmmem) >>
2026-05-14 10:42:58:INFO:M: >>  acc: 0.4188  UA: 0.3906  weight_F1: 0.4073  Macro_F1: 0.3883 
2026-05-14 10:47:36:INFO:TRAIN-(hmmem) (2/10/1)>> loss: 0.7036
2026-05-14 10:48:05:INFO:VAL-(hmmem) >>
2026-05-14 10:48:05:INFO:M: >>  acc: 0.4325  UA: 0.3888  weight_F1: 0.4246  Macro_F1: 0.3981 
2026-05-14 10:48:12:INFO:Saving best model at epoch 10 to /root/autodl-tmp/results/models/hmmem-chatglm3-iemocap6-classification-20260514_095445.pth.
2026-05-14 10:48:21:INFO:Checkpoint saved at epoch 10 -> /root/autodl-tmp/results/models/checkpoints/hmmem-chatglm3-iemocap6-classification-20260514_095445-epoch10.ckpt
2026-05-14 10:52:59:INFO:TRAIN-(hmmem) (1/11/1)>> loss: 0.6900
2026-05-14 10:53:28:INFO:VAL-(hmmem) >>
2026-05-14 10:53:28:INFO:M: >>  acc: 0.4110  UA: 0.3598  weight_F1: 0.3914  Macro_F1: 0.3590 
2026-05-14 10:58:06:INFO:TRAIN-(hmmem) (2/12/1)>> loss: 0.6791
2026-05-14 10:58:35:INFO:VAL-(hmmem) >>
2026-05-14 10:58:35:INFO:M: >>  acc: 0.4227  UA: 0.3791  weight_F1: 0.4139  Macro_F1: 0.3878 
2026-05-14 11:03:13:INFO:TRAIN-(hmmem) (3/13/1)>> loss: 0.6691
2026-05-14 11:03:42:INFO:VAL-(hmmem) >>
2026-05-14 11:03:42:INFO:M: >>  acc: 0.4442  UA: 0.4284  weight_F1: 0.4380  Macro_F1: 0.4217 
2026-05-14 11:03:49:INFO:Saving best model at epoch 13 to /root/autodl-tmp/results/models/hmmem-chatglm3-iemocap6-classification-20260514_095445.pth.
2026-05-14 11:08:29:INFO:TRAIN-(hmmem) (1/14/1)>> loss: 0.6622
2026-05-14 11:08:58:INFO:VAL-(hmmem) >>
2026-05-14 11:08:58:INFO:M: >>  acc: 0.4286  UA: 0.3760  weight_F1: 0.4169  Macro_F1: 0.3881 
2026-05-14 11:13:36:INFO:TRAIN-(hmmem) (2/15/1)>> loss: 0.6562
2026-05-14 11:14:05:INFO:VAL-(hmmem) >>
2026-05-14 11:14:05:INFO:M: >>  acc: 0.4599  UA: 0.4184  weight_F1: 0.4498  Macro_F1: 0.4202 
2026-05-14 11:14:11:INFO:Saving best model at epoch 15 to /root/autodl-tmp/results/models/hmmem-chatglm3-iemocap6-classification-20260514_095445.pth.
2026-05-14 11:14:23:INFO:Checkpoint saved at epoch 15 -> /root/autodl-tmp/results/models/checkpoints/hmmem-chatglm3-iemocap6-classification-20260514_095445-epoch15.ckpt
2026-05-14 11:19:01:INFO:TRAIN-(hmmem) (1/16/1)>> loss: 0.6460
2026-05-14 11:19:30:INFO:VAL-(hmmem) >>
2026-05-14 11:19:30:INFO:M: >>  acc: 0.4442  UA: 0.4052  weight_F1: 0.4382  Macro_F1: 0.4165 
2026-05-14 11:24:08:INFO:TRAIN-(hmmem) (2/17/1)>> loss: 0.6451
2026-05-14 11:24:36:INFO:VAL-(hmmem) >>
2026-05-14 11:24:36:INFO:M: >>  acc: 0.4403  UA: 0.3968  weight_F1: 0.4318  Macro_F1: 0.4081 
2026-05-14 11:29:14:INFO:TRAIN-(hmmem) (3/18/1)>> loss: 0.6396
2026-05-14 11:29:43:INFO:VAL-(hmmem) >>
2026-05-14 11:29:43:INFO:M: >>  acc: 0.4305  UA: 0.3960  weight_F1: 0.4249  Macro_F1: 0.4032 
2026-05-14 11:34:21:INFO:TRAIN-(hmmem) (4/19/1)>> loss: 0.6371
2026-05-14 11:34:50:INFO:VAL-(hmmem) >>
2026-05-14 11:34:50:INFO:M: >>  acc: 0.4344  UA: 0.3945  weight_F1: 0.4221  Macro_F1: 0.3949 
2026-05-14 11:39:28:INFO:TRAIN-(hmmem) (5/20/1)>> loss: 0.6281
2026-05-14 11:39:57:INFO:VAL-(hmmem) >>
2026-05-14 11:39:57:INFO:M: >>  acc: 0.4521  UA: 0.4114  weight_F1: 0.4454  Macro_F1: 0.4233 
2026-05-14 11:40:06:INFO:Checkpoint saved at epoch 20 -> /root/autodl-tmp/results/models/checkpoints/hmmem-chatglm3-iemocap6-classification-20260514_095445-epoch20.ckpt
2026-05-14 11:40:06:INFO:Removed old checkpoint: /root/autodl-tmp/results/models/checkpoints/hmmem-chatglm3-iemocap6-classification-20260514_095445-epoch5.ckpt
2026-05-14 11:44:44:INFO:TRAIN-(hmmem) (6/21/1)>> loss: 0.6303
2026-05-14 11:45:13:INFO:VAL-(hmmem) >>
2026-05-14 11:45:13:INFO:M: >>  acc: 0.4501  UA: 0.4206  weight_F1: 0.4443  Macro_F1: 0.4242 
2026-05-14 11:46:46:INFO:TEST-(hmmem) >>
2026-05-14 11:46:46:INFO:M: >>  acc: 0.4482  UA: 0.4050  weight_F1: 0.4303  Macro_F1: 0.4010 
2026-05-14 11:46:46:INFO:============================================================
2026-05-14 11:46:46:INFO:         Detailed Classification Analysis
2026-05-14 11:46:46:INFO:============================================================
2026-05-14 11:46:46:INFO:         Class     Prec   Recall       F1   Support
2026-05-14 11:46:46:INFO:------------------------------------------------------------
2026-05-14 11:46:46:INFO:         angry   0.4034   0.4176   0.4104       170
2026-05-14 11:46:46:INFO:         happy   0.3409   0.1049   0.1604       143
2026-05-14 11:46:46:INFO:       excited   0.6066   0.2475   0.3515       299
2026-05-14 11:46:46:INFO:           sad   0.4859   0.4939   0.4899       245
2026-05-14 11:46:46:INFO:       neutral   0.4527   0.5729   0.5057       384
2026-05-14 11:46:46:INFO:    frustrated   0.4147   0.5932   0.4881       381
2026-05-14 11:46:46:INFO:------------------------------------------------------------
2026-05-14 11:46:46:INFO:  WA  (Weighted Accuracy) : 0.4482
2026-05-14 11:46:46:INFO:  UA  (Unweighted Accuracy): 0.4050
2026-05-14 11:46:46:INFO:  WF1 (Weighted F1)       : 0.4303
2026-05-14 11:46:46:INFO:  Macro-F1                : 0.4010
2026-05-14 11:46:46:INFO:============================================================
2026-05-14 11:46:46:INFO:Confusion matrix saved → /root/autodl-tmp/results/results/analysis/hmmem-chatglm3-iemocap6-TEST-confusion_matrix-20260514_095445.png
2026-05-14 11:46:53:INFO:t-SNE cluster plot saved → /root/autodl-tmp/results/results/analysis/hmmem-chatglm3-iemocap6-TEST-tsne_clusters-20260514_095445.png
2026-05-14 11:46:55:INFO:Results are added to /root/autodl-tmp/results/results/hmmem-chatglm3-iemocap6-classification.csv...
2026-05-14 11:46:55:INFO:Start running hmmem...
2026-05-14 11:46:55:INFO:<Storage{'is_tune': False, 'train_mode': 'classification', 'modelName': 'hmmem', 'model_type': 'chatglm3', 'datasetName': 'iemocap6', 'root_dataset_dir': '/root/autodl-tmp/datasets/', 'data_dir': None, 'num_workers': 4, 'model_save_dir': '/root/autodl-tmp/results/models', 'res_save_dir': '/root/autodl-tmp/results/results', 'pretrain_LM': '/root/autodl-tmp/models/chatglm3-6b-base', 'gpu_ids': [0], 'seeds': [1234, 2314, 4321], 'use_tgm': False, 'use_origin_amm': False, 'use_amm': True, 'amm_mode': 'hierarchical', 'num_emotion_prototypes': 4, 'use_atgfbff': False, 'use_atgfbff_loss': True, 'use_shared_offset': False, 'use_shared_offset_loss': True, 'shared_offset_mode': 'gate', 'alpha_align': 0.6, 'beta_fiber': 0.1, 'beta_offset': 0.1, 'num_latents': 4, 'use_mslaf': False, 'use_tcap': True, 'use_amm_align_loss': True, 'alpha_amm': 0.5, 'bypass_scale_init': 0.3, 'use_msf': False, 'use_moe_fusion': False, 'use_sd_moe': True, 'use_gate': False, 'use_moe_lb_loss': False, 'num_local_experts': 3, 'expert_bottleneck': 64, 'use_diff_loss': False, 'use_expert_diff_loss': False, 'diff_loss_weight': 0.01, 'use_nce_loss': False, 'nce_hidden_dim': 32, 'nce_pred_steps': 2, 'nce_weight': 0.05, 'adapter_dim': 128, 'audio_adapter_dim': None, 'video_adapter_dim': None, 'iemocap_feature_mode': 'raw', 'meld_feature_mode': 'raw', 'use_lora': False, 'lora_r': 16, 'lora_alpha': 32, 'lora_dropout': 0.05, 'lora_target_modules': 'q_proj,v_proj', 'modalities': 'tav', 'use_context': False, 'text_seq_len': None, 'prompt_context': False, 'context_max_tokens': 64, 'raw_av_mode': 'none', 'av_pseudo_tokens': 4, 'prompt_style': 'default', 'resume_checkpoint': None, 'ckpt_save_interval': 5, 'eval_only': False, 'eval_model_path': None, 'timestamp': '20260514_095445', 'dataPath': '/root/autodl-tmp/datasets/IEMOCAP/iemocap_data_0610.pkl', 'seq_lens': (84, 64, 64), 'feature_dims': (0, 1280, 1408), 'train_samples': 4290, 'num_classes': 6, 'language': 'en', 'KeyEval': 'weight_F1', 'need_data_aligned': False, 'need_model_aligned': False, 'need_label_prefix': True, 'need_normalized': False, 'use_PLM': True, 'save_labels': False, 'task_specific_prompt': 'Please recognize the emotion of the above multimodal content from the target                                                 set <angry:0, happy:1, excited:2, sad:3, neutral:4, frustrated:5>. response: The emotion is', 'max_new_tokens': 2, 'pseudo_tokens': 4, 'label_index_mapping': {'angry': 0, 'happy': 1, 'excited': 2, 'sad': 3, 'neutral': 4, 'frustrated': 5}, 'batch_size': 24, 'gradient_accumulation_steps': 2, 'learning_rate': 5e-05, 'a_lstm_hidden_size': 64, 'v_lstm_hidden_size': 32, 'a_lstm_layers': 1, 'v_lstm_layers': 1, 'a_lstm_dropout': 0.0, 'v_lstm_dropout': 0.0, 'warm_up_epochs': 90, 'gamma': 1, 'update_epochs': 1, 'early_stop': 6, 'H': 3.0, 'seed': 2314}>
2026-05-14 11:46:55:INFO:Let's use the GPU 1 !
2026-05-14 11:46:59:INFO:Using pre-parsed CSV files from: /root/autodl-tmp/datasets/IEMOCAP/iemocap_text
2026-05-14 11:46:59:INFO:IEMOCAP train split loaded 5247/5247 samples (drop: missing_meta=0, unknown_emo=0, mapping_missing=0, missing_modal=0)
2026-05-14 11:47:04:INFO:Using pre-parsed CSV files from: /root/autodl-tmp/datasets/IEMOCAP/iemocap_text
2026-05-14 11:47:04:INFO:IEMOCAP valid split loaded 511/511 samples (drop: missing_meta=0, unknown_emo=0, mapping_missing=0, missing_modal=0)
2026-05-14 11:47:06:INFO:Using pre-parsed CSV files from: /root/autodl-tmp/datasets/IEMOCAP/iemocap_text
2026-05-14 11:47:06:INFO:IEMOCAP test split loaded 1622/1622 samples (drop: missing_meta=0, unknown_emo=0, mapping_missing=0, missing_modal=0)
2026-05-14 11:47:23:INFO:torch.compile enabled for: audio_LSTM, video_LSTM, mixer, audio_adapter, video_adapter, shared_proj, global_moe, local_moe, moe_msf
2026-05-14 11:47:23:INFO:trainable params: 4467215 || all params: 6248051215 || trainable%: 0.07149773339365945
2026-05-14 11:47:23:INFO:Init labels...
2026-05-14 11:47:23:INFO:Start training...
2026-05-14 11:47:23:INFO:  Batch size = 24
2026-05-14 11:47:23:INFO:  Gradient Accumulation steps = 2
2026-05-14 11:47:23:INFO:  Effective batch size = 48
2026-05-14 11:47:23:INFO:  AMP dtype = torch.bfloat16
2026-05-14 11:52:02:INFO:TRAIN-(hmmem) (1/1/2)>> loss: 5.0012
2026-05-14 11:52:33:INFO:VAL-(hmmem) >>
2026-05-14 11:52:33:INFO:M: >>  acc: 0.1585  UA: 0.1667  weight_F1: 0.0434  Macro_F1: 0.0456 
2026-05-14 11:52:40:INFO:Saving best model at epoch 1 to /root/autodl-tmp/results/models/hmmem-chatglm3-iemocap6-classification-20260514_095445.pth.
2026-05-14 11:57:19:INFO:TRAIN-(hmmem) (1/2/2)>> loss: 3.4884
2026-05-14 11:57:48:INFO:VAL-(hmmem) >>
2026-05-14 11:57:48:INFO:M: >>  acc: 0.2231  UA: 0.2251  weight_F1: 0.1914  Macro_F1: 0.1546 
2026-05-14 11:57:55:INFO:Saving best model at epoch 2 to /root/autodl-tmp/results/models/hmmem-chatglm3-iemocap6-classification-20260514_095445.pth.
2026-05-14 12:02:35:INFO:TRAIN-(hmmem) (1/3/2)>> loss: 0.9931
2026-05-14 12:03:04:INFO:VAL-(hmmem) >>
2026-05-14 12:03:04:INFO:M: >>  acc: 0.2720  UA: 0.2497  weight_F1: 0.1880  Macro_F1: 0.1676 
2026-05-14 12:07:43:INFO:TRAIN-(hmmem) (2/4/2)>> loss: 0.8702
2026-05-14 12:08:11:INFO:VAL-(hmmem) >>
2026-05-14 12:08:11:INFO:M: >>  acc: 0.2485  UA: 0.2605  weight_F1: 0.2004  Macro_F1: 0.1854 
2026-05-14 12:08:17:INFO:Saving best model at epoch 4 to /root/autodl-tmp/results/models/hmmem-chatglm3-iemocap6-classification-20260514_095445.pth.
2026-05-14 12:12:58:INFO:TRAIN-(hmmem) (1/5/2)>> loss: 0.8320
2026-05-14 12:13:27:INFO:VAL-(hmmem) >>
2026-05-14 12:13:27:INFO:M: >>  acc: 0.3053  UA: 0.3256  weight_F1: 0.2819  Macro_F1: 0.2670 
2026-05-14 12:13:32:INFO:Saving best model at epoch 5 to /root/autodl-tmp/results/models/hmmem-chatglm3-iemocap6-classification-20260514_095445.pth.
2026-05-14 12:13:42:INFO:Checkpoint saved at epoch 5 -> /root/autodl-tmp/results/models/checkpoints/hmmem-chatglm3-iemocap6-classification-20260514_095445-epoch5.ckpt
2026-05-14 12:13:42:INFO:Removed old checkpoint: /root/autodl-tmp/results/models/checkpoints/hmmem-chatglm3-iemocap6-classification-20260514_095445-epoch10.ckpt
2026-05-14 12:18:20:INFO:TRAIN-(hmmem) (1/6/2)>> loss: 0.8049
2026-05-14 12:18:49:INFO:VAL-(hmmem) >>
2026-05-14 12:18:49:INFO:M: >>  acc: 0.3366  UA: 0.3203  weight_F1: 0.2757  Macro_F1: 0.2680 
2026-05-14 12:23:27:INFO:TRAIN-(hmmem) (2/7/2)>> loss: 0.7866
2026-05-14 12:23:56:INFO:VAL-(hmmem) >>
2026-05-14 12:23:56:INFO:M: >>  acc: 0.3386  UA: 0.3621  weight_F1: 0.3188  Macro_F1: 0.3148 
2026-05-14 12:24:02:INFO:Saving best model at epoch 7 to /root/autodl-tmp/results/models/hmmem-chatglm3-iemocap6-classification-20260514_095445.pth.
2026-05-14 12:28:43:INFO:TRAIN-(hmmem) (1/8/2)>> loss: 0.7618
2026-05-14 12:29:12:INFO:VAL-(hmmem) >>
2026-05-14 12:29:12:INFO:M: >>  acc: 0.3875  UA: 0.3808  weight_F1: 0.3316  Macro_F1: 0.3195 
2026-05-14 12:29:18:INFO:Saving best model at epoch 8 to /root/autodl-tmp/results/models/hmmem-chatglm3-iemocap6-classification-20260514_095445.pth.
2026-05-14 12:33:58:INFO:TRAIN-(hmmem) (1/9/2)>> loss: 0.6845
2026-05-14 12:34:27:INFO:VAL-(hmmem) >>
2026-05-14 12:34:27:INFO:M: >>  acc: 0.4305  UA: 0.4165  weight_F1: 0.3729  Macro_F1: 0.3644 
2026-05-14 12:34:33:INFO:Saving best model at epoch 9 to /root/autodl-tmp/results/models/hmmem-chatglm3-iemocap6-classification-20260514_095445.pth.
2026-05-14 12:39:14:INFO:TRAIN-(hmmem) (1/10/2)>> loss: 0.6436
2026-05-14 12:39:43:INFO:VAL-(hmmem) >>
2026-05-14 12:39:43:INFO:M: >>  acc: 0.4658  UA: 0.4593  weight_F1: 0.4327  Macro_F1: 0.4181 
2026-05-14 12:39:48:INFO:Saving best model at epoch 10 to /root/autodl-tmp/results/models/hmmem-chatglm3-iemocap6-classification-20260514_095445.pth.
2026-05-14 12:39:59:INFO:Checkpoint saved at epoch 10 -> /root/autodl-tmp/results/models/checkpoints/hmmem-chatglm3-iemocap6-classification-20260514_095445-epoch10.ckpt
2026-05-14 12:39:59:INFO:Removed old checkpoint: /root/autodl-tmp/results/models/checkpoints/hmmem-chatglm3-iemocap6-classification-20260514_095445-epoch15.ckpt
2026-05-14 12:44:38:INFO:TRAIN-(hmmem) (1/11/2)>> loss: 0.6246
2026-05-14 12:45:07:INFO:VAL-(hmmem) >>
2026-05-14 12:45:07:INFO:M: >>  acc: 0.5303  UA: 0.5073  weight_F1: 0.4796  Macro_F1: 0.4760 
2026-05-14 12:45:13:INFO:Saving best model at epoch 11 to /root/autodl-tmp/results/models/hmmem-chatglm3-iemocap6-classification-20260514_095445.pth.
2026-05-14 12:49:55:INFO:TRAIN-(hmmem) (1/12/2)>> loss: 0.6091
2026-05-14 12:50:24:INFO:VAL-(hmmem) >>
2026-05-14 12:50:24:INFO:M: >>  acc: 0.4834  UA: 0.4846  weight_F1: 0.4568  Macro_F1: 0.4421 
2026-05-14 12:55:02:INFO:TRAIN-(hmmem) (2/13/2)>> loss: 0.5987
2026-05-14 12:55:31:INFO:VAL-(hmmem) >>
2026-05-14 12:55:31:INFO:M: >>  acc: 0.4501  UA: 0.4512  weight_F1: 0.4154  Macro_F1: 0.4018 
2026-05-14 13:00:09:INFO:TRAIN-(hmmem) (3/14/2)>> loss: 0.5799
2026-05-14 13:00:38:INFO:VAL-(hmmem) >>
2026-05-14 13:00:38:INFO:M: >>  acc: 0.5225  UA: 0.5088  weight_F1: 0.5026  Macro_F1: 0.4840 
2026-05-14 13:00:44:INFO:Saving best model at epoch 14 to /root/autodl-tmp/results/models/hmmem-chatglm3-iemocap6-classification-20260514_095445.pth.
2026-05-14 13:05:24:INFO:TRAIN-(hmmem) (1/15/2)>> loss: 0.5667
2026-05-14 13:05:53:INFO:VAL-(hmmem) >>
2026-05-14 13:05:53:INFO:M: >>  acc: 0.5205  UA: 0.5011  weight_F1: 0.5163  Macro_F1: 0.4965 
2026-05-14 13:05:59:INFO:Saving best model at epoch 15 to /root/autodl-tmp/results/models/hmmem-chatglm3-iemocap6-classification-20260514_095445.pth.
2026-05-14 13:06:10:INFO:Checkpoint saved at epoch 15 -> /root/autodl-tmp/results/models/checkpoints/hmmem-chatglm3-iemocap6-classification-20260514_095445-epoch15.ckpt
2026-05-14 13:06:10:INFO:Removed old checkpoint: /root/autodl-tmp/results/models/checkpoints/hmmem-chatglm3-iemocap6-classification-20260514_095445-epoch20.ckpt
2026-05-14 13:10:49:INFO:TRAIN-(hmmem) (1/16/2)>> loss: 0.5435
2026-05-14 13:11:18:INFO:VAL-(hmmem) >>
2026-05-14 13:11:18:INFO:M: >>  acc: 0.5636  UA: 0.5361  weight_F1: 0.5521  Macro_F1: 0.5335 
2026-05-14 13:11:24:INFO:Saving best model at epoch 16 to /root/autodl-tmp/results/models/hmmem-chatglm3-iemocap6-classification-20260514_095445.pth.
2026-05-14 13:16:06:INFO:TRAIN-(hmmem) (1/17/2)>> loss: 0.5333
2026-05-14 13:16:35:INFO:VAL-(hmmem) >>
2026-05-14 13:16:35:INFO:M: >>  acc: 0.5166  UA: 0.5113  weight_F1: 0.5121  Macro_F1: 0.4938 
2026-05-14 13:21:14:INFO:TRAIN-(hmmem) (2/18/2)>> loss: 0.5258
2026-05-14 13:21:43:INFO:VAL-(hmmem) >>
2026-05-14 13:21:43:INFO:M: >>  acc: 0.5460  UA: 0.5308  weight_F1: 0.5471  Macro_F1: 0.5305 
2026-05-14 13:26:21:INFO:TRAIN-(hmmem) (3/19/2)>> loss: 0.5122
2026-05-14 13:26:50:INFO:VAL-(hmmem) >>
2026-05-14 13:26:50:INFO:M: >>  acc: 0.5245  UA: 0.5141  weight_F1: 0.5188  Macro_F1: 0.5018 
2026-05-14 13:31:29:INFO:TRAIN-(hmmem) (4/20/2)>> loss: 0.4988
2026-05-14 13:31:58:INFO:VAL-(hmmem) >>
2026-05-14 13:31:58:INFO:M: >>  acc: 0.4892  UA: 0.4664  weight_F1: 0.4753  Macro_F1: 0.4724 
2026-05-14 13:32:05:INFO:Checkpoint saved at epoch 20 -> /root/autodl-tmp/results/models/checkpoints/hmmem-chatglm3-iemocap6-classification-20260514_095445-epoch20.ckpt
2026-05-14 13:32:06:INFO:Removed old checkpoint: /root/autodl-tmp/results/models/checkpoints/hmmem-chatglm3-iemocap6-classification-20260514_095445-epoch5.ckpt
2026-05-14 13:36:44:INFO:TRAIN-(hmmem) (5/21/2)>> loss: 0.4892
2026-05-14 13:37:13:INFO:VAL-(hmmem) >>
2026-05-14 13:37:13:INFO:M: >>  acc: 0.5225  UA: 0.5016  weight_F1: 0.5117  Macro_F1: 0.4939 
2026-05-14 13:41:51:INFO:TRAIN-(hmmem) (6/22/2)>> loss: 0.4624
2026-05-14 13:42:20:INFO:VAL-(hmmem) >>
2026-05-14 13:42:20:INFO:M: >>  acc: 0.5440  UA: 0.5486  weight_F1: 0.5518  Macro_F1: 0.5477 
2026-05-14 13:43:53:INFO:TEST-(hmmem) >>
2026-05-14 13:43:53:INFO:M: >>  acc: 0.5049  UA: 0.4779  weight_F1: 0.4946  Macro_F1: 0.4763 
2026-05-14 13:43:53:INFO:============================================================
2026-05-14 13:43:53:INFO:         Detailed Classification Analysis
2026-05-14 13:43:53:INFO:============================================================
2026-05-14 13:43:53:INFO:         Class     Prec   Recall       F1   Support
2026-05-14 13:43:53:INFO:------------------------------------------------------------
2026-05-14 13:43:53:INFO:         angry   0.5641   0.3882   0.4599       170
2026-05-14 13:43:53:INFO:         happy   0.2870   0.2308   0.2558       143
2026-05-14 13:43:53:INFO:       excited   0.6369   0.3813   0.4770       299
2026-05-14 13:43:53:INFO:           sad   0.5836   0.7837   0.6690       245
2026-05-14 13:43:53:INFO:       neutral   0.5878   0.4010   0.4768       384
2026-05-14 13:43:53:INFO:    frustrated   0.4194   0.6824   0.5195       381
2026-05-14 13:43:53:INFO:------------------------------------------------------------
2026-05-14 13:43:53:INFO:  WA  (Weighted Accuracy) : 0.5049
2026-05-14 13:43:53:INFO:  UA  (Unweighted Accuracy): 0.4779
2026-05-14 13:43:53:INFO:  WF1 (Weighted F1)       : 0.4946
2026-05-14 13:43:53:INFO:  Macro-F1                : 0.4763
2026-05-14 13:43:53:INFO:============================================================
2026-05-14 13:43:53:INFO:Confusion matrix saved → /root/autodl-tmp/results/results/analysis/hmmem-chatglm3-iemocap6-TEST-confusion_matrix-20260514_095445.png
2026-05-14 13:44:01:INFO:t-SNE cluster plot saved → /root/autodl-tmp/results/results/analysis/hmmem-chatglm3-iemocap6-TEST-tsne_clusters-20260514_095445.png
2026-05-14 13:44:04:INFO:Results are added to /root/autodl-tmp/results/results/hmmem-chatglm3-iemocap6-classification.csv...
2026-05-14 13:44:04:INFO:Start running hmmem...
2026-05-14 13:44:04:INFO:<Storage{'is_tune': False, 'train_mode': 'classification', 'modelName': 'hmmem', 'model_type': 'chatglm3', 'datasetName': 'iemocap6', 'root_dataset_dir': '/root/autodl-tmp/datasets/', 'data_dir': None, 'num_workers': 4, 'model_save_dir': '/root/autodl-tmp/results/models', 'res_save_dir': '/root/autodl-tmp/results/results', 'pretrain_LM': '/root/autodl-tmp/models/chatglm3-6b-base', 'gpu_ids': [0], 'seeds': [1234, 2314, 4321], 'use_tgm': False, 'use_origin_amm': False, 'use_amm': True, 'amm_mode': 'hierarchical', 'num_emotion_prototypes': 4, 'use_atgfbff': False, 'use_atgfbff_loss': True, 'use_shared_offset': False, 'use_shared_offset_loss': True, 'shared_offset_mode': 'gate', 'alpha_align': 0.6, 'beta_fiber': 0.1, 'beta_offset': 0.1, 'num_latents': 4, 'use_mslaf': False, 'use_tcap': True, 'use_amm_align_loss': True, 'alpha_amm': 0.5, 'bypass_scale_init': 0.3, 'use_msf': False, 'use_moe_fusion': False, 'use_sd_moe': True, 'use_gate': False, 'use_moe_lb_loss': False, 'num_local_experts': 3, 'expert_bottleneck': 64, 'use_diff_loss': False, 'use_expert_diff_loss': False, 'diff_loss_weight': 0.01, 'use_nce_loss': False, 'nce_hidden_dim': 32, 'nce_pred_steps': 2, 'nce_weight': 0.05, 'adapter_dim': 128, 'audio_adapter_dim': None, 'video_adapter_dim': None, 'iemocap_feature_mode': 'raw', 'meld_feature_mode': 'raw', 'use_lora': False, 'lora_r': 16, 'lora_alpha': 32, 'lora_dropout': 0.05, 'lora_target_modules': 'q_proj,v_proj', 'modalities': 'tav', 'use_context': False, 'text_seq_len': None, 'prompt_context': False, 'context_max_tokens': 64, 'raw_av_mode': 'none', 'av_pseudo_tokens': 4, 'prompt_style': 'default', 'resume_checkpoint': None, 'ckpt_save_interval': 5, 'eval_only': False, 'eval_model_path': None, 'timestamp': '20260514_095445', 'dataPath': '/root/autodl-tmp/datasets/IEMOCAP/iemocap_data_0610.pkl', 'seq_lens': (84, 64, 64), 'feature_dims': (0, 1280, 1408), 'train_samples': 4290, 'num_classes': 6, 'language': 'en', 'KeyEval': 'weight_F1', 'need_data_aligned': False, 'need_model_aligned': False, 'need_label_prefix': True, 'need_normalized': False, 'use_PLM': True, 'save_labels': False, 'task_specific_prompt': 'Please recognize the emotion of the above multimodal content from the target                                                 set <angry:0, happy:1, excited:2, sad:3, neutral:4, frustrated:5>. response: The emotion is', 'max_new_tokens': 2, 'pseudo_tokens': 4, 'label_index_mapping': {'angry': 0, 'happy': 1, 'excited': 2, 'sad': 3, 'neutral': 4, 'frustrated': 5}, 'batch_size': 24, 'gradient_accumulation_steps': 2, 'learning_rate': 5e-05, 'a_lstm_hidden_size': 64, 'v_lstm_hidden_size': 32, 'a_lstm_layers': 1, 'v_lstm_layers': 1, 'a_lstm_dropout': 0.0, 'v_lstm_dropout': 0.0, 'warm_up_epochs': 90, 'gamma': 1, 'update_epochs': 1, 'early_stop': 6, 'H': 3.0, 'seed': 4321}>
2026-05-14 13:44:04:INFO:Let's use the GPU 1 !
2026-05-14 13:44:06:INFO:Using pre-parsed CSV files from: /root/autodl-tmp/datasets/IEMOCAP/iemocap_text
2026-05-14 13:44:07:INFO:IEMOCAP train split loaded 5247/5247 samples (drop: missing_meta=0, unknown_emo=0, mapping_missing=0, missing_modal=0)
2026-05-14 13:44:11:INFO:Using pre-parsed CSV files from: /root/autodl-tmp/datasets/IEMOCAP/iemocap_text
2026-05-14 13:44:11:INFO:IEMOCAP valid split loaded 511/511 samples (drop: missing_meta=0, unknown_emo=0, mapping_missing=0, missing_modal=0)
2026-05-14 13:44:12:INFO:Using pre-parsed CSV files from: /root/autodl-tmp/datasets/IEMOCAP/iemocap_text
2026-05-14 13:44:12:INFO:IEMOCAP test split loaded 1622/1622 samples (drop: missing_meta=0, unknown_emo=0, mapping_missing=0, missing_modal=0)
2026-05-14 13:44:30:INFO:torch.compile enabled for: audio_LSTM, video_LSTM, mixer, audio_adapter, video_adapter, shared_proj, global_moe, local_moe, moe_msf
2026-05-14 13:44:30:INFO:trainable params: 4467215 || all params: 6248051215 || trainable%: 0.07149773339365945
2026-05-14 13:44:30:INFO:Init labels...
2026-05-14 13:44:30:INFO:Start training...
2026-05-14 13:44:30:INFO:  Batch size = 24
2026-05-14 13:44:30:INFO:  Gradient Accumulation steps = 2
2026-05-14 13:44:30:INFO:  Effective batch size = 48
2026-05-14 13:44:30:INFO:  AMP dtype = torch.bfloat16
2026-05-14 13:49:10:INFO:TRAIN-(hmmem) (1/1/3)>> loss: 4.9757
2026-05-14 13:49:41:INFO:VAL-(hmmem) >>
2026-05-14 13:49:41:INFO:M: >>  acc: 0.1585  UA: 0.1667  weight_F1: 0.0434  Macro_F1: 0.0456 
2026-05-14 13:49:49:INFO:Saving best model at epoch 1 to /root/autodl-tmp/results/models/hmmem-chatglm3-iemocap6-classification-20260514_095445.pth.
2026-05-14 13:54:31:INFO:TRAIN-(hmmem) (1/2/3)>> loss: 4.0278
2026-05-14 13:55:00:INFO:VAL-(hmmem) >>
2026-05-14 13:55:00:INFO:M: >>  acc: 0.1585  UA: 0.1667  weight_F1: 0.0434  Macro_F1: 0.0456 
2026-05-14 13:59:37:INFO:TRAIN-(hmmem) (2/3/3)>> loss: 1.4576
2026-05-14 14:00:06:INFO:VAL-(hmmem) >>
2026-05-14 14:00:06:INFO:M: >>  acc: 0.2661  UA: 0.2587  weight_F1: 0.2329  Macro_F1: 0.2156 
2026-05-14 14:00:12:INFO:Saving best model at epoch 3 to /root/autodl-tmp/results/models/hmmem-chatglm3-iemocap6-classification-20260514_095445.pth.
2026-05-14 14:04:53:INFO:TRAIN-(hmmem) (1/4/3)>> loss: 0.9048
2026-05-14 14:05:22:INFO:VAL-(hmmem) >>
2026-05-14 14:05:22:INFO:M: >>  acc: 0.2701  UA: 0.2761  weight_F1: 0.2442  Macro_F1: 0.2388 
2026-05-14 14:05:27:INFO:Saving best model at epoch 4 to /root/autodl-tmp/results/models/hmmem-chatglm3-iemocap6-classification-20260514_095445.pth.
2026-05-14 14:10:08:INFO:TRAIN-(hmmem) (1/5/3)>> loss: 0.8261
2026-05-14 14:10:37:INFO:VAL-(hmmem) >>
2026-05-14 14:10:37:INFO:M: >>  acc: 0.3464  UA: 0.2974  weight_F1: 0.3199  Macro_F1: 0.2899 
2026-05-14 14:10:44:INFO:Saving best model at epoch 5 to /root/autodl-tmp/results/models/hmmem-chatglm3-iemocap6-classification-20260514_095445.pth.
2026-05-14 14:10:55:INFO:Checkpoint saved at epoch 5 -> /root/autodl-tmp/results/models/checkpoints/hmmem-chatglm3-iemocap6-classification-20260514_095445-epoch5.ckpt
2026-05-14 14:10:55:INFO:Removed old checkpoint: /root/autodl-tmp/results/models/checkpoints/hmmem-chatglm3-iemocap6-classification-20260514_095445-epoch10.ckpt
2026-05-14 14:15:33:INFO:TRAIN-(hmmem) (1/6/3)>> loss: 0.7800
2026-05-14 14:16:02:INFO:VAL-(hmmem) >>
2026-05-14 14:16:02:INFO:M: >>  acc: 0.3914  UA: 0.3740  weight_F1: 0.3814  Macro_F1: 0.3636 
2026-05-14 14:16:08:INFO:Saving best model at epoch 6 to /root/autodl-tmp/results/models/hmmem-chatglm3-iemocap6-classification-20260514_095445.pth.
2026-05-14 14:20:48:INFO:TRAIN-(hmmem) (1/7/3)>> loss: 0.7547
2026-05-14 14:21:17:INFO:VAL-(hmmem) >>
2026-05-14 14:21:17:INFO:M: >>  acc: 0.3483  UA: 0.3498  weight_F1: 0.3331  Macro_F1: 0.3314 
2026-05-14 14:25:55:INFO:TRAIN-(hmmem) (2/8/3)>> loss: 0.7356
2026-05-14 14:26:24:INFO:VAL-(hmmem) >>
2026-05-14 14:26:24:INFO:M: >>  acc: 0.3875  UA: 0.3647  weight_F1: 0.3652  Macro_F1: 0.3535 
2026-05-14 14:31:03:INFO:TRAIN-(hmmem) (3/9/3)>> loss: 0.7171
2026-05-14 14:31:31:INFO:VAL-(hmmem) >>
2026-05-14 14:31:32:INFO:M: >>  acc: 0.3875  UA: 0.3830  weight_F1: 0.3691  Macro_F1: 0.3640 
2026-05-14 14:36:10:INFO:TRAIN-(hmmem) (4/10/3)>> loss: 0.6977
2026-05-14 14:36:39:INFO:VAL-(hmmem) >>
2026-05-14 14:36:39:INFO:M: >>  acc: 0.3209  UA: 0.3405  weight_F1: 0.2985  Macro_F1: 0.3070 
2026-05-14 14:36:47:INFO:Checkpoint saved at epoch 10 -> /root/autodl-tmp/results/models/checkpoints/hmmem-chatglm3-iemocap6-classification-20260514_095445-epoch10.ckpt
2026-05-14 14:36:47:INFO:Removed old checkpoint: /root/autodl-tmp/results/models/checkpoints/hmmem-chatglm3-iemocap6-classification-20260514_095445-epoch15.ckpt
2026-05-14 14:41:25:INFO:TRAIN-(hmmem) (5/11/3)>> loss: 0.6884
2026-05-14 14:41:54:INFO:VAL-(hmmem) >>
2026-05-14 14:41:54:INFO:M: >>  acc: 0.3855  UA: 0.3728  weight_F1: 0.3748  Macro_F1: 0.3634 
2026-05-14 14:46:32:INFO:TRAIN-(hmmem) (6/12/3)>> loss: 0.6717
2026-05-14 14:47:01:INFO:VAL-(hmmem) >>
2026-05-14 14:47:01:INFO:M: >>  acc: 0.4110  UA: 0.3908  weight_F1: 0.3893  Macro_F1: 0.3784 
2026-05-14 14:47:07:INFO:Saving best model at epoch 12 to /root/autodl-tmp/results/models/hmmem-chatglm3-iemocap6-classification-20260514_095445.pth.
2026-05-14 14:51:48:INFO:TRAIN-(hmmem) (1/13/3)>> loss: 0.6631
2026-05-14 14:52:17:INFO:VAL-(hmmem) >>
2026-05-14 14:52:17:INFO:M: >>  acc: 0.4403  UA: 0.4288  weight_F1: 0.4363  Macro_F1: 0.4234 
2026-05-14 14:52:22:INFO:Saving best model at epoch 13 to /root/autodl-tmp/results/models/hmmem-chatglm3-iemocap6-classification-20260514_095445.pth.
2026-05-14 14:57:03:INFO:TRAIN-(hmmem) (1/14/3)>> loss: 0.6548
2026-05-14 14:57:32:INFO:VAL-(hmmem) >>
2026-05-14 14:57:32:INFO:M: >>  acc: 0.4540  UA: 0.4300  weight_F1: 0.4475  Macro_F1: 0.4341 
2026-05-14 14:57:38:INFO:Saving best model at epoch 14 to /root/autodl-tmp/results/models/hmmem-chatglm3-iemocap6-classification-20260514_095445.pth.
2026-05-14 15:02:18:INFO:TRAIN-(hmmem) (1/15/3)>> loss: 0.6519
2026-05-14 15:02:47:INFO:VAL-(hmmem) >>
2026-05-14 15:02:47:INFO:M: >>  acc: 0.4344  UA: 0.4136  weight_F1: 0.4277  Macro_F1: 0.4108 
2026-05-14 15:02:55:INFO:Checkpoint saved at epoch 15 -> /root/autodl-tmp/results/models/checkpoints/hmmem-chatglm3-iemocap6-classification-20260514_095445-epoch15.ckpt
2026-05-14 15:02:56:INFO:Removed old checkpoint: /root/autodl-tmp/results/models/checkpoints/hmmem-chatglm3-iemocap6-classification-20260514_095445-epoch20.ckpt
2026-05-14 15:07:34:INFO:TRAIN-(hmmem) (2/16/3)>> loss: 0.6392
2026-05-14 15:08:03:INFO:VAL-(hmmem) >>
2026-05-14 15:08:03:INFO:M: >>  acc: 0.4168  UA: 0.4303  weight_F1: 0.4000  Macro_F1: 0.3978 
2026-05-14 15:12:41:INFO:TRAIN-(hmmem) (3/17/3)>> loss: 0.6332
2026-05-14 15:13:10:INFO:VAL-(hmmem) >>
2026-05-14 15:13:10:INFO:M: >>  acc: 0.4305  UA: 0.4309  weight_F1: 0.4163  Macro_F1: 0.4063 
2026-05-14 15:17:48:INFO:TRAIN-(hmmem) (4/18/3)>> loss: 0.6262
2026-05-14 15:18:17:INFO:VAL-(hmmem) >>
2026-05-14 15:18:17:INFO:M: >>  acc: 0.4638  UA: 0.4654  weight_F1: 0.4605  Macro_F1: 0.4506 
2026-05-14 15:18:23:INFO:Saving best model at epoch 18 to /root/autodl-tmp/results/models/hmmem-chatglm3-iemocap6-classification-20260514_095445.pth.
2026-05-14 15:23:04:INFO:TRAIN-(hmmem) (1/19/3)>> loss: 0.6204
2026-05-14 15:23:33:INFO:VAL-(hmmem) >>
2026-05-14 15:23:33:INFO:M: >>  acc: 0.4462  UA: 0.4392  weight_F1: 0.4428  Macro_F1: 0.4306 
2026-05-14 15:28:12:INFO:TRAIN-(hmmem) (2/20/3)>> loss: 0.6147
2026-05-14 15:28:41:INFO:VAL-(hmmem) >>
2026-05-14 15:28:41:INFO:M: >>  acc: 0.4795  UA: 0.4628  weight_F1: 0.4792  Macro_F1: 0.4648 
2026-05-14 15:28:50:INFO:Saving best model at epoch 20 to /root/autodl-tmp/results/models/hmmem-chatglm3-iemocap6-classification-20260514_095445.pth.
2026-05-14 15:29:04:INFO:Checkpoint saved at epoch 20 -> /root/autodl-tmp/results/models/checkpoints/hmmem-chatglm3-iemocap6-classification-20260514_095445-epoch20.ckpt
2026-05-14 15:29:05:INFO:Removed old checkpoint: /root/autodl-tmp/results/models/checkpoints/hmmem-chatglm3-iemocap6-classification-20260514_095445-epoch5.ckpt
2026-05-14 15:33:44:INFO:TRAIN-(hmmem) (1/21/3)>> loss: 0.6053
2026-05-14 15:34:13:INFO:VAL-(hmmem) >>
2026-05-14 15:34:13:INFO:M: >>  acc: 0.4775  UA: 0.4531  weight_F1: 0.4676  Macro_F1: 0.4445 
2026-05-14 15:38:52:INFO:TRAIN-(hmmem) (2/22/3)>> loss: 0.6014
2026-05-14 15:39:22:INFO:VAL-(hmmem) >>
2026-05-14 15:39:22:INFO:M: >>  acc: 0.4755  UA: 0.4513  weight_F1: 0.4672  Macro_F1: 0.4476 
2026-05-14 15:44:01:INFO:TRAIN-(hmmem) (3/23/3)>> loss: 0.6054
2026-05-14 15:44:30:INFO:VAL-(hmmem) >>
2026-05-14 15:44:30:INFO:M: >>  acc: 0.4501  UA: 0.4205  weight_F1: 0.4426  Macro_F1: 0.4212 
2026-05-14 15:49:09:INFO:TRAIN-(hmmem) (4/24/3)>> loss: 0.5969
2026-05-14 15:49:38:INFO:VAL-(hmmem) >>
2026-05-14 15:49:38:INFO:M: >>  acc: 0.4755  UA: 0.4755  weight_F1: 0.4688  Macro_F1: 0.4582 
2026-05-14 15:54:17:INFO:TRAIN-(hmmem) (5/25/3)>> loss: 0.5886
2026-05-14 15:54:46:INFO:VAL-(hmmem) >>
2026-05-14 15:54:46:INFO:M: >>  acc: 0.4951  UA: 0.4826  weight_F1: 0.4925  Macro_F1: 0.4754 
2026-05-14 15:54:53:INFO:Saving best model at epoch 25 to /root/autodl-tmp/results/models/hmmem-chatglm3-iemocap6-classification-20260514_095445.pth.
2026-05-14 15:55:05:INFO:Checkpoint saved at epoch 25 -> /root/autodl-tmp/results/models/checkpoints/hmmem-chatglm3-iemocap6-classification-20260514_095445-epoch25.ckpt
2026-05-14 15:55:06:INFO:Removed old checkpoint: /root/autodl-tmp/results/models/checkpoints/hmmem-chatglm3-iemocap6-classification-20260514_095445-epoch10.ckpt
2026-05-14 15:59:45:INFO:TRAIN-(hmmem) (1/26/3)>> loss: 0.5812
2026-05-14 16:00:14:INFO:VAL-(hmmem) >>
2026-05-14 16:00:14:INFO:M: >>  acc: 0.4795  UA: 0.4510  weight_F1: 0.4650  Macro_F1: 0.4381 
2026-05-14 16:04:54:INFO:TRAIN-(hmmem) (2/27/3)>> loss: 0.5778
2026-05-14 16:05:23:INFO:VAL-(hmmem) >>
2026-05-14 16:05:23:INFO:M: >>  acc: 0.4364  UA: 0.4669  weight_F1: 0.4164  Macro_F1: 0.4288 
2026-05-14 16:10:02:INFO:TRAIN-(hmmem) (3/28/3)>> loss: 0.5716
2026-05-14 16:10:31:INFO:VAL-(hmmem) >>
2026-05-14 16:10:31:INFO:M: >>  acc: 0.4755  UA: 0.4653  weight_F1: 0.4628  Macro_F1: 0.4455 
2026-05-14 16:15:10:INFO:TRAIN-(hmmem) (4/29/3)>> loss: 0.5579
2026-05-14 16:15:39:INFO:VAL-(hmmem) >>
2026-05-14 16:15:39:INFO:M: >>  acc: 0.4736  UA: 0.4842  weight_F1: 0.4577  Macro_F1: 0.4521 
2026-05-14 16:20:19:INFO:TRAIN-(hmmem) (5/30/3)>> loss: 0.5265
2026-05-14 16:20:48:INFO:VAL-(hmmem) >>
2026-05-14 16:20:48:INFO:M: >>  acc: 0.4932  UA: 0.5095  weight_F1: 0.4710  Macro_F1: 0.4688 
2026-05-14 16:21:01:INFO:Checkpoint saved at epoch 30 -> /root/autodl-tmp/results/models/checkpoints/hmmem-chatglm3-iemocap6-classification-20260514_095445-epoch30.ckpt
2026-05-14 16:21:01:INFO:Removed old checkpoint: /root/autodl-tmp/results/models/checkpoints/hmmem-chatglm3-iemocap6-classification-20260514_095445-epoch15.ckpt
2026-05-14 16:25:41:INFO:TRAIN-(hmmem) (6/31/3)>> loss: 0.5094
2026-05-14 16:26:10:INFO:VAL-(hmmem) >>
2026-05-14 16:26:10:INFO:M: >>  acc: 0.5147  UA: 0.5275  weight_F1: 0.4965  Macro_F1: 0.4896 
2026-05-14 16:26:18:INFO:Saving best model at epoch 31 to /root/autodl-tmp/results/models/hmmem-chatglm3-iemocap6-classification-20260514_095445.pth.
2026-05-14 16:31:03:INFO:TRAIN-(hmmem) (1/32/3)>> loss: 0.4916
2026-05-14 16:31:32:INFO:VAL-(hmmem) >>
2026-05-14 16:31:32:INFO:M: >>  acc: 0.5166  UA: 0.5216  weight_F1: 0.5033  Macro_F1: 0.4990 
2026-05-14 16:31:38:INFO:Saving best model at epoch 32 to /root/autodl-tmp/results/models/hmmem-chatglm3-iemocap6-classification-20260514_095445.pth.
2026-05-14 16:36:20:INFO:TRAIN-(hmmem) (1/33/3)>> loss: 0.4808
2026-05-14 16:36:49:INFO:VAL-(hmmem) >>
2026-05-14 16:36:49:INFO:M: >>  acc: 0.5636  UA: 0.5583  weight_F1: 0.5520  Macro_F1: 0.5409 
2026-05-14 16:36:56:INFO:Saving best model at epoch 33 to /root/autodl-tmp/results/models/hmmem-chatglm3-iemocap6-classification-20260514_095445.pth.
2026-05-14 16:41:38:INFO:TRAIN-(hmmem) (1/34/3)>> loss: 0.4575
2026-05-14 16:42:07:INFO:VAL-(hmmem) >>
2026-05-14 16:42:07:INFO:M: >>  acc: 0.5421  UA: 0.5200  weight_F1: 0.5339  Macro_F1: 0.5163 
2026-05-14 16:46:47:INFO:TRAIN-(hmmem) (2/35/3)>> loss: 0.4561
2026-05-14 16:47:16:INFO:VAL-(hmmem) >>
2026-05-14 16:47:16:INFO:M: >>  acc: 0.5499  UA: 0.5313  weight_F1: 0.5366  Macro_F1: 0.5189 
2026-05-14 16:47:25:INFO:Checkpoint saved at epoch 35 -> /root/autodl-tmp/results/models/checkpoints/hmmem-chatglm3-iemocap6-classification-20260514_095445-epoch35.ckpt
2026-05-14 16:47:25:INFO:Removed old checkpoint: /root/autodl-tmp/results/models/checkpoints/hmmem-chatglm3-iemocap6-classification-20260514_095445-epoch20.ckpt
2026-05-14 16:52:05:INFO:TRAIN-(hmmem) (3/36/3)>> loss: 0.4446
2026-05-14 16:52:34:INFO:VAL-(hmmem) >>
2026-05-14 16:52:34:INFO:M: >>  acc: 0.5538  UA: 0.5498  weight_F1: 0.5435  Macro_F1: 0.5337 
2026-05-14 16:57:14:INFO:TRAIN-(hmmem) (4/37/3)>> loss: 0.4314
2026-05-14 16:57:43:INFO:VAL-(hmmem) >>
2026-05-14 16:57:43:INFO:M: >>  acc: 0.5734  UA: 0.5550  weight_F1: 0.5612  Macro_F1: 0.5425 
2026-05-14 16:57:49:INFO:Saving best model at epoch 37 to /root/autodl-tmp/results/models/hmmem-chatglm3-iemocap6-classification-20260514_095445.pth.
2026-05-14 17:02:31:INFO:TRAIN-(hmmem) (1/38/3)>> loss: 0.4259
2026-05-14 17:03:00:INFO:VAL-(hmmem) >>
2026-05-14 17:03:00:INFO:M: >>  acc: 0.5714  UA: 0.5583  weight_F1: 0.5514  Macro_F1: 0.5310 
2026-05-14 17:07:39:INFO:TRAIN-(hmmem) (2/39/3)>> loss: 0.4138
2026-05-14 17:08:08:INFO:VAL-(hmmem) >>
2026-05-14 17:08:08:INFO:M: >>  acc: 0.5871  UA: 0.5956  weight_F1: 0.5735  Macro_F1: 0.5701 
2026-05-14 17:08:16:INFO:Saving best model at epoch 39 to /root/autodl-tmp/results/models/hmmem-chatglm3-iemocap6-classification-20260514_095445.pth.
2026-05-14 17:12:58:INFO:TRAIN-(hmmem) (1/40/3)>> loss: 0.4076
2026-05-14 17:13:27:INFO:VAL-(hmmem) >>
2026-05-14 17:13:27:INFO:M: >>  acc: 0.5812  UA: 0.5760  weight_F1: 0.5739  Macro_F1: 0.5687 
2026-05-14 17:13:34:INFO:Saving best model at epoch 40 to /root/autodl-tmp/results/models/hmmem-chatglm3-iemocap6-classification-20260514_095445.pth.
2026-05-14 17:13:44:INFO:Checkpoint saved at epoch 40 -> /root/autodl-tmp/results/models/checkpoints/hmmem-chatglm3-iemocap6-classification-20260514_095445-epoch40.ckpt
2026-05-14 17:13:45:INFO:Removed old checkpoint: /root/autodl-tmp/results/models/checkpoints/hmmem-chatglm3-iemocap6-classification-20260514_095445-epoch25.ckpt
2026-05-14 17:18:24:INFO:TRAIN-(hmmem) (1/41/3)>> loss: 0.3946
2026-05-14 17:18:53:INFO:VAL-(hmmem) >>
2026-05-14 17:18:53:INFO:M: >>  acc: 0.5577  UA: 0.5276  weight_F1: 0.5512  Macro_F1: 0.5360 
2026-05-14 17:23:33:INFO:TRAIN-(hmmem) (2/42/3)>> loss: 0.3864
2026-05-14 17:24:02:INFO:VAL-(hmmem) >>
2026-05-14 17:24:02:INFO:M: >>  acc: 0.5616  UA: 0.5611  weight_F1: 0.5516  Macro_F1: 0.5440 
2026-05-14 17:28:41:INFO:TRAIN-(hmmem) (3/43/3)>> loss: 0.3807
2026-05-14 17:29:10:INFO:VAL-(hmmem) >>
2026-05-14 17:29:10:INFO:M: >>  acc: 0.5675  UA: 0.5498  weight_F1: 0.5638  Macro_F1: 0.5525 
2026-05-14 17:33:49:INFO:TRAIN-(hmmem) (4/44/3)>> loss: 0.3667
2026-05-14 17:34:18:INFO:VAL-(hmmem) >>
2026-05-14 17:34:18:INFO:M: >>  acc: 0.5714  UA: 0.5433  weight_F1: 0.5558  Macro_F1: 0.5318 
2026-05-14 17:38:58:INFO:TRAIN-(hmmem) (5/45/3)>> loss: 0.3508
2026-05-14 17:39:27:INFO:VAL-(hmmem) >>
2026-05-14 17:39:27:INFO:M: >>  acc: 0.5675  UA: 0.5780  weight_F1: 0.5529  Macro_F1: 0.5540 
2026-05-14 17:39:36:INFO:Checkpoint saved at epoch 45 -> /root/autodl-tmp/results/models/checkpoints/hmmem-chatglm3-iemocap6-classification-20260514_095445-epoch45.ckpt
2026-05-14 17:39:36:INFO:Removed old checkpoint: /root/autodl-tmp/results/models/checkpoints/hmmem-chatglm3-iemocap6-classification-20260514_095445-epoch30.ckpt
2026-05-14 17:44:15:INFO:TRAIN-(hmmem) (6/46/3)>> loss: 0.3452
2026-05-14 17:44:44:INFO:VAL-(hmmem) >>
2026-05-14 17:44:44:INFO:M: >>  acc: 0.5832  UA: 0.5752  weight_F1: 0.5756  Macro_F1: 0.5652 
2026-05-14 17:44:51:INFO:Saving best model at epoch 46 to /root/autodl-tmp/results/models/hmmem-chatglm3-iemocap6-classification-20260514_095445.pth.
2026-05-14 17:49:33:INFO:TRAIN-(hmmem) (1/47/3)>> loss: 0.3384
2026-05-14 17:50:02:INFO:VAL-(hmmem) >>
2026-05-14 17:50:02:INFO:M: >>  acc: 0.5636  UA: 0.5470  weight_F1: 0.5572  Macro_F1: 0.5422 
2026-05-14 17:54:41:INFO:TRAIN-(hmmem) (2/48/3)>> loss: 0.3251
2026-05-14 17:55:10:INFO:VAL-(hmmem) >>
2026-05-14 17:55:10:INFO:M: >>  acc: 0.5930  UA: 0.5798  weight_F1: 0.5925  Macro_F1: 0.5820 
2026-05-14 17:55:17:INFO:Saving best model at epoch 48 to /root/autodl-tmp/results/models/hmmem-chatglm3-iemocap6-classification-20260514_095445.pth.
2026-05-14 17:59:59:INFO:TRAIN-(hmmem) (1/49/3)>> loss: 0.3132
2026-05-14 18:00:28:INFO:VAL-(hmmem) >>
2026-05-14 18:00:28:INFO:M: >>  acc: 0.5773  UA: 0.5893  weight_F1: 0.5668  Macro_F1: 0.5673 
2026-05-14 18:05:07:INFO:TRAIN-(hmmem) (2/50/3)>> loss: 0.3067
2026-05-14 18:05:36:INFO:VAL-(hmmem) >>
2026-05-14 18:05:36:INFO:M: >>  acc: 0.5930  UA: 0.5831  weight_F1: 0.5797  Macro_F1: 0.5645 
2026-05-14 18:05:45:INFO:Checkpoint saved at epoch 50 -> /root/autodl-tmp/results/models/checkpoints/hmmem-chatglm3-iemocap6-classification-20260514_095445-epoch50.ckpt
2026-05-14 18:05:45:INFO:Removed old checkpoint: /root/autodl-tmp/results/models/checkpoints/hmmem-chatglm3-iemocap6-classification-20260514_095445-epoch35.ckpt
2026-05-14 18:10:25:INFO:TRAIN-(hmmem) (3/51/3)>> loss: 0.2924
2026-05-14 18:10:54:INFO:VAL-(hmmem) >>
2026-05-14 18:10:54:INFO:M: >>  acc: 0.5949  UA: 0.5828  weight_F1: 0.5923  Macro_F1: 0.5854 
2026-05-14 18:15:33:INFO:TRAIN-(hmmem) (4/52/3)>> loss: 0.2782
2026-05-14 18:16:02:INFO:VAL-(hmmem) >>
2026-05-14 18:16:02:INFO:M: >>  acc: 0.6027  UA: 0.6018  weight_F1: 0.5939  Macro_F1: 0.5885 
2026-05-14 18:16:11:INFO:Saving best model at epoch 52 to /root/autodl-tmp/results/models/hmmem-chatglm3-iemocap6-classification-20260514_095445.pth.
2026-05-14 18:20:52:INFO:TRAIN-(hmmem) (1/53/3)>> loss: 0.2728
2026-05-14 18:21:21:INFO:VAL-(hmmem) >>
2026-05-14 18:21:21:INFO:M: >>  acc: 0.5890  UA: 0.5808  weight_F1: 0.5794  Macro_F1: 0.5687 
2026-05-14 18:26:00:INFO:TRAIN-(hmmem) (2/54/3)>> loss: 0.2634
2026-05-14 18:26:28:INFO:VAL-(hmmem) >>
2026-05-14 18:26:28:INFO:M: >>  acc: 0.5871  UA: 0.5768  weight_F1: 0.5848  Macro_F1: 0.5734 
2026-05-14 18:31:08:INFO:TRAIN-(hmmem) (3/55/3)>> loss: 0.2500
2026-05-14 18:31:37:INFO:VAL-(hmmem) >>
2026-05-14 18:31:37:INFO:M: >>  acc: 0.5949  UA: 0.5838  weight_F1: 0.5831  Macro_F1: 0.5697 
2026-05-14 18:31:45:INFO:Checkpoint saved at epoch 55 -> /root/autodl-tmp/results/models/checkpoints/hmmem-chatglm3-iemocap6-classification-20260514_095445-epoch55.ckpt
2026-05-14 18:31:46:INFO:Removed old checkpoint: /root/autodl-tmp/results/models/checkpoints/hmmem-chatglm3-iemocap6-classification-20260514_095445-epoch40.ckpt
2026-05-14 18:36:25:INFO:TRAIN-(hmmem) (4/56/3)>> loss: 0.2349
2026-05-14 18:36:54:INFO:VAL-(hmmem) >>
2026-05-14 18:36:54:INFO:M: >>  acc: 0.5910  UA: 0.5700  weight_F1: 0.5832  Macro_F1: 0.5717 
2026-05-14 18:41:33:INFO:TRAIN-(hmmem) (5/57/3)>> loss: 0.2324
2026-05-14 18:42:01:INFO:VAL-(hmmem) >>
2026-05-14 18:42:01:INFO:M: >>  acc: 0.5988  UA: 0.5904  weight_F1: 0.5911  Macro_F1: 0.5782 
2026-05-14 18:46:40:INFO:TRAIN-(hmmem) (6/58/3)>> loss: 0.2290
2026-05-14 18:47:09:INFO:VAL-(hmmem) >>
2026-05-14 18:47:09:INFO:M: >>  acc: 0.6008  UA: 0.5937  weight_F1: 0.5944  Macro_F1: 0.5866 
2026-05-14 18:47:16:INFO:Saving best model at epoch 58 to /root/autodl-tmp/results/models/hmmem-chatglm3-iemocap6-classification-20260514_095445.pth.
2026-05-14 18:51:57:INFO:TRAIN-(hmmem) (1/59/3)>> loss: 0.2058
2026-05-14 18:52:26:INFO:VAL-(hmmem) >>
2026-05-14 18:52:26:INFO:M: >>  acc: 0.5988  UA: 0.5815  weight_F1: 0.5953  Macro_F1: 0.5806 
2026-05-14 18:52:33:INFO:Saving best model at epoch 59 to /root/autodl-tmp/results/models/hmmem-chatglm3-iemocap6-classification-20260514_095445.pth.
2026-05-14 18:57:14:INFO:TRAIN-(hmmem) (1/60/3)>> loss: 0.2032
2026-05-14 18:57:43:INFO:VAL-(hmmem) >>
2026-05-14 18:57:43:INFO:M: >>  acc: 0.5969  UA: 0.5816  weight_F1: 0.5872  Macro_F1: 0.5717 
2026-05-14 18:57:52:INFO:Checkpoint saved at epoch 60 -> /root/autodl-tmp/results/models/checkpoints/hmmem-chatglm3-iemocap6-classification-20260514_095445-epoch60.ckpt
2026-05-14 18:57:53:INFO:Removed old checkpoint: /root/autodl-tmp/results/models/checkpoints/hmmem-chatglm3-iemocap6-classification-20260514_095445-epoch45.ckpt
2026-05-14 19:02:31:INFO:TRAIN-(hmmem) (2/61/3)>> loss: 0.2036
2026-05-14 19:03:00:INFO:VAL-(hmmem) >>
2026-05-14 19:03:00:INFO:M: >>  acc: 0.5851  UA: 0.5646  weight_F1: 0.5800  Macro_F1: 0.5665 
2026-05-14 19:07:39:INFO:TRAIN-(hmmem) (3/62/3)>> loss: 0.1961
2026-05-14 19:08:08:INFO:VAL-(hmmem) >>
2026-05-14 19:08:08:INFO:M: >>  acc: 0.6008  UA: 0.5800  weight_F1: 0.5901  Macro_F1: 0.5761 
2026-05-14 19:12:47:INFO:TRAIN-(hmmem) (4/63/3)>> loss: 0.1814
2026-05-14 19:13:16:INFO:VAL-(hmmem) >>
2026-05-14 19:13:16:INFO:M: >>  acc: 0.6047  UA: 0.5929  weight_F1: 0.6008  Macro_F1: 0.5901 
2026-05-14 19:13:23:INFO:Saving best model at epoch 63 to /root/autodl-tmp/results/models/hmmem-chatglm3-iemocap6-classification-20260514_095445.pth.
2026-05-14 19:18:05:INFO:TRAIN-(hmmem) (1/64/3)>> loss: 0.1716
2026-05-14 19:18:34:INFO:VAL-(hmmem) >>
2026-05-14 19:18:34:INFO:M: >>  acc: 0.5969  UA: 0.5799  weight_F1: 0.5863  Macro_F1: 0.5719 
2026-05-14 19:23:13:INFO:TRAIN-(hmmem) (2/65/3)>> loss: 0.1748
2026-05-14 19:23:42:INFO:VAL-(hmmem) >>
2026-05-14 19:23:42:INFO:M: >>  acc: 0.5930  UA: 0.5794  weight_F1: 0.5856  Macro_F1: 0.5738 
2026-05-14 19:23:51:INFO:Checkpoint saved at epoch 65 -> /root/autodl-tmp/results/models/checkpoints/hmmem-chatglm3-iemocap6-classification-20260514_095445-epoch65.ckpt
2026-05-14 19:23:52:INFO:Removed old checkpoint: /root/autodl-tmp/results/models/checkpoints/hmmem-chatglm3-iemocap6-classification-20260514_095445-epoch50.ckpt
2026-05-14 19:28:31:INFO:TRAIN-(hmmem) (3/66/3)>> loss: 0.1553
2026-05-14 19:29:00:INFO:VAL-(hmmem) >>
2026-05-14 19:29:00:INFO:M: >>  acc: 0.5969  UA: 0.5776  weight_F1: 0.5908  Macro_F1: 0.5749 
2026-05-14 19:33:39:INFO:TRAIN-(hmmem) (4/67/3)>> loss: 0.1566
2026-05-14 19:34:08:INFO:VAL-(hmmem) >>
2026-05-14 19:34:08:INFO:M: >>  acc: 0.5890  UA: 0.5691  weight_F1: 0.5829  Macro_F1: 0.5697 
2026-05-14 19:38:47:INFO:TRAIN-(hmmem) (5/68/3)>> loss: 0.1534
2026-05-14 19:39:16:INFO:VAL-(hmmem) >>
2026-05-14 19:39:16:INFO:M: >>  acc: 0.5890  UA: 0.5705  weight_F1: 0.5784  Macro_F1: 0.5650 
2026-05-14 19:43:55:INFO:TRAIN-(hmmem) (6/69/3)>> loss: 0.1480
2026-05-14 19:44:24:INFO:VAL-(hmmem) >>
2026-05-14 19:44:24:INFO:M: >>  acc: 0.5969  UA: 0.5861  weight_F1: 0.5880  Macro_F1: 0.5791 
2026-05-14 19:45:57:INFO:TEST-(hmmem) >>
2026-05-14 19:45:57:INFO:M: >>  acc: 0.5469  UA: 0.5253  weight_F1: 0.5387  Macro_F1: 0.5244 
2026-05-14 19:45:57:INFO:============================================================
2026-05-14 19:45:57:INFO:         Detailed Classification Analysis
2026-05-14 19:45:57:INFO:============================================================
2026-05-14 19:45:57:INFO:         Class     Prec   Recall       F1   Support
2026-05-14 19:45:57:INFO:------------------------------------------------------------
2026-05-14 19:45:57:INFO:         angry   0.6538   0.4000   0.4964       170
2026-05-14 19:45:57:INFO:         happy   0.3503   0.3846   0.3667       143
2026-05-14 19:45:57:INFO:       excited   0.7007   0.3445   0.4619       299
2026-05-14 19:45:57:INFO:           sad   0.6281   0.8204   0.7115       245
2026-05-14 19:45:57:INFO:       neutral   0.4746   0.6562   0.5508       384
2026-05-14 19:45:57:INFO:    frustrated   0.5730   0.5459   0.5591       381
2026-05-14 19:45:57:INFO:------------------------------------------------------------
2026-05-14 19:45:57:INFO:  WA  (Weighted Accuracy) : 0.5469
2026-05-14 19:45:57:INFO:  UA  (Unweighted Accuracy): 0.5253
2026-05-14 19:45:57:INFO:  WF1 (Weighted F1)       : 0.5387
2026-05-14 19:45:57:INFO:  Macro-F1                : 0.5244
2026-05-14 19:45:57:INFO:============================================================
2026-05-14 19:45:58:INFO:Confusion matrix saved → /root/autodl-tmp/results/results/analysis/hmmem-chatglm3-iemocap6-TEST-confusion_matrix-20260514_095445.png
2026-05-14 19:46:10:INFO:t-SNE cluster plot saved → /root/autodl-tmp/results/results/analysis/hmmem-chatglm3-iemocap6-TEST-tsne_clusters-20260514_095445.png
2026-05-14 19:46:12:INFO:Results are added to /root/autodl-tmp/results/results/hmmem-chatglm3-iemocap6-classification.csv...
