2026-04-07 12:57:04:INFO:========= 准备训练数据集: meld (classification) =========
2026-04-07 12:57:04:INFO:Start running hmmem...
2026-04-07 12:57:04:INFO:<Storage{'is_tune': False, 'train_mode': 'classification', 'modelName': 'hmmem', 'model_type': 'gemma', 'datasetName': 'meld', 'root_dataset_dir': '/root/autodl-tmp/datasets/', 'num_workers': 0, 'model_save_dir': '/root/autodl-tmp/results/models', 'res_save_dir': '/root/autodl-tmp/results/results', 'pretrain_LM': '/root/autodl-tmp/models/gemma-4-E4B', 'gpu_ids': [], 'seeds': [1111, 2222, 3333], 'use_tgm': False, 'use_amm': True, 'use_msf': False, 'use_moe_fusion': True, 'use_gate': True, 'use_moe_lb_loss': False, 'num_local_experts': 3, 'expert_bottleneck': 64, 'use_diff_loss': False, 'use_expert_diff_loss': False, 'diff_loss_weight': 0.01, 'use_nce_loss': False, 'nce_hidden_dim': 32, 'nce_pred_steps': 2, 'nce_weight': 0.05, 'adapter_dim': 128, 'timestamp': '20260407_125704', 'dataPath': '/root/autodl-tmp/datasets/MELD', 'seq_lens': (65, 157, 32), 'feature_dims': (0, 64, 64), 'train_samples': 9992, 'num_classes': 3, 'language': 'en', 'KeyEval': 'weight_F1', 'need_data_aligned': False, 'need_model_aligned': False, 'need_label_prefix': True, 'need_normalized': False, 'use_PLM': True, 'save_labels': False, 'task_specific_prompt': 'Please recognize emotion of the above multimodal content from the target                                                 set <neutral:0, surprise:1, fear:2, sadness:3, joy:4, disgust:5, anger:6>. response: The emotion is', 'max_new_tokens': 1, 'pseudo_tokens': 2, 'label_index_mapping': {'neutral': 0, 'surprise': 1, 'fear': 2, 'sadness': 3, 'joy': 4, 'disgust': 5, 'anger': 6}, 'batch_size': 6, 'learning_rate': 0.0005, 'a_lstm_hidden_size': 32, 'v_lstm_hidden_size': 16, 'a_lstm_layers': 1, 'v_lstm_layers': 1, 'a_lstm_dropout': 0.0, 'v_lstm_dropout': 0.0, 'warm_up_epochs': 50, 'gamma': 1, 'update_epochs': 1, 'early_stop': 6, 'H': 3.0, 'seed': 1111}>
2026-04-07 12:57:04:INFO:Find gpu: 0, with memory: 509607936 left!
2026-04-07 12:57:04:INFO:Let's use the GPU 1 !
2026-04-07 12:57:35:INFO:trainable params: 2222289 || all params: 7998378737 || trainable%: 0.02778424319568452
2026-04-07 12:57:35:INFO:Init labels...
2026-04-07 12:57:35:INFO:Start training...
2026-04-07 13:07:12:INFO:TRAIN-(hmmem) (1/1/1)>> loss: 15.4614
2026-04-07 13:07:35:INFO:VAL-(hmmem) >>
2026-04-07 13:07:35:INFO:M: >>  acc: 0.3868  weight_F1: 0.2488 
2026-04-07 13:07:44:INFO:Saving checkpoint at epoch 1 to /root/autodl-tmp/results/models/hmmem-meld-classification-20260407_125704.pth.
2026-04-07 13:17:27:INFO:TRAIN-(hmmem) (1/2/1)>> loss: 2.0283
2026-04-07 13:17:50:INFO:VAL-(hmmem) >>
2026-04-07 13:17:50:INFO:M: >>  acc: 0.3336  weight_F1: 0.2740 
2026-04-07 13:17:59:INFO:Saving checkpoint at epoch 2 to /root/autodl-tmp/results/models/hmmem-meld-classification-20260407_125704.pth.
2026-04-07 13:27:48:INFO:TRAIN-(hmmem) (1/3/1)>> loss: 2.4517
2026-04-07 13:28:12:INFO:VAL-(hmmem) >>
2026-04-07 13:28:12:INFO:M: >>  acc: 0.3381  weight_F1: 0.2616 
2026-04-07 13:37:52:INFO:TRAIN-(hmmem) (2/4/1)>> loss: 1.8372
2026-04-07 13:38:16:INFO:VAL-(hmmem) >>
2026-04-07 13:38:16:INFO:M: >>  acc: 0.4013  weight_F1: 0.2507 
2026-04-07 13:47:55:INFO:TRAIN-(hmmem) (3/5/1)>> loss: 2.7221
2026-04-07 13:48:19:INFO:VAL-(hmmem) >>
2026-04-07 13:48:19:INFO:M: >>  acc: 0.4112  weight_F1: 0.2553 
2026-04-07 13:58:00:INFO:TRAIN-(hmmem) (4/6/1)>> loss: 1.6109
2026-04-07 13:58:24:INFO:VAL-(hmmem) >>
2026-04-07 13:58:24:INFO:M: >>  acc: 0.4238  weight_F1: 0.2523 
2026-04-07 14:08:12:INFO:TRAIN-(hmmem) (5/7/1)>> loss: 1.5845
2026-04-07 14:08:36:INFO:VAL-(hmmem) >>
2026-04-07 14:08:36:INFO:M: >>  acc: 0.4238  weight_F1: 0.2523 
2026-04-07 14:18:33:INFO:TRAIN-(hmmem) (6/8/1)>> loss: 1.5800
2026-04-07 14:18:57:INFO:VAL-(hmmem) >>
2026-04-07 14:18:57:INFO:M: >>  acc: 0.4238  weight_F1: 0.2523 
2026-04-07 14:19:53:INFO:TEST-(hmmem) >>
2026-04-07 14:19:53:INFO:M: >>  acc: 0.3483  weight_F1: 0.3097 
2026-04-07 14:19:54:INFO:Results are added to /root/autodl-tmp/results/results/meld-classification-50-20260407_125704.csv...
2026-04-07 14:19:54:INFO:Start running hmmem...
2026-04-07 14:19:54:INFO:<Storage{'is_tune': False, 'train_mode': 'classification', 'modelName': 'hmmem', 'model_type': 'gemma', 'datasetName': 'meld', 'root_dataset_dir': '/root/autodl-tmp/datasets/', 'num_workers': 0, 'model_save_dir': '/root/autodl-tmp/results/models', 'res_save_dir': '/root/autodl-tmp/results/results', 'pretrain_LM': '/root/autodl-tmp/models/gemma-4-E4B', 'gpu_ids': [0], 'seeds': [1111, 2222, 3333], 'use_tgm': False, 'use_amm': True, 'use_msf': False, 'use_moe_fusion': True, 'use_gate': True, 'use_moe_lb_loss': False, 'num_local_experts': 3, 'expert_bottleneck': 64, 'use_diff_loss': False, 'use_expert_diff_loss': False, 'diff_loss_weight': 0.01, 'use_nce_loss': False, 'nce_hidden_dim': 32, 'nce_pred_steps': 2, 'nce_weight': 0.05, 'adapter_dim': 128, 'timestamp': '20260407_125704', 'dataPath': '/root/autodl-tmp/datasets/MELD', 'seq_lens': (65, 157, 32), 'feature_dims': (0, 64, 64), 'train_samples': 9992, 'num_classes': 3, 'language': 'en', 'KeyEval': 'weight_F1', 'need_data_aligned': False, 'need_model_aligned': False, 'need_label_prefix': True, 'need_normalized': False, 'use_PLM': True, 'save_labels': False, 'task_specific_prompt': 'Please recognize emotion of the above multimodal content from the target                                                 set <neutral:0, surprise:1, fear:2, sadness:3, joy:4, disgust:5, anger:6>. response: The emotion is', 'max_new_tokens': 1, 'pseudo_tokens': 2, 'label_index_mapping': {'neutral': 0, 'surprise': 1, 'fear': 2, 'sadness': 3, 'joy': 4, 'disgust': 5, 'anger': 6}, 'batch_size': 6, 'learning_rate': 0.0005, 'a_lstm_hidden_size': 32, 'v_lstm_hidden_size': 16, 'a_lstm_layers': 1, 'v_lstm_layers': 1, 'a_lstm_dropout': 0.0, 'v_lstm_dropout': 0.0, 'warm_up_epochs': 50, 'gamma': 1, 'update_epochs': 1, 'early_stop': 6, 'H': 3.0, 'seed': 2222}>
2026-04-07 14:19:54:INFO:Let's use the GPU 1 !
2026-04-07 14:21:43:INFO:========= 准备训练数据集: meld (classification) =========
2026-04-07 14:21:43:INFO:Start running hmmem...
2026-04-07 14:21:43:INFO:<Storage{'is_tune': False, 'train_mode': 'classification', 'modelName': 'hmmem', 'model_type': 'gemma', 'datasetName': 'meld', 'root_dataset_dir': '/root/autodl-tmp/datasets/', 'num_workers': 0, 'model_save_dir': '/root/autodl-tmp/results/models', 'res_save_dir': '/root/autodl-tmp/results/results', 'pretrain_LM': '/root/autodl-tmp/models/gemma-4-E4B', 'gpu_ids': [], 'seeds': [2222, 3333], 'use_tgm': False, 'use_amm': True, 'use_msf': False, 'use_moe_fusion': True, 'use_gate': True, 'use_moe_lb_loss': False, 'num_local_experts': 3, 'expert_bottleneck': 64, 'use_diff_loss': False, 'use_expert_diff_loss': False, 'diff_loss_weight': 0.01, 'use_nce_loss': False, 'nce_hidden_dim': 32, 'nce_pred_steps': 2, 'nce_weight': 0.05, 'adapter_dim': 128, 'timestamp': '20260407_142143', 'dataPath': '/root/autodl-tmp/datasets/MELD', 'seq_lens': (65, 157, 32), 'feature_dims': (0, 64, 64), 'train_samples': 9992, 'num_classes': 3, 'language': 'en', 'KeyEval': 'weight_F1', 'need_data_aligned': False, 'need_model_aligned': False, 'need_label_prefix': True, 'need_normalized': False, 'use_PLM': True, 'save_labels': False, 'task_specific_prompt': 'Please recognize emotion of the above multimodal content from the target                                                 set <neutral:0, surprise:1, fear:2, sadness:3, joy:4, disgust:5, anger:6>. response: The emotion is', 'max_new_tokens': 1, 'pseudo_tokens': 2, 'label_index_mapping': {'neutral': 0, 'surprise': 1, 'fear': 2, 'sadness': 3, 'joy': 4, 'disgust': 5, 'anger': 6}, 'batch_size': 6, 'learning_rate': 0.0005, 'a_lstm_hidden_size': 32, 'v_lstm_hidden_size': 16, 'a_lstm_layers': 1, 'v_lstm_layers': 1, 'a_lstm_dropout': 0.0, 'v_lstm_dropout': 0.0, 'warm_up_epochs': 50, 'gamma': 1, 'update_epochs': 1, 'early_stop': 6, 'H': 3.0, 'seed': 2222}>
2026-04-07 14:21:43:INFO:Find gpu: 0, with memory: 509607936 left!
2026-04-07 14:21:43:INFO:Let's use the GPU 1 !
2026-04-07 14:22:13:INFO:trainable params: 2222289 || all params: 7998378737 || trainable%: 0.02778424319568452
2026-04-07 14:22:13:INFO:Init labels...
2026-04-07 14:22:13:INFO:Start training...
2026-04-07 14:31:57:INFO:TRAIN-(hmmem) (1/1/1)>> loss: 9.6616
2026-04-07 14:32:21:INFO:VAL-(hmmem) >>
2026-04-07 14:32:21:INFO:M: >>  acc: 0.2976  weight_F1: 0.2335 
2026-04-07 14:32:30:INFO:Saving checkpoint at epoch 1 to /root/autodl-tmp/results/models/hmmem-meld-classification-20260407_142143.pth.
2026-04-07 14:42:15:INFO:TRAIN-(hmmem) (1/2/1)>> loss: 1.7082
2026-04-07 14:42:39:INFO:VAL-(hmmem) >>
2026-04-07 14:42:39:INFO:M: >>  acc: 0.4238  weight_F1: 0.2523 
2026-04-07 14:42:48:INFO:Saving checkpoint at epoch 2 to /root/autodl-tmp/results/models/hmmem-meld-classification-20260407_142143.pth.
2026-04-07 14:52:32:INFO:TRAIN-(hmmem) (1/3/1)>> loss: 1.6240
2026-04-07 14:52:56:INFO:VAL-(hmmem) >>
2026-04-07 14:52:56:INFO:M: >>  acc: 0.3796  weight_F1: 0.2541 
2026-04-07 14:53:05:INFO:Saving checkpoint at epoch 3 to /root/autodl-tmp/results/models/hmmem-meld-classification-20260407_142143.pth.
2026-04-07 15:02:40:INFO:TRAIN-(hmmem) (1/4/1)>> loss: 1.5825
2026-04-07 15:03:03:INFO:VAL-(hmmem) >>
2026-04-07 15:03:03:INFO:M: >>  acc: 0.4238  weight_F1: 0.2648 
2026-04-07 15:03:12:INFO:Saving checkpoint at epoch 4 to /root/autodl-tmp/results/models/hmmem-meld-classification-20260407_142143.pth.
2026-04-07 15:12:52:INFO:TRAIN-(hmmem) (1/5/1)>> loss: 1.5471
2026-04-07 15:13:15:INFO:VAL-(hmmem) >>
2026-04-07 15:13:15:INFO:M: >>  acc: 0.4229  weight_F1: 0.2712 
2026-04-07 15:13:24:INFO:Saving checkpoint at epoch 5 to /root/autodl-tmp/results/models/hmmem-meld-classification-20260407_142143.pth.
2026-04-07 15:22:55:INFO:TRAIN-(hmmem) (1/6/1)>> loss: 1.5265
2026-04-07 15:23:19:INFO:VAL-(hmmem) >>
2026-04-07 15:23:19:INFO:M: >>  acc: 0.4148  weight_F1: 0.3048 
2026-04-07 15:23:27:INFO:Saving checkpoint at epoch 6 to /root/autodl-tmp/results/models/hmmem-meld-classification-20260407_142143.pth.
2026-04-07 15:33:06:INFO:TRAIN-(hmmem) (1/7/1)>> loss: 1.5220
2026-04-07 15:33:30:INFO:VAL-(hmmem) >>
2026-04-07 15:33:30:INFO:M: >>  acc: 0.4265  weight_F1: 0.2775 
2026-04-07 15:43:08:INFO:TRAIN-(hmmem) (2/8/1)>> loss: 1.5093
2026-04-07 15:43:32:INFO:VAL-(hmmem) >>
2026-04-07 15:43:32:INFO:M: >>  acc: 0.4130  weight_F1: 0.2934 
2026-04-07 15:53:09:INFO:TRAIN-(hmmem) (3/9/1)>> loss: nan
2026-04-07 15:53:33:INFO:VAL-(hmmem) >>
2026-04-07 15:53:33:INFO:M: >>  acc: 0.4238  weight_F1: 0.2523 
2026-04-07 16:03:09:INFO:TRAIN-(hmmem) (4/10/1)>> loss: nan
2026-04-07 16:03:33:INFO:VAL-(hmmem) >>
2026-04-07 16:03:33:INFO:M: >>  acc: 0.4238  weight_F1: 0.2523 
2026-04-07 16:13:08:INFO:TRAIN-(hmmem) (5/11/1)>> loss: nan
2026-04-07 16:13:32:INFO:VAL-(hmmem) >>
2026-04-07 16:13:32:INFO:M: >>  acc: 0.4238  weight_F1: 0.2523 
2026-04-07 16:23:08:INFO:TRAIN-(hmmem) (6/12/1)>> loss: nan
2026-04-07 16:23:31:INFO:VAL-(hmmem) >>
2026-04-07 16:23:31:INFO:M: >>  acc: 0.4238  weight_F1: 0.2523 
2026-04-07 16:24:26:INFO:TEST-(hmmem) >>
2026-04-07 16:24:26:INFO:M: >>  acc: 0.4713  weight_F1: 0.3660 
2026-04-07 16:24:27:INFO:Results are added to /root/autodl-tmp/results/results/meld-classification-50-20260407_142143.csv...
2026-04-07 16:24:27:INFO:Start running hmmem...
2026-04-07 16:24:27:INFO:<Storage{'is_tune': False, 'train_mode': 'classification', 'modelName': 'hmmem', 'model_type': 'gemma', 'datasetName': 'meld', 'root_dataset_dir': '/root/autodl-tmp/datasets/', 'num_workers': 0, 'model_save_dir': '/root/autodl-tmp/results/models', 'res_save_dir': '/root/autodl-tmp/results/results', 'pretrain_LM': '/root/autodl-tmp/models/gemma-4-E4B', 'gpu_ids': [0], 'seeds': [2222, 3333], 'use_tgm': False, 'use_amm': True, 'use_msf': False, 'use_moe_fusion': True, 'use_gate': True, 'use_moe_lb_loss': False, 'num_local_experts': 3, 'expert_bottleneck': 64, 'use_diff_loss': False, 'use_expert_diff_loss': False, 'diff_loss_weight': 0.01, 'use_nce_loss': False, 'nce_hidden_dim': 32, 'nce_pred_steps': 2, 'nce_weight': 0.05, 'adapter_dim': 128, 'timestamp': '20260407_142143', 'dataPath': '/root/autodl-tmp/datasets/MELD', 'seq_lens': (65, 157, 32), 'feature_dims': (0, 64, 64), 'train_samples': 9992, 'num_classes': 3, 'language': 'en', 'KeyEval': 'weight_F1', 'need_data_aligned': False, 'need_model_aligned': False, 'need_label_prefix': True, 'need_normalized': False, 'use_PLM': True, 'save_labels': False, 'task_specific_prompt': 'Please recognize emotion of the above multimodal content from the target                                                 set <neutral:0, surprise:1, fear:2, sadness:3, joy:4, disgust:5, anger:6>. response: The emotion is', 'max_new_tokens': 1, 'pseudo_tokens': 2, 'label_index_mapping': {'neutral': 0, 'surprise': 1, 'fear': 2, 'sadness': 3, 'joy': 4, 'disgust': 5, 'anger': 6}, 'batch_size': 6, 'learning_rate': 0.0005, 'a_lstm_hidden_size': 32, 'v_lstm_hidden_size': 16, 'a_lstm_layers': 1, 'v_lstm_layers': 1, 'a_lstm_dropout': 0.0, 'v_lstm_dropout': 0.0, 'warm_up_epochs': 50, 'gamma': 1, 'update_epochs': 1, 'early_stop': 6, 'H': 3.0, 'seed': 3333}>
2026-04-07 16:24:27:INFO:Let's use the GPU 1 !
2026-04-07 16:24:52:INFO:trainable params: 2222289 || all params: 7998378737 || trainable%: 0.02778424319568452
2026-04-07 16:24:52:INFO:Init labels...
2026-04-07 16:24:52:INFO:Start training...
