# WF1 SOTA
2026-06-07 18:00:44:INFO:========= 准备训练数据集: meld (classification) =========
2026-06-07 18:00:44:INFO:[ConfigResolver] model_type=chatglm3, dataset=meld, task=classification, profile_keys=['pretrain_LM', 'lora_target_modules', 'task_specific_prompt', 'max_new_tokens', 'pseudo_tokens', 'label_index_mapping', 'text_label_aliases', 'batch_size', 'gradient_accumulation_steps', 'learning_rate', 'a_lstm_hidden_size', 'v_lstm_hidden_size', 'a_lstm_layers', 'v_lstm_layers', 'a_lstm_dropout', 'v_lstm_dropout', 'warm_up_epochs', 'gamma', 'update_epochs', 'early_stop', 'max_epochs', 'H']
2026-06-07 18:00:44:INFO:CLI override: batch_size = 24 (config default: 24)
2026-06-07 18:00:44:INFO:CLI override: gradient_accumulation_steps = 2 (config default: 1)
2026-06-07 18:00:44:INFO:Start running hmmem...
2026-06-07 18:00:44:INFO:<Storage{'is_tune': False, 'train_mode': 'classification', 'modelName': 'hmmem', 'model_type': 'chatglm3', 'datasetName': 'meld', 'root_dataset_dir': '/root/autodl-tmp/datasets/', 'data_dir': None, 'num_workers': 4, 'model_save_dir': '/root/autodl-tmp/results/models', 'res_save_dir': '/root/autodl-tmp/results/results', 'pretrain_LM': '/root/autodl-tmp/models/chatglm3-6b-base', 'gpu_ids': [], 'seeds': [1234], 'use_tgm': False, 'use_origin_amm': False, 'use_amm': True, 'amm_mode': 'hierarchical', 'num_emotion_prototypes': 4, 'use_atgfbff': False, 'use_atgfbff_loss': True, 'use_shared_offset': False, 'use_shared_offset_loss': True, 'shared_offset_mode': 'gate', 'alpha_align': 0.6, 'beta_fiber': 0.1, 'beta_offset': 0.1, 'num_latents': 4, 'use_mslaf': False, 'use_tcap': False, 'use_amm_align_loss': True, 'alpha_amm': 0.6, 'beta_moe': 0.2, 'bypass_scale_init': 0.3, 'use_msf': False, 'use_moe_fusion': False, 'use_sd_moe': True, 'use_gate': False, 'use_moe_lb_loss': False, 'num_local_experts': 3, 'expert_bottleneck': 64, 'use_qformer': False, 'qformer_num_queries': 8, 'qformer_layers': 4, 'qformer_heads': 8, 'qformer_d_model': 256, 'use_cross_attn_expander': False, 'use_diff_loss': False, 'use_expert_diff_loss': False, 'diff_loss_weight': 0.01, 'use_nce_loss': False, 'nce_hidden_dim': 32, 'nce_pred_steps': 2, 'nce_weight': 0.05, 'adapter_dim': 128, 'audio_adapter_dim': None, 'video_adapter_dim': None, 'iemocap_feature_mode': 'raw', 'meld_feature_mode': 'raw', 'mosei_feature_mode': 'legacy', 'a_lstm_hidden_size': 32, 'v_lstm_hidden_size': 16, 'use_lora': False, 'lora_r': 16, 'lora_alpha': 32, 'lora_dropout': 0.05, 'lora_target_modules': 'query_key_value', 'lora_warmup_epochs': 0, 'lora_lr': 2e-05, 'use_int8': False, 'modalities': 'tav', 'use_bilstm': False, 'modality_dropout_p': 0.0, 'use_oversampling': False, 'oversampling_alpha': 0.5, 'label_format': 'index', 'use_cls_head': False, 'use_context': True, 'text_seq_len': 128, 'prompt_context': False, 'context_max_tokens': 64, 'context_window': 12, 'use_speaker_tag': True, 'raw_av_mode': 'none', 'av_pseudo_tokens': 4, 'prompt_style': 'default', 'batch_size': 24, 'learning_rate': 0.0003, 'max_epochs': 50, 'warm_up_epochs': 25, 'early_stop': 8, 'gradient_accumulation_steps': 2, 'resume_checkpoint': None, 'ckpt_save_interval': 5, 'eval_only': False, 'eval_model_path': None, 'timestamp': '20260607_180044', 'dataPath': '/root/autodl-tmp/datasets/MELD/meld_data_0610.pkl', 'seq_lens': (128, 64, 64), 'feature_dims': (0, 1280, 1408), 'train_samples': 9988, 'num_classes': 7, 'language': 'en', 'KeyEval': 'weight_F1', 'need_data_aligned': False, 'need_model_aligned': False, 'need_label_prefix': True, 'need_normalized': False, 'use_PLM': True, 'save_labels': False, 'task_specific_prompt': 'Please recognize emotion of the above multimodal content from the target set <neutral:0, surprise:1, fear:2, sad:3, joy:4, disgust:5, anger:6>. response: The emotion is', 'max_new_tokens': 1, 'pseudo_tokens': 4, 'label_index_mapping': {'neutral': 0, 'surprise': 1, 'fear': 2, 'sadness': 3, 'joy': 4, 'disgust': 5, 'anger': 6}, 'text_label_aliases': {'sadness': 'sad'}, 'a_lstm_layers': 1, 'v_lstm_layers': 1, 'a_lstm_dropout': 0.0, 'v_lstm_dropout': 0.0, 'gamma': 1, 'update_epochs': 1, 'H': 3.0, 'seed': 1234}>
2026-06-07 18:00:44:INFO:Find gpu: 0, with memory: 509607936 left!
2026-06-07 18:00:44:INFO:Let's use the GPU 1 !
2026-06-07 18:00:44:INFO:MELD loading NEW format: /root/autodl-tmp/datasets/MELD/meld_data_0610.pkl
2026-06-07 18:00:54:INFO:MELD text loaded from /root/autodl-tmp/datasets/MELD/meld_text/meld_data_train.csv: 9989 entries
2026-06-07 18:00:55:INFO:MELD train split loaded 9989/9989 samples (drop: missing_meta=0, mapping_missing=0, missing_modal=0)
2026-06-07 18:01:05:INFO:MELD loading NEW format: /root/autodl-tmp/datasets/MELD/meld_data_0610.pkl
2026-06-07 18:01:07:INFO:MELD text loaded from /root/autodl-tmp/datasets/MELD/meld_text/meld_data_valid.csv: 1109 entries
2026-06-07 18:01:07:INFO:MELD valid split loaded 1109/1109 samples (drop: missing_meta=0, mapping_missing=0, missing_modal=0)
2026-06-07 18:01:08:INFO:MELD loading NEW format: /root/autodl-tmp/datasets/MELD/meld_data_0610.pkl
2026-06-07 18:01:10:INFO:MELD text loaded from /root/autodl-tmp/datasets/MELD/meld_text/meld_data_test.csv: 2610 entries
2026-06-07 18:01:10:INFO:MELD test split loaded 2610/2610 samples (drop: missing_meta=0, mapping_missing=0, missing_modal=0)
2026-06-07 18:01:42:INFO:torch.compile enabled for: audio_LSTM, video_LSTM, mixer, audio_adapter, video_adapter, shared_proj, global_moe, local_moe, moe_msf
2026-06-07 18:01:42:INFO:trainable params: 4398094 || all params: 6247982094 || trainable%: 0.07039223118490583
2026-06-07 18:01:42:INFO:Single-LR optimizer: 98 tensors, lr=0.0003
2026-06-07 18:01:42:INFO:Init labels...
2026-06-07 18:01:42:INFO:Start training...
2026-06-07 18:01:42:INFO:  Batch size = 24
2026-06-07 18:01:42:INFO:  Gradient Accumulation steps = 2
2026-06-07 18:01:42:INFO:  Effective batch size = 48
2026-06-07 18:01:42:INFO:  AMP dtype = torch.bfloat16
2026-06-07 18:13:00:INFO:TRAIN-(hmmem) (1/1/1)>> loss: 1.7908
2026-06-07 18:13:56:INFO:VAL-(hmmem) >>
2026-06-07 18:13:56:INFO:M: >>  acc: 0.5780  UA: 0.3943  weight_F1: 0.5401  Macro_F1: 0.4163 
2026-06-07 18:14:03:INFO:Saving best model at epoch 1 to /root/autodl-tmp/results/models/hmmem-chatglm3-meld-classification-20260607_180044.pth.
2026-06-07 18:25:11:INFO:TRAIN-(hmmem) (1/2/1)>> loss: 0.5567
2026-06-07 18:26:02:INFO:VAL-(hmmem) >>
2026-06-07 18:26:02:INFO:M: >>  acc: 0.6357  UA: 0.4285  weight_F1: 0.5986  Macro_F1: 0.4612 
2026-06-07 18:26:07:INFO:Saving best model at epoch 2 to /root/autodl-tmp/results/models/hmmem-chatglm3-meld-classification-20260607_180044.pth.
2026-06-07 18:37:15:INFO:TRAIN-(hmmem) (1/3/1)>> loss: 0.5179
2026-06-07 18:38:05:INFO:VAL-(hmmem) >>
2026-06-07 18:38:05:INFO:M: >>  acc: 0.6501  UA: 0.5064  weight_F1: 0.6370  Macro_F1: 0.5271 
2026-06-07 18:38:11:INFO:Saving best model at epoch 3 to /root/autodl-tmp/results/models/hmmem-chatglm3-meld-classification-20260607_180044.pth.
2026-06-07 18:49:19:INFO:TRAIN-(hmmem) (1/4/1)>> loss: 0.5012
2026-06-07 18:50:09:INFO:VAL-(hmmem) >>
2026-06-07 18:50:09:INFO:M: >>  acc: 0.6384  UA: 0.5047  weight_F1: 0.6299  Macro_F1: 0.5254 
2026-06-07 19:01:14:INFO:TRAIN-(hmmem) (2/5/1)>> loss: 0.4890
2026-06-07 19:02:04:INFO:VAL-(hmmem) >>
2026-06-07 19:02:04:INFO:M: >>  acc: 0.6583  UA: 0.4621  weight_F1: 0.6337  Macro_F1: 0.4944 
2026-06-07 19:02:12:INFO:Checkpoint saved at epoch 5 -> /root/autodl-tmp/results/models/checkpoints/hmmem-chatglm3-meld-classification-20260607_180044-epoch5.ckpt
2026-06-07 19:13:17:INFO:TRAIN-(hmmem) (3/6/1)>> loss: 0.4804
2026-06-07 19:14:07:INFO:VAL-(hmmem) >>
2026-06-07 19:14:07:INFO:M: >>  acc: 0.6610  UA: 0.4980  weight_F1: 0.6448  Macro_F1: 0.5316 
2026-06-07 19:14:13:INFO:Saving best model at epoch 6 to /root/autodl-tmp/results/models/hmmem-chatglm3-meld-classification-20260607_180044.pth.
2026-06-07 19:25:20:INFO:TRAIN-(hmmem) (1/7/1)>> loss: 0.4745
2026-06-07 19:26:11:INFO:VAL-(hmmem) >>
2026-06-07 19:26:11:INFO:M: >>  acc: 0.6429  UA: 0.5111  weight_F1: 0.6357  Macro_F1: 0.5261 
2026-06-07 19:37:16:INFO:TRAIN-(hmmem) (2/8/1)>> loss: 0.4656
2026-06-07 19:38:07:INFO:VAL-(hmmem) >>
2026-06-07 19:38:07:INFO:M: >>  acc: 0.6673  UA: 0.5370  weight_F1: 0.6604  Macro_F1: 0.5530 
2026-06-07 19:38:13:INFO:Saving best model at epoch 8 to /root/autodl-tmp/results/models/hmmem-chatglm3-meld-classification-20260607_180044.pth.
2026-06-07 19:49:20:INFO:TRAIN-(hmmem) (1/9/1)>> loss: 0.4620
2026-06-07 19:50:11:INFO:VAL-(hmmem) >>
2026-06-07 19:50:11:INFO:M: >>  acc: 0.6664  UA: 0.5284  weight_F1: 0.6536  Macro_F1: 0.5464 
2026-06-07 20:01:16:INFO:TRAIN-(hmmem) (2/10/1)>> loss: 0.4581
2026-06-07 20:02:07:INFO:VAL-(hmmem) >>
2026-06-07 20:02:07:INFO:M: >>  acc: 0.6528  UA: 0.5267  weight_F1: 0.6452  Macro_F1: 0.5403 
2026-06-07 20:02:14:INFO:Checkpoint saved at epoch 10 -> /root/autodl-tmp/results/models/checkpoints/hmmem-chatglm3-meld-classification-20260607_180044-epoch10.ckpt
2026-06-07 20:13:20:INFO:TRAIN-(hmmem) (3/11/1)>> loss: 0.4524
2026-06-07 20:14:11:INFO:VAL-(hmmem) >>
2026-06-07 20:14:11:INFO:M: >>  acc: 0.6501  UA: 0.5276  weight_F1: 0.6444  Macro_F1: 0.5419 
2026-06-07 20:25:16:INFO:TRAIN-(hmmem) (4/12/1)>> loss: 0.4484
2026-06-07 20:26:07:INFO:VAL-(hmmem) >>
2026-06-07 20:26:07:INFO:M: >>  acc: 0.6718  UA: 0.5309  weight_F1: 0.6627  Macro_F1: 0.5470 
2026-06-07 20:26:12:INFO:Saving best model at epoch 12 to /root/autodl-tmp/results/models/hmmem-chatglm3-meld-classification-20260607_180044.pth.
2026-06-07 20:37:20:INFO:TRAIN-(hmmem) (1/13/1)>> loss: 0.4445
2026-06-07 20:38:11:INFO:VAL-(hmmem) >>
2026-06-07 20:38:11:INFO:M: >>  acc: 0.6583  UA: 0.5417  weight_F1: 0.6545  Macro_F1: 0.5593 
2026-06-07 20:49:16:INFO:TRAIN-(hmmem) (2/14/1)>> loss: 0.4412
2026-06-07 20:50:06:INFO:VAL-(hmmem) >>
2026-06-07 20:50:06:INFO:M: >>  acc: 0.6537  UA: 0.5116  weight_F1: 0.6450  Macro_F1: 0.5269 
2026-06-07 21:01:12:INFO:TRAIN-(hmmem) (3/15/1)>> loss: 0.4369
2026-06-07 21:02:03:INFO:VAL-(hmmem) >>
2026-06-07 21:02:03:INFO:M: >>  acc: 0.6610  UA: 0.5272  weight_F1: 0.6543  Macro_F1: 0.5368 
2026-06-07 21:02:12:INFO:Checkpoint saved at epoch 15 -> /root/autodl-tmp/results/models/checkpoints/hmmem-chatglm3-meld-classification-20260607_180044-epoch15.ckpt
2026-06-07 21:13:19:INFO:TRAIN-(hmmem) (4/16/1)>> loss: 0.4338
2026-06-07 21:14:09:INFO:VAL-(hmmem) >>
2026-06-07 21:14:09:INFO:M: >>  acc: 0.6646  UA: 0.5447  weight_F1: 0.6603  Macro_F1: 0.5603 
2026-06-07 21:25:15:INFO:TRAIN-(hmmem) (5/17/1)>> loss: 0.4284
2026-06-07 21:26:06:INFO:VAL-(hmmem) >>
2026-06-07 21:26:06:INFO:M: >>  acc: 0.6583  UA: 0.5342  weight_F1: 0.6514  Macro_F1: 0.5496 
2026-06-07 21:37:13:INFO:TRAIN-(hmmem) (6/18/1)>> loss: 0.4249
2026-06-07 21:38:03:INFO:VAL-(hmmem) >>
2026-06-07 21:38:03:INFO:M: >>  acc: 0.6583  UA: 0.5315  weight_F1: 0.6523  Macro_F1: 0.5448 
2026-06-07 21:49:09:INFO:TRAIN-(hmmem) (7/19/1)>> loss: 0.4204
2026-06-07 21:50:00:INFO:VAL-(hmmem) >>
2026-06-07 21:50:00:INFO:M: >>  acc: 0.6546  UA: 0.5183  weight_F1: 0.6463  Macro_F1: 0.5322 
2026-06-07 22:01:06:INFO:TRAIN-(hmmem) (8/20/1)>> loss: 0.4167
2026-06-07 22:01:57:INFO:VAL-(hmmem) >>
2026-06-07 22:01:57:INFO:M: >>  acc: 0.6564  UA: 0.5288  weight_F1: 0.6477  Macro_F1: 0.5434 
2026-06-07 22:02:04:INFO:Checkpoint saved at epoch 20 -> /root/autodl-tmp/results/models/checkpoints/hmmem-chatglm3-meld-classification-20260607_180044-epoch20.ckpt
2026-06-07 22:02:05:INFO:Removed old checkpoint: /root/autodl-tmp/results/models/checkpoints/hmmem-chatglm3-meld-classification-20260607_180044-epoch5.ckpt
2026-06-07 22:04:05:INFO:TEST-(hmmem) >>
2026-06-07 22:04:05:INFO:M: >>  acc: 0.6751  UA: 0.4963  weight_F1: 0.6667  Macro_F1: 0.5030 
2026-06-07 22:04:05:INFO:============================================================
2026-06-07 22:04:05:INFO:         Detailed Classification Analysis
2026-06-07 22:04:05:INFO:============================================================
2026-06-07 22:04:05:INFO:         Class     Prec   Recall       F1   Support
2026-06-07 22:04:05:INFO:------------------------------------------------------------
2026-06-07 22:04:05:INFO:       neutral   0.7855   0.8280   0.8062      1256
2026-06-07 22:04:05:INFO:      surprise   0.5066   0.6833   0.5818       281
2026-06-07 22:04:05:INFO:          fear   0.2750   0.2200   0.2444        50
2026-06-07 22:04:05:INFO:       sadness   0.5462   0.3125   0.3976       208
2026-06-07 22:04:05:INFO:           joy   0.6327   0.6642   0.6481       402
2026-06-07 22:04:05:INFO:       disgust   0.3167   0.2794   0.2969        68
2026-06-07 22:04:05:INFO:         anger   0.6222   0.4870   0.5463       345
2026-06-07 22:04:05:INFO:------------------------------------------------------------
2026-06-07 22:04:05:INFO:  WA  (Weighted Accuracy) : 0.6751
2026-06-07 22:04:05:INFO:  UA  (Unweighted Accuracy): 0.4963
2026-06-07 22:04:05:INFO:  WF1 (Weighted F1)       : 0.6667
2026-06-07 22:04:05:INFO:  Macro-F1                : 0.5030
2026-06-07 22:04:05:INFO:============================================================
2026-06-07 22:04:07:INFO:Confusion matrix saved → /root/autodl-tmp/results/results/analysis/hmmem-chatglm3-meld-20260607_180044/hmmem-chatglm3-meld-TEST-confusion_matrix.png (+.svg)
2026-06-07 22:04:07:INFO:t-SNE features saved → /root/autodl-tmp/results/results/analysis/hmmem-chatglm3-meld-20260607_180044/hmmem-chatglm3-meld-TEST-tsne_features.npz
2026-06-07 22:04:20:INFO:Emotion t-SNE saved → /root/autodl-tmp/results/results/analysis/hmmem-chatglm3-meld-20260607_180044/hmmem-chatglm3-meld-TEST-tsne_emotion_true.png (+.svg, +pred)
2026-06-07 22:05:27:INFO:Modality t-SNE saved → /root/autodl-tmp/results/results/analysis/hmmem-chatglm3-meld-20260607_180044/hmmem-chatglm3-meld-TEST-tsne_modality.png (+.svg)
2026-06-07 22:05:31:INFO:Results are added to /root/autodl-tmp/results/results/hmmem-chatglm3-meld-classification.csv...

# Acc SOTA
2026-06-04 22:54:32:INFO:========= 准备训练数据集: meld (classification) =========
2026-06-04 22:54:32:INFO:[ConfigResolver] model_type=chatglm3, dataset=meld, task=classification, profile_keys=['pretrain_LM', 'lora_target_modules', 'task_specific_prompt', 'max_new_tokens', 'pseudo_tokens', 'label_index_mapping', 'text_label_aliases', 'batch_size', 'gradient_accumulation_steps', 'learning_rate', 'a_lstm_hidden_size', 'v_lstm_hidden_size', 'a_lstm_layers', 'v_lstm_layers', 'a_lstm_dropout', 'v_lstm_dropout', 'warm_up_epochs', 'gamma', 'update_epochs', 'early_stop', 'max_epochs', 'H']
2026-06-04 22:54:32:INFO:CLI override: batch_size = 24 (config default: 24)
2026-06-04 22:54:32:INFO:CLI override: gradient_accumulation_steps = 2 (config default: 1)
2026-06-04 22:54:32:INFO:Start running hmmem...
2026-06-04 22:54:32:INFO:<Storage{'is_tune': False, 'train_mode': 'classification', 'modelName': 'hmmem', 'model_type': 'chatglm3', 'datasetName': 'meld', 'root_dataset_dir': '/root/autodl-tmp/datasets/', 'data_dir': None, 'num_workers': 4, 'model_save_dir': '/root/autodl-tmp/results/models', 'res_save_dir': '/root/autodl-tmp/results/results', 'pretrain_LM': '/root/autodl-tmp/models/chatglm3-6b-base', 'gpu_ids': [], 'seeds': [1234], 'use_tgm': False, 'use_origin_amm': False, 'use_amm': True, 'amm_mode': 'hierarchical', 'num_emotion_prototypes': 4, 'use_atgfbff': False, 'use_atgfbff_loss': True, 'use_shared_offset': False, 'use_shared_offset_loss': True, 'shared_offset_mode': 'gate', 'alpha_align': 0.6, 'beta_fiber': 0.1, 'beta_offset': 0.1, 'num_latents': 4, 'use_mslaf': False, 'use_tcap': False, 'use_amm_align_loss': True, 'alpha_amm': 0.6, 'beta_moe': 0.2, 'bypass_scale_init': 0.3, 'use_msf': False, 'use_moe_fusion': False, 'use_sd_moe': True, 'use_gate': False, 'use_moe_lb_loss': False, 'num_local_experts': 3, 'expert_bottleneck': 64, 'use_qformer': False, 'qformer_num_queries': 8, 'qformer_layers': 4, 'qformer_heads': 8, 'qformer_d_model': 256, 'use_cross_attn_expander': False, 'use_diff_loss': False, 'use_expert_diff_loss': False, 'diff_loss_weight': 0.01, 'use_nce_loss': False, 'nce_hidden_dim': 32, 'nce_pred_steps': 2, 'nce_weight': 0.05, 'adapter_dim': 128, 'audio_adapter_dim': None, 'video_adapter_dim': None, 'iemocap_feature_mode': 'raw', 'meld_feature_mode': 'raw', 'mosei_feature_mode': 'legacy', 'a_lstm_hidden_size': 32, 'v_lstm_hidden_size': 16, 'use_lora': False, 'lora_r': 16, 'lora_alpha': 32, 'lora_dropout': 0.05, 'lora_target_modules': 'query_key_value', 'lora_warmup_epochs': 0, 'lora_lr': 2e-05, 'use_int8': False, 'modalities': 'tav', 'use_bilstm': False, 'modality_dropout_p': 0.0, 'use_oversampling': False, 'oversampling_alpha': 0.5, 'label_format': 'text', 'use_cls_head': False, 'use_context': True, 'text_seq_len': 128, 'prompt_context': False, 'context_max_tokens': 64, 'context_window': 12, 'use_speaker_tag': True, 'raw_av_mode': 'none', 'av_pseudo_tokens': 4, 'prompt_style': 'default', 'batch_size': 24, 'learning_rate': 0.0003, 'max_epochs': 50, 'warm_up_epochs': 25, 'early_stop': 8, 'gradient_accumulation_steps': 2, 'resume_checkpoint': None, 'ckpt_save_interval': 5, 'eval_only': False, 'eval_model_path': None, 'timestamp': '20260604_225432', 'dataPath': '/root/autodl-tmp/datasets/MELD/meld_data_0610.pkl', 'seq_lens': (128, 64, 64), 'feature_dims': (0, 1280, 1408), 'train_samples': 9988, 'num_classes': 7, 'language': 'en', 'KeyEval': 'weight_F1', 'need_data_aligned': False, 'need_model_aligned': False, 'need_label_prefix': True, 'need_normalized': False, 'use_PLM': True, 'save_labels': False, 'task_specific_prompt': 'Please recognize emotion of the above multimodal content from the target set <neutral:0, surprise:1, fear:2, sad:3, joy:4, disgust:5, anger:6>. response: The emotion is', 'max_new_tokens': 1, 'pseudo_tokens': 4, 'label_index_mapping': {'neutral': 0, 'surprise': 1, 'fear': 2, 'sadness': 3, 'joy': 4, 'disgust': 5, 'anger': 6}, 'text_label_aliases': {'sadness': 'sad'}, 'a_lstm_layers': 1, 'v_lstm_layers': 1, 'a_lstm_dropout': 0.0, 'v_lstm_dropout': 0.0, 'gamma': 1, 'update_epochs': 1, 'H': 3.0, 'seed': 1234}>
2026-06-04 22:54:32:INFO:Find gpu: 0, with memory: 509607936 left!
2026-06-04 22:54:32:INFO:Let's use the GPU 1 !
2026-06-04 22:54:32:INFO:MELD loading NEW format: /root/autodl-tmp/datasets/MELD/meld_data_0610.pkl
2026-06-04 22:54:40:INFO:MELD text loaded from /root/autodl-tmp/datasets/MELD/meld_text/meld_data_train.csv: 9989 entries
2026-06-04 22:54:40:INFO:MELD train split loaded 9989/9989 samples (drop: missing_meta=0, mapping_missing=0, missing_modal=0)
2026-06-04 22:54:49:INFO:MELD loading NEW format: /root/autodl-tmp/datasets/MELD/meld_data_0610.pkl
2026-06-04 22:54:52:INFO:MELD text loaded from /root/autodl-tmp/datasets/MELD/meld_text/meld_data_valid.csv: 1109 entries
2026-06-04 22:54:52:INFO:MELD valid split loaded 1109/1109 samples (drop: missing_meta=0, mapping_missing=0, missing_modal=0)
2026-06-04 22:54:53:INFO:MELD loading NEW format: /root/autodl-tmp/datasets/MELD/meld_data_0610.pkl
2026-06-04 22:54:54:INFO:MELD text loaded from /root/autodl-tmp/datasets/MELD/meld_text/meld_data_test.csv: 2610 entries
2026-06-04 22:54:55:INFO:MELD test split loaded 2610/2610 samples (drop: missing_meta=0, mapping_missing=0, missing_modal=0)
2026-06-04 22:55:13:INFO:torch.compile enabled for: audio_LSTM, video_LSTM, mixer, audio_adapter, video_adapter, shared_proj, global_moe, local_moe, moe_msf
2026-06-04 22:55:13:INFO:trainable params: 4398094 || all params: 6247982094 || trainable%: 0.07039223118490583
2026-06-04 22:55:13:INFO:Single-LR optimizer: 98 tensors, lr=0.0003
2026-06-04 22:55:13:INFO:Init labels...
2026-06-04 22:55:13:INFO:Start training...
2026-06-04 22:55:13:INFO:  Batch size = 24
2026-06-04 22:55:13:INFO:  Gradient Accumulation steps = 2
2026-06-04 22:55:13:INFO:  Effective batch size = 48
2026-06-04 22:55:13:INFO:  AMP dtype = torch.bfloat16
2026-06-04 23:05:54:INFO:TRAIN-(hmmem) (1/1/1)>> loss: 6.0757
2026-06-04 23:06:50:INFO:VAL-(hmmem) >>
2026-06-04 23:06:50:INFO:M: >>  acc: 0.5050  UA: 0.2646  weight_F1: 0.4211  Macro_F1: 0.2895 
2026-06-04 23:06:57:INFO:Saving best model at epoch 1 to /root/autodl-tmp/results/models/hmmem-chatglm3-meld-classification-20260604_225432.pth.
2026-06-04 23:17:27:INFO:TRAIN-(hmmem) (1/2/1)>> loss: 2.9926
2026-06-04 23:18:15:INFO:VAL-(hmmem) >>
2026-06-04 23:18:15:INFO:M: >>  acc: 0.5852  UA: 0.3710  weight_F1: 0.5398  Macro_F1: 0.4189 
2026-06-04 23:18:21:INFO:Saving best model at epoch 2 to /root/autodl-tmp/results/models/hmmem-chatglm3-meld-classification-20260604_225432.pth.
2026-06-04 23:28:51:INFO:TRAIN-(hmmem) (1/3/1)>> loss: 2.8853
2026-06-04 23:29:39:INFO:VAL-(hmmem) >>
2026-06-04 23:29:39:INFO:M: >>  acc: 0.5987  UA: 0.3878  weight_F1: 0.5575  Macro_F1: 0.4363 
2026-06-04 23:29:44:INFO:Saving best model at epoch 3 to /root/autodl-tmp/results/models/hmmem-chatglm3-meld-classification-20260604_225432.pth.
2026-06-04 23:40:15:INFO:TRAIN-(hmmem) (1/4/1)>> loss: 2.9318
2026-06-04 23:41:03:INFO:VAL-(hmmem) >>
2026-06-04 23:41:03:INFO:M: >>  acc: 0.5951  UA: 0.4580  weight_F1: 0.5902  Macro_F1: 0.4593 
2026-06-04 23:41:08:INFO:Saving best model at epoch 4 to /root/autodl-tmp/results/models/hmmem-chatglm3-meld-classification-20260604_225432.pth.
2026-06-04 23:51:38:INFO:TRAIN-(hmmem) (1/5/1)>> loss: 2.7284
2026-06-04 23:52:26:INFO:VAL-(hmmem) >>
2026-06-04 23:52:26:INFO:M: >>  acc: 0.6078  UA: 0.4028  weight_F1: 0.5767  Macro_F1: 0.4324 
2026-06-04 23:52:34:INFO:Checkpoint saved at epoch 5 -> /root/autodl-tmp/results/models/checkpoints/hmmem-chatglm3-meld-classification-20260604_225432-epoch5.ckpt
2026-06-05 00:03:02:INFO:TRAIN-(hmmem) (2/6/1)>> loss: 2.6076
2026-06-05 00:03:50:INFO:VAL-(hmmem) >>
2026-06-05 00:03:50:INFO:M: >>  acc: 0.6177  UA: 0.4185  weight_F1: 0.5857  Macro_F1: 0.4614 
2026-06-05 00:14:19:INFO:TRAIN-(hmmem) (3/7/1)>> loss: 2.6840
2026-06-05 00:15:07:INFO:VAL-(hmmem) >>
2026-06-05 00:15:07:INFO:M: >>  acc: 0.6321  UA: 0.4237  weight_F1: 0.5994  Macro_F1: 0.4513 
2026-06-05 00:15:12:INFO:Saving best model at epoch 7 to /root/autodl-tmp/results/models/hmmem-chatglm3-meld-classification-20260604_225432.pth.
2026-06-05 00:25:43:INFO:TRAIN-(hmmem) (1/8/1)>> loss: 2.5904
2026-06-05 00:26:31:INFO:VAL-(hmmem) >>
2026-06-05 00:26:31:INFO:M: >>  acc: 0.6285  UA: 0.4174  weight_F1: 0.5968  Macro_F1: 0.4480 
2026-06-05 00:36:59:INFO:TRAIN-(hmmem) (2/9/1)>> loss: 2.7068
2026-06-05 00:37:47:INFO:VAL-(hmmem) >>
2026-06-05 00:37:47:INFO:M: >>  acc: 0.6375  UA: 0.4501  weight_F1: 0.6116  Macro_F1: 0.4833 
2026-06-05 00:37:53:INFO:Saving best model at epoch 9 to /root/autodl-tmp/results/models/hmmem-chatglm3-meld-classification-20260604_225432.pth.
2026-06-05 00:48:23:INFO:TRAIN-(hmmem) (1/10/1)>> loss: 2.7145
2026-06-05 00:49:11:INFO:VAL-(hmmem) >>
2026-06-05 00:49:11:INFO:M: >>  acc: 0.6240  UA: 0.4189  weight_F1: 0.5848  Macro_F1: 0.4622 
2026-06-05 00:49:19:INFO:Checkpoint saved at epoch 10 -> /root/autodl-tmp/results/models/checkpoints/hmmem-chatglm3-meld-classification-20260604_225432-epoch10.ckpt
2026-06-05 00:59:47:INFO:TRAIN-(hmmem) (2/11/1)>> loss: 2.5663
2026-06-05 01:00:35:INFO:VAL-(hmmem) >>
2026-06-05 01:00:35:INFO:M: >>  acc: 0.6402  UA: 0.4315  weight_F1: 0.6094  Macro_F1: 0.4563 
2026-06-05 01:11:03:INFO:TRAIN-(hmmem) (3/12/1)>> loss: 2.5970
2026-06-05 01:11:51:INFO:VAL-(hmmem) >>
2026-06-05 01:11:51:INFO:M: >>  acc: 0.6501  UA: 0.4411  weight_F1: 0.6233  Macro_F1: 0.4782 
2026-06-05 01:11:57:INFO:Saving best model at epoch 12 to /root/autodl-tmp/results/models/hmmem-chatglm3-meld-classification-20260604_225432.pth.
2026-06-05 01:22:28:INFO:TRAIN-(hmmem) (1/13/1)>> loss: 2.5843
2026-06-05 01:23:17:INFO:VAL-(hmmem) >>
2026-06-05 01:23:17:INFO:M: >>  acc: 0.6501  UA: 0.4516  weight_F1: 0.6262  Macro_F1: 0.4879 
2026-06-05 01:23:22:INFO:Saving best model at epoch 13 to /root/autodl-tmp/results/models/hmmem-chatglm3-meld-classification-20260604_225432.pth.
2026-06-05 01:33:54:INFO:TRAIN-(hmmem) (1/14/1)>> loss: 2.5648
2026-06-05 01:34:42:INFO:VAL-(hmmem) >>
2026-06-05 01:34:42:INFO:M: >>  acc: 0.6402  UA: 0.4330  weight_F1: 0.6102  Macro_F1: 0.4650 
2026-06-05 01:45:11:INFO:TRAIN-(hmmem) (2/15/1)>> loss: 2.6101
2026-06-05 01:45:59:INFO:VAL-(hmmem) >>
2026-06-05 01:45:59:INFO:M: >>  acc: 0.6528  UA: 0.4615  weight_F1: 0.6294  Macro_F1: 0.4923 
2026-06-05 01:46:04:INFO:Saving best model at epoch 15 to /root/autodl-tmp/results/models/hmmem-chatglm3-meld-classification-20260604_225432.pth.
2026-06-05 01:46:13:INFO:Checkpoint saved at epoch 15 -> /root/autodl-tmp/results/models/checkpoints/hmmem-chatglm3-meld-classification-20260604_225432-epoch15.ckpt
2026-06-05 01:56:42:INFO:TRAIN-(hmmem) (1/16/1)>> loss: 2.5177
2026-06-05 01:57:30:INFO:VAL-(hmmem) >>
2026-06-05 01:57:30:INFO:M: >>  acc: 0.6456  UA: 0.4530  weight_F1: 0.6188  Macro_F1: 0.4963 
2026-06-05 02:07:58:INFO:TRAIN-(hmmem) (2/17/1)>> loss: 2.4527
2026-06-05 02:08:46:INFO:VAL-(hmmem) >>
2026-06-05 02:08:46:INFO:M: >>  acc: 0.6537  UA: 0.4517  weight_F1: 0.6276  Macro_F1: 0.4800 
2026-06-05 02:19:14:INFO:TRAIN-(hmmem) (3/18/1)>> loss: 2.6284
2026-06-05 02:20:02:INFO:VAL-(hmmem) >>
2026-06-05 02:20:02:INFO:M: >>  acc: 0.6610  UA: 0.4757  weight_F1: 0.6382  Macro_F1: 0.5054 
2026-06-05 02:20:08:INFO:Saving best model at epoch 18 to /root/autodl-tmp/results/models/hmmem-chatglm3-meld-classification-20260604_225432.pth.
2026-06-05 02:30:37:INFO:TRAIN-(hmmem) (1/19/1)>> loss: 2.5918
2026-06-05 02:31:25:INFO:VAL-(hmmem) >>
2026-06-05 02:31:25:INFO:M: >>  acc: 0.6610  UA: 0.4679  weight_F1: 0.6363  Macro_F1: 0.4937 
2026-06-05 02:41:53:INFO:TRAIN-(hmmem) (2/20/1)>> loss: 2.5767
2026-06-05 02:42:41:INFO:VAL-(hmmem) >>
2026-06-05 02:42:41:INFO:M: >>  acc: 0.6601  UA: 0.4722  weight_F1: 0.6351  Macro_F1: 0.5079 
2026-06-05 02:42:48:INFO:Checkpoint saved at epoch 20 -> /root/autodl-tmp/results/models/checkpoints/hmmem-chatglm3-meld-classification-20260604_225432-epoch20.ckpt
2026-06-05 02:42:49:INFO:Removed old checkpoint: /root/autodl-tmp/results/models/checkpoints/hmmem-chatglm3-meld-classification-20260604_225432-epoch5.ckpt
2026-06-05 02:53:16:INFO:TRAIN-(hmmem) (3/21/1)>> loss: 2.4980
2026-06-05 02:54:04:INFO:VAL-(hmmem) >>
2026-06-05 02:54:04:INFO:M: >>  acc: 0.6646  UA: 0.4816  weight_F1: 0.6434  Macro_F1: 0.5149 
2026-06-05 02:54:09:INFO:Saving best model at epoch 21 to /root/autodl-tmp/results/models/hmmem-chatglm3-meld-classification-20260604_225432.pth.
2026-06-05 03:04:39:INFO:TRAIN-(hmmem) (1/22/1)>> loss: 2.5449
2026-06-05 03:05:27:INFO:VAL-(hmmem) >>
2026-06-05 03:05:27:INFO:M: >>  acc: 0.6528  UA: 0.4610  weight_F1: 0.6275  Macro_F1: 0.4952 
2026-06-05 03:15:56:INFO:TRAIN-(hmmem) (2/23/1)>> loss: 2.5327
2026-06-05 03:16:43:INFO:VAL-(hmmem) >>
2026-06-05 03:16:43:INFO:M: >>  acc: 0.6610  UA: 0.4790  weight_F1: 0.6378  Macro_F1: 0.5097 
2026-06-05 03:27:11:INFO:TRAIN-(hmmem) (3/24/1)>> loss: 2.5822
2026-06-05 03:27:59:INFO:VAL-(hmmem) >>
2026-06-05 03:27:59:INFO:M: >>  acc: 0.6655  UA: 0.4861  weight_F1: 0.6440  Macro_F1: 0.5216 
2026-06-05 03:28:05:INFO:Saving best model at epoch 24 to /root/autodl-tmp/results/models/hmmem-chatglm3-meld-classification-20260604_225432.pth.
2026-06-05 10:47:56:INFO:========= 准备训练数据集: meld (classification) =========
2026-06-05 10:47:56:INFO:[ConfigResolver] model_type=chatglm3, dataset=meld, task=classification, profile_keys=['pretrain_LM', 'lora_target_modules', 'task_specific_prompt', 'max_new_tokens', 'pseudo_tokens', 'label_index_mapping', 'text_label_aliases', 'batch_size', 'gradient_accumulation_steps', 'learning_rate', 'a_lstm_hidden_size', 'v_lstm_hidden_size', 'a_lstm_layers', 'v_lstm_layers', 'a_lstm_dropout', 'v_lstm_dropout', 'warm_up_epochs', 'gamma', 'update_epochs', 'early_stop', 'max_epochs', 'H']
2026-06-05 10:47:56:INFO:CLI override: batch_size = 24 (config default: 24)
2026-06-05 10:47:56:INFO:CLI override: gradient_accumulation_steps = 2 (config default: 1)
2026-06-05 10:47:56:INFO:Start running hmmem...
2026-06-05 10:47:56:INFO:<Storage{'is_tune': False, 'train_mode': 'classification', 'modelName': 'hmmem', 'model_type': 'chatglm3', 'datasetName': 'meld', 'root_dataset_dir': '/root/autodl-tmp/datasets/', 'data_dir': None, 'num_workers': 4, 'model_save_dir': '/root/autodl-tmp/results/models', 'res_save_dir': '/root/autodl-tmp/results/results', 'pretrain_LM': '/root/autodl-tmp/models/chatglm3-6b-base', 'gpu_ids': [], 'seeds': [1234], 'use_tgm': False, 'use_origin_amm': False, 'use_amm': True, 'amm_mode': 'hierarchical', 'num_emotion_prototypes': 4, 'use_atgfbff': False, 'use_atgfbff_loss': True, 'use_shared_offset': False, 'use_shared_offset_loss': True, 'shared_offset_mode': 'gate', 'alpha_align': 0.6, 'beta_fiber': 0.1, 'beta_offset': 0.1, 'num_latents': 4, 'use_mslaf': False, 'use_tcap': False, 'use_amm_align_loss': True, 'alpha_amm': 0.6, 'beta_moe': 0.2, 'bypass_scale_init': 0.3, 'use_msf': False, 'use_moe_fusion': False, 'use_sd_moe': True, 'use_gate': False, 'use_moe_lb_loss': False, 'num_local_experts': 3, 'expert_bottleneck': 64, 'use_qformer': False, 'qformer_num_queries': 8, 'qformer_layers': 4, 'qformer_heads': 8, 'qformer_d_model': 256, 'use_cross_attn_expander': False, 'use_diff_loss': False, 'use_expert_diff_loss': False, 'diff_loss_weight': 0.01, 'use_nce_loss': False, 'nce_hidden_dim': 32, 'nce_pred_steps': 2, 'nce_weight': 0.05, 'adapter_dim': 128, 'audio_adapter_dim': None, 'video_adapter_dim': None, 'iemocap_feature_mode': 'raw', 'meld_feature_mode': 'raw', 'mosei_feature_mode': 'legacy', 'a_lstm_hidden_size': 32, 'v_lstm_hidden_size': 16, 'use_lora': False, 'lora_r': 16, 'lora_alpha': 32, 'lora_dropout': 0.05, 'lora_target_modules': 'query_key_value', 'lora_warmup_epochs': 0, 'lora_lr': 2e-05, 'use_int8': False, 'modalities': 'tav', 'use_bilstm': False, 'modality_dropout_p': 0.0, 'use_oversampling': False, 'oversampling_alpha': 0.5, 'label_format': 'text', 'use_cls_head': False, 'use_context': True, 'text_seq_len': 128, 'prompt_context': False, 'context_max_tokens': 64, 'context_window': 12, 'use_speaker_tag': True, 'raw_av_mode': 'none', 'av_pseudo_tokens': 4, 'prompt_style': 'default', 'batch_size': 24, 'learning_rate': 0.0003, 'max_epochs': 50, 'warm_up_epochs': 25, 'early_stop': 8, 'gradient_accumulation_steps': 2, 'resume_checkpoint': None, 'ckpt_save_interval': 5, 'eval_only': True, 'eval_model_path': '/root/autodl-tmp/results/models/hmmem-chatglm3-meld-classification-20260604_225432.pth', 'timestamp': '20260605_104756', 'dataPath': '/root/autodl-tmp/datasets/MELD/meld_data_0610.pkl', 'seq_lens': (128, 64, 64), 'feature_dims': (0, 1280, 1408), 'train_samples': 9988, 'num_classes': 7, 'language': 'en', 'KeyEval': 'weight_F1', 'need_data_aligned': False, 'need_model_aligned': False, 'need_label_prefix': True, 'need_normalized': False, 'use_PLM': True, 'save_labels': False, 'task_specific_prompt': 'Please recognize emotion of the above multimodal content from the target set <neutral:0, surprise:1, fear:2, sad:3, joy:4, disgust:5, anger:6>. response: The emotion is', 'max_new_tokens': 1, 'pseudo_tokens': 4, 'label_index_mapping': {'neutral': 0, 'surprise': 1, 'fear': 2, 'sadness': 3, 'joy': 4, 'disgust': 5, 'anger': 6}, 'text_label_aliases': {'sadness': 'sad'}, 'a_lstm_layers': 1, 'v_lstm_layers': 1, 'a_lstm_dropout': 0.0, 'v_lstm_dropout': 0.0, 'gamma': 1, 'update_epochs': 1, 'H': 3.0, 'seed': 1234}>
2026-06-05 10:47:56:INFO:Find gpu: 0, with memory: 509607936 left!
2026-06-05 10:47:56:INFO:Let's use the GPU 1 !
2026-06-05 10:47:56:INFO:MELD loading NEW format: /root/autodl-tmp/datasets/MELD/meld_data_0610.pkl
2026-06-05 10:48:01:INFO:MELD text loaded from /root/autodl-tmp/datasets/MELD/meld_text/meld_data_train.csv: 9989 entries
2026-06-05 10:48:01:INFO:MELD train split loaded 9989/9989 samples (drop: missing_meta=0, mapping_missing=0, missing_modal=0)
2026-06-05 10:48:11:INFO:MELD loading NEW format: /root/autodl-tmp/datasets/MELD/meld_data_0610.pkl
2026-06-05 10:48:13:INFO:MELD text loaded from /root/autodl-tmp/datasets/MELD/meld_text/meld_data_valid.csv: 1109 entries
2026-06-05 10:48:13:INFO:MELD valid split loaded 1109/1109 samples (drop: missing_meta=0, mapping_missing=0, missing_modal=0)
2026-06-05 10:48:14:INFO:MELD loading NEW format: /root/autodl-tmp/datasets/MELD/meld_data_0610.pkl
2026-06-05 10:48:16:INFO:MELD text loaded from /root/autodl-tmp/datasets/MELD/meld_text/meld_data_test.csv: 2610 entries
2026-06-05 10:48:16:INFO:MELD test split loaded 2610/2610 samples (drop: missing_meta=0, mapping_missing=0, missing_modal=0)
2026-06-05 10:48:36:INFO:torch.compile enabled for: audio_LSTM, video_LSTM, mixer, audio_adapter, video_adapter, shared_proj, global_moe, local_moe, moe_msf
2026-06-05 10:48:36:INFO:trainable params: 4398094 || all params: 6247982094 || trainable%: 0.07039223118490583
2026-06-05 10:48:36:INFO:[Eval-Only] Loading model from: /root/autodl-tmp/results/models/hmmem-chatglm3-meld-classification-20260604_225432.pth
2026-06-05 10:48:36:INFO:[Eval-Only] Running evaluation on VALID set...
2026-06-05 10:49:33:INFO:VALID-(hmmem) >>
2026-06-05 10:49:33:INFO:M: >>  acc: 0.6655  UA: 0.4861  weight_F1: 0.6440  Macro_F1: 0.5216 
2026-06-05 10:49:33:INFO:============================================================
2026-06-05 10:49:33:INFO:         Detailed Classification Analysis
2026-06-05 10:49:33:INFO:============================================================
2026-06-05 10:49:33:INFO:         Class     Prec   Recall       F1   Support
2026-06-05 10:49:33:INFO:------------------------------------------------------------
2026-06-05 10:49:33:INFO:       neutral   0.7002   0.8894   0.7835       470
2026-06-05 10:49:33:INFO:      surprise   0.6149   0.6600   0.6367       150
2026-06-05 10:49:33:INFO:          fear   0.7000   0.1750   0.2800        40
2026-06-05 10:49:33:INFO:       sadness   0.6604   0.3153   0.4268       111
2026-06-05 10:49:33:INFO:           joy   0.6623   0.6135   0.6369       163
2026-06-05 10:49:33:INFO:       disgust   0.5455   0.2727   0.3636        22
2026-06-05 10:49:33:INFO:         anger   0.5794   0.4771   0.5233       153
2026-06-05 10:49:33:INFO:------------------------------------------------------------
2026-06-05 10:49:33:INFO:  WA  (Weighted Accuracy) : 0.6655
2026-06-05 10:49:33:INFO:  UA  (Unweighted Accuracy): 0.4861
2026-06-05 10:49:33:INFO:  WF1 (Weighted F1)       : 0.6440
2026-06-05 10:49:33:INFO:  Macro-F1                : 0.5216
2026-06-05 10:49:33:INFO:============================================================
2026-06-05 10:49:34:INFO:Confusion matrix saved → /root/autodl-tmp/results/results/analysis/hmmem-chatglm3-meld-20260605_104756/hmmem-chatglm3-meld-VALID-confusion_matrix.png (+.svg)
2026-06-05 10:49:34:INFO:t-SNE features saved → /root/autodl-tmp/results/results/analysis/hmmem-chatglm3-meld-20260605_104756/hmmem-chatglm3-meld-VALID-tsne_features.npz
2026-06-05 10:49:43:INFO:Emotion t-SNE saved → /root/autodl-tmp/results/results/analysis/hmmem-chatglm3-meld-20260605_104756/hmmem-chatglm3-meld-VALID-tsne_emotion_true.png (+.svg, +pred)
2026-06-05 10:50:06:INFO:Modality t-SNE saved → /root/autodl-tmp/results/results/analysis/hmmem-chatglm3-meld-20260605_104756/hmmem-chatglm3-meld-VALID-tsne_modality.png (+.svg)
2026-06-05 10:50:06:INFO:[Eval-Only] Running evaluation on TEST set...
2026-06-05 10:51:58:INFO:TEST-(hmmem) >>
2026-06-05 10:51:58:INFO:M: >>  acc: 0.6751  UA: 0.4589  weight_F1: 0.6570  Macro_F1: 0.4874 
2026-06-05 10:51:58:INFO:============================================================
2026-06-05 10:51:58:INFO:         Detailed Classification Analysis
2026-06-05 10:51:58:INFO:============================================================
2026-06-05 10:51:58:INFO:         Class     Prec   Recall       F1   Support
2026-06-05 10:51:58:INFO:------------------------------------------------------------
2026-06-05 10:51:58:INFO:       neutral   0.7362   0.8734   0.7990      1256
2026-06-05 10:51:58:INFO:      surprise   0.5552   0.5730   0.5639       281
2026-06-05 10:51:58:INFO:          fear   0.3077   0.1600   0.2105        50
2026-06-05 10:51:58:INFO:       sadness   0.5926   0.3077   0.4051       208
2026-06-05 10:51:58:INFO:           joy   0.6444   0.6493   0.6468       402
2026-06-05 10:51:58:INFO:       disgust   0.4333   0.1912   0.2653        68
2026-06-05 10:51:58:INFO:         anger   0.6054   0.4580   0.5215       345
2026-06-05 10:51:58:INFO:------------------------------------------------------------
2026-06-05 10:51:58:INFO:  WA  (Weighted Accuracy) : 0.6751
2026-06-05 10:51:58:INFO:  UA  (Unweighted Accuracy): 0.4589
2026-06-05 10:51:58:INFO:  WF1 (Weighted F1)       : 0.6570
2026-06-05 10:51:58:INFO:  Macro-F1                : 0.4874
2026-06-05 10:51:58:INFO:============================================================
2026-06-05 10:51:59:INFO:Confusion matrix saved → /root/autodl-tmp/results/results/analysis/hmmem-chatglm3-meld-20260605_104756/hmmem-chatglm3-meld-TEST-confusion_matrix.png (+.svg)
2026-06-05 10:51:59:INFO:t-SNE features saved → /root/autodl-tmp/results/results/analysis/hmmem-chatglm3-meld-20260605_104756/hmmem-chatglm3-meld-TEST-tsne_features.npz
2026-06-05 10:52:13:INFO:Emotion t-SNE saved → /root/autodl-tmp/results/results/analysis/hmmem-chatglm3-meld-20260605_104756/hmmem-chatglm3-meld-TEST-tsne_emotion_true.png (+.svg, +pred)
2026-06-05 10:53:22:INFO:Modality t-SNE saved → /root/autodl-tmp/results/results/analysis/hmmem-chatglm3-meld-20260605_104756/hmmem-chatglm3-meld-TEST-tsne_modality.png (+.svg)
2026-06-05 10:53:24:INFO:Results are added to /root/autodl-tmp/results/results/hmmem-chatglm3-meld-classification.csv...